<html>
<body>
<pre>
<h1>礦ision Build Log</h1>
<h2>Tool Versions:</h2>
IDE-Version: μVision V5.33.0.0
Copyright (C) 2020 ARM Ltd and ARM Germany GmbH. All rights reserved.
License Information: 1 Francolin, 1, LIC=BUURY-I1M1U-PC6J8-3M79A-WKZDF-EUBI3
 
Tool Versions:
Toolchain:       MDK-ARM Plus  Version: 5.33.0.0
Toolchain Path:  D:\Software\Keil\ARM\ARMCLANG\Bin
C Compiler:      ArmClang.exe V6.15
Assembler:       Armasm.exe V6.15
Linker/Locator:  ArmLink.exe V6.15
Library Manager: ArmAr.exe V6.15
Hex Converter:   FromElf.exe V6.15
CPU DLL:         SARMCM3.DLL V5.33.0.0
Dialog DLL:      DCM.DLL V1.17.3.0
Target DLL:      CMSIS_AGDI.dll V1.32.12.0
Dialog DLL:      TCM.DLL V1.48.0.0
 
<h2>Project:</h2>
E:\STMProjects\wind_pendulum\MDK-ARM\Wind_pendulum.uvprojx
Project File Date:  04/13/2021

<h2>Output:</h2>
*** Using Compiler 'V6.15', folder: 'D:\Software\Keil\ARM\ARMCLANG\Bin'
Build target 'Wind_pendulum'
compiling stm32h7xx_hal_msp.c...
compiling usart.c...
compiling pid.c...
compiling motor.c...
compiling gpio.c...
compiling app_tle5012b.c...
compiling stm32h7xx_it.c...
compiling spi.c...
../FireWater/fw.c(45): warning: expression does not compute the number of elements in this array; element type is 'float', not 'char' [-Wsizeof-array-div]
        memset(buf,0,sizeof(buf)/sizeof(char));
                            ~~~ ^
../FireWater/fw.c(44): note: array 'buf' declared here
        float buf[4];
              ^
../FireWater/fw.c(45): note: place parentheses around the 'sizeof(char)' expression to silence this warning
        memset(buf,0,sizeof(buf)/sizeof(char));
                                ^
../FireWater/fw.c(46): warning: expression does not compute the number of elements in this array; element type is 'float', not 'char' [-Wsizeof-array-div]
        memcpy(buf,args,sizeof(buf)/sizeof(char));
                               ~~~ ^
../FireWater/fw.c(44): note: array 'buf' declared here
        float buf[4];
              ^
../FireWater/fw.c(46): note: place parentheses around the 'sizeof(char)' expression to silence this warning
        memcpy(buf,args,sizeof(buf)/sizeof(char));
                                   ^
../FireWater/fw.c(61): warning: expression does not compute the number of elements in this array; element type is 'float', not 'char' [-Wsizeof-array-div]
        memset(buf,0,sizeof(buf)/sizeof(char));
                            ~~~ ^
../FireWater/fw.c(60): note: array 'buf' declared here
        float buf[4];
              ^
../FireWater/fw.c(61): note: place parentheses around the 'sizeof(char)' expression to silence this warning
        memset(buf,0,sizeof(buf)/sizeof(char));
                                ^
../FireWater/fw.c(62): warning: expression does not compute the number of elements in this array; element type is 'float', not 'char' [-Wsizeof-array-div]
        memcpy(buf,args,sizeof(buf)/sizeof(char));
                               ~~~ ^
../FireWater/fw.c(60): note: array 'buf' declared here
        float buf[4];
              ^
../FireWater/fw.c(62): note: place parentheses around the 'sizeof(char)' expression to silence this warning
        memcpy(buf,args,sizeof(buf)/sizeof(char));
                                   ^
../FireWater/fw.c(75): warning: expression does not compute the number of elements in this array; element type is 'float', not 'char' [-Wsizeof-array-div]
        memset(buf,0,sizeof(buf)/sizeof(char));
                            ~~~ ^
../FireWater/fw.c(74): note: array 'buf' declared here
        float buf[4];
              ^
../FireWater/fw.c(75): note: place parentheses around the 'sizeof(char)' expression to silence this warning
        memset(buf,0,sizeof(buf)/sizeof(char));
                                ^
../FireWater/fw.c(76): warning: expression does not compute the number of elements in this array; element type is 'float', not 'char' [-Wsizeof-array-div]
        memcpy(buf,args,sizeof(buf)/sizeof(char));
                               ~~~ ^
../FireWater/fw.c(74): note: array 'buf' declared here
        float buf[4];
              ^
../FireWater/fw.c(76): note: place parentheses around the 'sizeof(char)' expression to silence this warning
        memcpy(buf,args,sizeof(buf)/sizeof(char));
                                   ^
../FireWater/fw.c(103): warning: expression does not compute the number of elements in this array; element type is 'float', not 'char' [-Wsizeof-array-div]
        memset(buf,0,sizeof(buf)/sizeof(char));
                            ~~~ ^
../FireWater/fw.c(102): note: array 'buf' declared here
        float buf[4];
              ^
../FireWater/fw.c(103): note: place parentheses around the 'sizeof(char)' expression to silence this warning
        memset(buf,0,sizeof(buf)/sizeof(char));
                                ^
../FireWater/fw.c(104): warning: expression does not compute the number of elements in this array; element type is 'float', not 'char' [-Wsizeof-array-div]
        memcpy(buf,args,sizeof(buf)/sizeof(char));
                               ~~~ ^
../FireWater/fw.c(102): note: array 'buf' declared here
        float buf[4];
              ^
../FireWater/fw.c(104): note: place parentheses around the 'sizeof(char)' expression to silence this warning
        memcpy(buf,args,sizeof(buf)/sizeof(char));
                                   ^
../FireWater/fw.c(115): warning: expression does not compute the number of elements in this array; element type is 'float', not 'char' [-Wsizeof-array-div]
        memset(buf,0,sizeof(buf)/sizeof(char));
                            ~~~ ^
../FireWater/fw.c(114): note: array 'buf' declared here
        float buf[4];
              ^
../FireWater/fw.c(115): note: place parentheses around the 'sizeof(char)' expression to silence this warning
        memset(buf,0,sizeof(buf)/sizeof(char));
                                ^
../FireWater/fw.c(116): warning: expression does not compute the number of elements in this array; element type is 'float', not 'char' [-Wsizeof-array-div]
        memcpy(buf,args,sizeof(buf)/sizeof(char));
                               ~~~ ^
../FireWater/fw.c(114): note: array 'buf' declared here
        float buf[4];
              ^
../FireWater/fw.c(116): note: place parentheses around the 'sizeof(char)' expression to silence this warning
        memcpy(buf,args,sizeof(buf)/sizeof(char));
                                   ^
../FireWater/fw.c(123): warning: expression does not compute the number of elements in this array; element type is 'float', not 'char' [-Wsizeof-array-div]
        memset(buf,0,sizeof(buf)/sizeof(char));
                            ~~~ ^
../FireWater/fw.c(122): note: array 'buf' declared here
        float buf[4];
              ^
../FireWater/fw.c(123): note: place parentheses around the 'sizeof(char)' expression to silence this warning
        memset(buf,0,sizeof(buf)/sizeof(char));
                                ^
../FireWater/fw.c(124): warning: expression does not compute the number of elements in this array; element type is 'float', not 'char' [-Wsizeof-array-div]
        memcpy(buf,args,sizeof(buf)/sizeof(char));
                               ~~~ ^
../FireWater/fw.c(122): note: array 'buf' declared here
        float buf[4];
              ^
../FireWater/fw.c(124): note: place parentheses around the 'sizeof(char)' expression to silence this warning
        memcpy(buf,args,sizeof(buf)/sizeof(char));
                                   ^
../FireWater/fw.c(130): warning: expression does not compute the number of elements in this array; element type is 'float', not 'char' [-Wsizeof-array-div]
        memset(buf,0,sizeof(buf)/sizeof(char));
                            ~~~ ^
../FireWater/fw.c(129): note: array 'buf' declared here
        float buf[4];
              ^
../FireWater/fw.c(130): note: place parentheses around the 'sizeof(char)' expression to silence this warning
        memset(buf,0,sizeof(buf)/sizeof(char));
                                ^
../FireWater/fw.c(131): warning: expression does not compute the number of elements in this array; element type is 'float', not 'char' [-Wsizeof-array-div]
        memcpy(buf,args,sizeof(buf)/sizeof(char));
                               ~~~ ^
../FireWater/fw.c(129): note: array 'buf' declared here
        float buf[4];
              ^
../FireWater/fw.c(131): note: place parentheses around the 'sizeof(char)' expression to silence this warning
        memcpy(buf,args,sizeof(buf)/sizeof(char));
                                   ^
14 warnings generated.
compiling fw.c...
compiling tim.c...
compiling main.c...
compiling js.c...
linking...
Program Size: Code=34020 RO-data=1716 RW-data=40144 ZI-data=2840  
FromELF: creating hex file...
"Wind_pendulum\Wind_pendulum.axf" - 0 Error(s), 14 Warning(s).

<h2>Software Packages used:</h2>

Package Vendor: ARM
                http://www.keil.com/pack/ARM.CMSIS.5.7.0.pack
                ARM.CMSIS.5.7.0
                CMSIS (Cortex Microcontroller Software Interface Standard)
   * Component: CORE Version: 5.4.0

Package Vendor: Freedom
                
                Freedom.VofaPlus.1.0.0
                Vofa+ 串口调试助手通信协议驱动包
   * Component: VOFA Version: 1.0.0

Package Vendor: Keil
                http://www.keil.com/pack/Keil.STM32H7xx_DFP.2.7.0.pack
                Keil.STM32H7xx_DFP.2.7.0
                STMicroelectronics STM32H7 Series Device Support and Examples

<h2>Collection of Component include folders:</h2>
  .\RTE\_Wind_pendulum
  D:\Software\Keil\Packs\ARM\CMSIS\5.7.0\CMSIS\Core\Include
  D:\Software\Keil\Packs\Freedom\VofaPlus\1.0.0\Vofa+\VOFA+
  D:\Software\Keil\Packs\Keil\STM32H7xx_DFP\2.7.0\Drivers\CMSIS\Device\ST\STM32H7xx\Include

<h2>Collection of Component Files used:</h2>

   * Component: ARM::CMSIS:CORE:5.4.0
      Include file:  CMSIS\Core\Include\tz_context.h

   * Component: Freedom::CMSIS Driver:VOFA:1.0.0
      Include file:  Vofa+\VOFA+\Vofa.h
      Source file:   Vofa+\VOFA+\Vofa.c
Build Time Elapsed:  00:00:01
</pre>
</body>
</html>
