Component: ARM Compiler 6.15 Tool: armlink [5dd79300]

==============================================================================

Section Cross References

    startup_stm32h750xx.o(STACK) refers (Special) to heapauxi.o(.text) for __use_two_region_memory
    startup_stm32h750xx.o(HEAP) refers (Special) to heapauxi.o(.text) for __use_two_region_memory
    startup_stm32h750xx.o(RESET) refers (Special) to heapauxi.o(.text) for __use_two_region_memory
    startup_stm32h750xx.o(RESET) refers to startup_stm32h750xx.o(STACK) for __initial_sp
    startup_stm32h750xx.o(RESET) refers to startup_stm32h750xx.o(.text) for Reset_Handler
    startup_stm32h750xx.o(RESET) refers to stm32h7xx_it.o(.text.NMI_Handler) for NMI_Handler
    startup_stm32h750xx.o(RESET) refers to stm32h7xx_it.o(.text.HardFault_Handler) for HardFault_Handler
    startup_stm32h750xx.o(RESET) refers to stm32h7xx_it.o(.text.MemManage_Handler) for MemManage_Handler
    startup_stm32h750xx.o(RESET) refers to stm32h7xx_it.o(.text.BusFault_Handler) for BusFault_Handler
    startup_stm32h750xx.o(RESET) refers to stm32h7xx_it.o(.text.UsageFault_Handler) for UsageFault_Handler
    startup_stm32h750xx.o(RESET) refers to stm32h7xx_it.o(.text.SVC_Handler) for SVC_Handler
    startup_stm32h750xx.o(RESET) refers to stm32h7xx_it.o(.text.DebugMon_Handler) for DebugMon_Handler
    startup_stm32h750xx.o(RESET) refers to stm32h7xx_it.o(.text.PendSV_Handler) for PendSV_Handler
    startup_stm32h750xx.o(RESET) refers to stm32h7xx_it.o(.text.SysTick_Handler) for SysTick_Handler
    startup_stm32h750xx.o(RESET) refers to stm32h7xx_it.o(.text.TIM3_IRQHandler) for TIM3_IRQHandler
    startup_stm32h750xx.o(RESET) refers to stm32h7xx_it.o(.text.USART1_IRQHandler) for USART1_IRQHandler
    startup_stm32h750xx.o(.text) refers (Special) to heapauxi.o(.text) for __use_two_region_memory
    startup_stm32h750xx.o(.text) refers to system_stm32h7xx.o(.text.SystemInit) for SystemInit
    startup_stm32h750xx.o(.text) refers to __main.o(!!!main) for __main
    startup_stm32h750xx.o(.text) refers to startup_stm32h750xx.o(HEAP) for Heap_Mem
    startup_stm32h750xx.o(.text) refers to startup_stm32h750xx.o(STACK) for Stack_Mem
    app_tle5012b.o(.text.SPIx_ReadWriteByte) refers to app_tle5012b.o(.text.OUTLINED_FUNCTION_1) for OUTLINED_FUNCTION_1
    app_tle5012b.o(.text.SPIx_ReadWriteByte) refers to app_tle5012b.o(.text.OUTLINED_FUNCTION_0) for OUTLINED_FUNCTION_0
    app_tle5012b.o(.text.SPIx_ReadWriteByte) refers to spi.o(.bss.hspi1) for hspi1
    app_tle5012b.o(.ARM.exidx.text.SPIx_ReadWriteByte) refers to app_tle5012b.o(.text.SPIx_ReadWriteByte) for [Anonymous Symbol]
    app_tle5012b.o(.text.ReadAngle) refers to app_tle5012b.o(.text.ReadValue) for ReadValue
    app_tle5012b.o(.ARM.exidx.text.ReadAngle) refers to app_tle5012b.o(.text.ReadAngle) for [Anonymous Symbol]
    app_tle5012b.o(.text.ReadValue) refers to stm32h7xx_hal_gpio.o(.text.HAL_GPIO_WritePin) for HAL_GPIO_WritePin
    app_tle5012b.o(.text.ReadValue) refers to app_tle5012b.o(.text.OUTLINED_FUNCTION_2) for OUTLINED_FUNCTION_2
    app_tle5012b.o(.text.ReadValue) refers to app_tle5012b.o(.text.OUTLINED_FUNCTION_3) for OUTLINED_FUNCTION_3
    app_tle5012b.o(.text.ReadValue) refers to spi.o(.bss.hspi1) for hspi1
    app_tle5012b.o(.ARM.exidx.text.ReadValue) refers to app_tle5012b.o(.text.ReadValue) for [Anonymous Symbol]
    app_tle5012b.o(.text.ReadSpeed) refers to app_tle5012b.o(.text.ReadValue) for ReadValue
    app_tle5012b.o(.ARM.exidx.text.ReadSpeed) refers to app_tle5012b.o(.text.ReadSpeed) for [Anonymous Symbol]
    app_tle5012b.o(.text.SPIx_ReadWriteByte_Y) refers to app_tle5012b.o(.text.OUTLINED_FUNCTION_1) for OUTLINED_FUNCTION_1
    app_tle5012b.o(.text.SPIx_ReadWriteByte_Y) refers to app_tle5012b.o(.text.OUTLINED_FUNCTION_0) for OUTLINED_FUNCTION_0
    app_tle5012b.o(.text.SPIx_ReadWriteByte_Y) refers to spi.o(.bss.hspi2) for hspi2
    app_tle5012b.o(.ARM.exidx.text.SPIx_ReadWriteByte_Y) refers to app_tle5012b.o(.text.SPIx_ReadWriteByte_Y) for [Anonymous Symbol]
    app_tle5012b.o(.text.ReadAngle_Y) refers to app_tle5012b.o(.text.ReadValue_Y) for ReadValue_Y
    app_tle5012b.o(.ARM.exidx.text.ReadAngle_Y) refers to app_tle5012b.o(.text.ReadAngle_Y) for [Anonymous Symbol]
    app_tle5012b.o(.text.ReadValue_Y) refers to stm32h7xx_hal_gpio.o(.text.HAL_GPIO_WritePin) for HAL_GPIO_WritePin
    app_tle5012b.o(.text.ReadValue_Y) refers to app_tle5012b.o(.text.OUTLINED_FUNCTION_2) for OUTLINED_FUNCTION_2
    app_tle5012b.o(.text.ReadValue_Y) refers to app_tle5012b.o(.text.OUTLINED_FUNCTION_3) for OUTLINED_FUNCTION_3
    app_tle5012b.o(.text.ReadValue_Y) refers to spi.o(.bss.hspi2) for hspi2
    app_tle5012b.o(.ARM.exidx.text.ReadValue_Y) refers to app_tle5012b.o(.text.ReadValue_Y) for [Anonymous Symbol]
    app_tle5012b.o(.text.ReadSpeed_Y) refers to app_tle5012b.o(.text.ReadValue_Y) for ReadValue_Y
[...]
    _chval                                   0x0800259b   Thumb Code    28  _chval.o(.text)
    _sys_exit                                0x080025b9   Thumb Code     8  sys_exit.o(.text)
    __I$use$semihosting                      0x080025c5   Thumb Code     0  use_no_semi.o(.text)
    __use_no_semihosting_swi                 0x080025c5   Thumb Code     2  use_no_semi.o(.text)
    AntiWindup                               0x080025c7   Thumb Code    38  pid.o(.text.AntiWindup)
    __semihosting_library_function           0x080025c7   Thumb Code     0  indicate_semi.o(.text)
    BusFault_Handler                         0x080025ed   Thumb Code     2  stm32h7xx_it.o(.text.BusFault_Handler)
    Cap                                      0x080025f1   Thumb Code    76  pid.o(.text.Cap)
    DebugMon_Handler                         0x0800263d   Thumb Code     2  stm32h7xx_it.o(.text.DebugMon_Handler)
    Error_Handler                            0x08002641   Thumb Code    36  main.o(.text.Error_Handler)
    Execute                                  0x08002665   Thumb Code   144  pid.o(.text.Execute)
    HAL_DMA_Abort                            0x080026f5   Thumb Code   748  stm32h7xx_hal_dma.o(.text.HAL_DMA_Abort)
    HAL_DMA_Abort_IT                         0x080029e1   Thumb Code   468  stm32h7xx_hal_dma.o(.text.HAL_DMA_Abort_IT)
    HAL_GPIO_Init                            0x08002bb5   Thumb Code   380  stm32h7xx_hal_gpio.o(.text.HAL_GPIO_Init)
    HAL_GPIO_TogglePin                       0x08002d31   Thumb Code    16  stm32h7xx_hal_gpio.o(.text.HAL_GPIO_TogglePin)
    HAL_GPIO_WritePin                        0x08002d41   Thumb Code    10  stm32h7xx_hal_gpio.o(.text.HAL_GPIO_WritePin)
    HAL_GetREVID                             0x08002d4d   Thumb Code    12  stm32h7xx_hal.o(.text.HAL_GetREVID)
    HAL_GetTick                              0x08002d59   Thumb Code     8  stm32h7xx_hal.o(.text.HAL_GetTick)
    HAL_IncTick                              0x08002d61   Thumb Code    20  stm32h7xx_hal.o(.text.HAL_IncTick)
    HAL_Init                                 0x08002d75   Thumb Code    80  stm32h7xx_hal.o(.text.HAL_Init)
    HAL_InitTick                             0x08002dc5   Thumb Code    72  stm32h7xx_hal.o(.text.HAL_InitTick)
    HAL_MspInit                              0x08002e0d   Thumb Code    36  stm32h7xx_hal_msp.o(.text.HAL_MspInit)
    HAL_NVIC_EnableIRQ                       0x08002e31   Thumb Code    28  stm32h7xx_hal_cortex.o(.text.HAL_NVIC_EnableIRQ)
    HAL_NVIC_SetPriority                     0x08002e4d   Thumb Code    56  stm32h7xx_hal_cortex.o(.text.HAL_NVIC_SetPriority)
    HAL_NVIC_SetPriorityGrouping             0x08002e85   Thumb Code    32  stm32h7xx_hal_cortex.o(.text.HAL_NVIC_SetPriorityGrouping)
    HAL_PWREx_ConfigSupply                   0x08002ea5   Thumb Code    68  stm32h7xx_hal_pwr_ex.o(.text.HAL_PWREx_ConfigSupply)
    HAL_RCCEx_GetD3PCLK1Freq                 0x08002ee9   Thumb Code    24  stm32h7xx_hal_rcc_ex.o(.text.HAL_RCCEx_GetD3PCLK1Freq)
    HAL_RCCEx_GetPLL2ClockFreq               0x08002f01   Thumb Code   140  stm32h7xx_hal_rcc_ex.o(.text.HAL_RCCEx_GetPLL2ClockFreq)
    HAL_RCCEx_GetPLL3ClockFreq               0x08002f8d   Thumb Code   140  stm32h7xx_hal_rcc_ex.o(.text.HAL_RCCEx_GetPLL3ClockFreq)
    HAL_RCCEx_PeriphCLKConfig                0x08003019   Thumb Code  1880  stm32h7xx_hal_rcc_ex.o(.text.HAL_RCCEx_PeriphCLKConfig)
    HAL_RCC_ClockConfig                      0x08003771   Thumb Code   528  stm32h7xx_hal_rcc.o(.text.HAL_RCC_ClockConfig)
    HAL_RCC_GetHCLKFreq                      0x08003981   Thumb Code    60  stm32h7xx_hal_rcc.o(.text.HAL_RCC_GetHCLKFreq)
    HAL_RCC_GetPCLK1Freq                     0x080039bd   Thumb Code    20  stm32h7xx_hal_rcc.o(.text.HAL_RCC_GetPCLK1Freq)
    HAL_RCC_GetPCLK2Freq                     0x080039d1   Thumb Code    28  stm32h7xx_hal_rcc.o(.text.HAL_RCC_GetPCLK2Freq)
    HAL_RCC_GetSysClockFreq                  0x080039ed   Thumb Code   244  stm32h7xx_hal_rcc.o(.text.HAL_RCC_GetSysClockFreq)
    HAL_RCC_OscConfig                        0x08003ae1   Thumb Code  1120  stm32h7xx_hal_rcc.o(.text.HAL_RCC_OscConfig)
    HAL_SPI_Init                             0x08003f41   Thumb Code   292  stm32h7xx_hal_spi.o(.text.HAL_SPI_Init)
    HAL_SPI_MspInit                          0x08004065   Thumb Code   280  spi.o(.text.HAL_SPI_MspInit)
    HAL_SPI_Receive                          0x0800417d   Thumb Code   430  stm32h7xx_hal_spi.o(.text.HAL_SPI_Receive)
    HAL_SPI_Transmit                         0x0800432b   Thumb Code   404  stm32h7xx_hal_spi.o(.text.HAL_SPI_Transmit)
    HAL_SPI_TransmitReceive                  0x080044bf   Thumb Code   666  stm32h7xx_hal_spi.o(.text.HAL_SPI_TransmitReceive)
    HAL_SYSTICK_Config                       0x08004759   Thumb Code    40  stm32h7xx_hal_cortex.o(.text.HAL_SYSTICK_Config)
    HAL_TIMEx_Break2Callback                 0x08004781   Thumb Code     2  stm32h7xx_hal_tim_ex.o(.text.HAL_TIMEx_Break2Callback)
    HAL_TIMEx_BreakCallback                  0x08004783   Thumb Code     2  stm32h7xx_hal_tim_ex.o(.text.HAL_TIMEx_BreakCallback)
    HAL_TIMEx_CommutCallback                 0x08004785   Thumb Code     2  stm32h7xx_hal_tim_ex.o(.text.HAL_TIMEx_CommutCallback)
    HAL_TIMEx_MasterConfigSynchronization    0x08004789   Thumb Code   124  stm32h7xx_hal_tim_ex.o(.text.HAL_TIMEx_MasterConfigSynchronization)
    HAL_TIM_Base_Init                        0x08004805   Thumb Code    30  stm32h7xx_hal_tim.o(.text.HAL_TIM_Base_Init)
    HAL_TIM_Base_MspInit                     0x08004825   Thumb Code    56  tim.o(.text.HAL_TIM_Base_MspInit)
    HAL_TIM_Base_Start_IT                    0x0800485d   Thumb Code   124  stm32h7xx_hal_tim.o(.text.HAL_TIM_Base_Start_IT)
    HAL_TIM_ConfigClockSource                0x080048d9   Thumb Code   220  stm32h7xx_hal_tim.o(.text.HAL_TIM_ConfigClockSource)
    HAL_TIM_IC_CaptureCallback               0x080049b5   Thumb Code     2  stm32h7xx_hal_tim.o(.text.HAL_TIM_IC_CaptureCallback)
    HAL_TIM_IRQHandler                       0x080049b7   Thumb Code   336  stm32h7xx_hal_tim.o(.text.HAL_TIM_IRQHandler)
    HAL_TIM_MspPostInit                      0x08004b09   Thumb Code    80  tim.o(.text.HAL_TIM_MspPostInit)
    HAL_TIM_OC_DelayElapsedCallback          0x08004b59   Thumb Code     2  stm32h7xx_hal_tim.o(.text.HAL_TIM_OC_DelayElapsedCallback)
    HAL_TIM_PWM_ConfigChannel                0x08004b5d   Thumb Code   172  stm32h7xx_hal_tim.o(.text.HAL_TIM_PWM_ConfigChannel)
    HAL_TIM_PWM_Init                         0x08004c09   Thumb Code    30  stm32h7xx_hal_tim.o(.text.HAL_TIM_PWM_Init)
    HAL_TIM_PWM_MspInit                      0x08004c29   Thumb Code    40  tim.o(.text.HAL_TIM_PWM_MspInit)
    HAL_TIM_PWM_PulseFinishedCallback        0x08004c51   Thumb Code     2  stm32h7xx_hal_tim.o(.text.HAL_TIM_PWM_PulseFinishedCallback)
    HAL_TIM_PWM_Start                        0x08004c55   Thumb Code   252  stm32h7xx_hal_tim.o(.text.HAL_TIM_PWM_Start)
    HAL_TIM_PeriodElapsedCallback            0x08004d51   Thumb Code   600  tim.o(.text.HAL_TIM_PeriodElapsedCallback)
    HAL_TIM_TriggerCallback                  0x08004fa9   Thumb Code     2  stm32h7xx_hal_tim.o(.text.HAL_TIM_TriggerCallback)
    HAL_UARTEx_DisableFifoMode               0x08004fab   Thumb Code    54  stm32h7xx_hal_uart_ex.o(.text.HAL_UARTEx_DisableFifoMode)
    HAL_UARTEx_RxEventCallback               0x08004fe1   Thumb Code     2  stm32h7xx_hal_uart.o(.text.HAL_UARTEx_RxEventCallback)
    HAL_UARTEx_RxFifoFullCallback            0x08004fe3   Thumb Code     2  stm32h7xx_hal_uart_ex.o(.text.HAL_UARTEx_RxFifoFullCallback)
    HAL_UARTEx_SetRxFifoThreshold            0x08004fe5   Thumb Code    28  stm32h7xx_hal_uart_ex.o(.text.HAL_UARTEx_SetRxFifoThreshold)
    HAL_UARTEx_SetTxFifoThreshold            0x08005001   Thumb Code    28  stm32h7xx_hal_uart_ex.o(.text.HAL_UARTEx_SetTxFifoThreshold)
    HAL_UARTEx_TxFifoEmptyCallback           0x0800501d   Thumb Code     2  stm32h7xx_hal_uart_ex.o(.text.HAL_UARTEx_TxFifoEmptyCallback)
    HAL_UARTEx_WakeupCallback                0x0800501f   Thumb Code     2  stm32h7xx_hal_uart_ex.o(.text.HAL_UARTEx_WakeupCallback)
    HAL_UART_ErrorCallback                   0x08005021   Thumb Code     2  stm32h7xx_hal_uart.o(.text.HAL_UART_ErrorCallback)
    HAL_UART_IRQHandler                      0x08005025   Thumb Code   600  stm32h7xx_hal_uart.o(.text.HAL_UART_IRQHandler)
    HAL_UART_Init                            0x0800527d   Thumb Code    58  stm32h7xx_hal_uart.o(.text.HAL_UART_Init)
    HAL_UART_MspInit                         0x080052b9   Thumb Code   144  usart.o(.text.HAL_UART_MspInit)
    HAL_UART_Receive_IT                      0x08005349   Thumb Code    76  stm32h7xx_hal_uart.o(.text.HAL_UART_Receive_IT)
    HAL_UART_RxCpltCallback                  0x08005395   Thumb Code    36  usart.o(.text.HAL_UART_RxCpltCallback)
    HAL_UART_Transmit                        0x080053b9   Thumb Code   196  stm32h7xx_hal_uart.o(.text.HAL_UART_Transmit)
    HAL_UART_TxCpltCallback                  0x0800547d   Thumb Code     2  stm32h7xx_hal_uart.o(.text.HAL_UART_TxCpltCallback)
    HardFault_Handler                        0x0800547f   Thumb Code     2  stm32h7xx_it.o(.text.HardFault_Handler)
    MX_GPIO_Init                             0x08005481   Thumb Code   248  gpio.o(.text.MX_GPIO_Init)
    MX_SPI1_Init                             0x08005579   Thumb Code    40  spi.o(.text.MX_SPI1_Init)
    MX_SPI2_Init                             0x080055a1   Thumb Code    40  spi.o(.text.MX_SPI2_Init)
    MX_TIM2_Init                             0x080055c9   Thumb Code   160  tim.o(.text.MX_TIM2_Init)
    MX_TIM3_Init                             0x08005669   Thumb Code   104  tim.o(.text.MX_TIM3_Init)
    MX_USART1_UART_Init                      0x080056d1   Thumb Code   104  usart.o(.text.MX_USART1_UART_Init)
    MemManage_Handler                        0x08005739   Thumb Code     2  stm32h7xx_it.o(.text.MemManage_Handler)
    NMI_Handler                              0x0800573b   Thumb Code     2  stm32h7xx_it.o(.text.NMI_Handler)
    PID_init                                 0x08005dc1   Thumb Code   104  main.o(.text.PID_init)
    PendSV_Handler                           0x08005e29   Thumb Code     2  stm32h7xx_it.o(.text.PendSV_Handler)
    Position_Pid                             0x08005e2b   Thumb Code   118  pid.o(.text.Position_Pid)
    ReadAngle                                0x08006025   Thumb Code     8  app_tle5012b.o(.text.ReadAngle)
    ReadAngle_Y                              0x0800602d   Thumb Code     8  app_tle5012b.o(.text.ReadAngle_Y)
    ReadValue                                0x08006035   Thumb Code    60  app_tle5012b.o(.text.ReadValue)
    ReadValue_Y                              0x08006071   Thumb Code    64  app_tle5012b.o(.text.ReadValue_Y)
    SVC_Handler                              0x08006185   Thumb Code     2  stm32h7xx_it.o(.text.SVC_Handler)
    SysTick_Handler                          0x08006187   Thumb Code     4  stm32h7xx_it.o(.text.SysTick_Handler)
    SystemClock_Config                       0x0800618d   Thumb Code   176  main.o(.text.SystemClock_Config)
    SystemInit                               0x0800623d   Thumb Code   188  system_stm32h7xx.o(.text.SystemInit)
    TIM3_IRQHandler                          0x080062f9   Thumb Code    12  stm32h7xx_it.o(.text.TIM3_IRQHandler)
    TIM_Base_SetConfig                       0x08006305   Thumb Code   180  stm32h7xx_hal_tim.o(.text.TIM_Base_SetConfig)
    TIM_CCxChannelCmd                        0x080063b9   Thumb Code    30  stm32h7xx_hal_tim.o(.text.TIM_CCxChannelCmd)
    TIM_OC2_SetConfig                        0x0800645d   Thumb Code   120  stm32h7xx_hal_tim.o(.text.TIM_OC2_SetConfig)
    UART_AdvFeatureConfig                    0x080066e1   Thumb Code   168  stm32h7xx_hal_uart.o(.text.UART_AdvFeatureConfig)
    UART_CheckIdleState                      0x08006789   Thumb Code    88  stm32h7xx_hal_uart.o(.text.UART_CheckIdleState)
    UART_SetConfig                           0x08006a59   Thumb Code   848  stm32h7xx_hal_uart.o(.text.UART_SetConfig)
    UART_Start_Receive_IT                    0x08006da9   Thumb Code   204  stm32h7xx_hal_uart.o(.text.UART_Start_Receive_IT)
    UART_WaitOnFlagUntilTimeout              0x08006e75   Thumb Code   126  stm32h7xx_hal_uart.o(.text.UART_WaitOnFlagUntilTimeout)
    USART1_IRQHandler                        0x08006ef5   Thumb Code     8  stm32h7xx_it.o(.text.USART1_IRQHandler)
    UsageFault_Handler                       0x08006efd   Thumb Code     2  stm32h7xx_it.o(.text.UsageFault_Handler)
    Vofa_Init                                0x08006eff   Thumb Code    14  vofa.o(.text.Vofa_Init)
    Vofa_JustFloat                           0x08006f0d   Thumb Code    32  vofa.o(.text.Vofa_JustFloat)
    Vofa_Printf                              0x08006f2d   Thumb Code    42  vofa.o(.text.Vofa_Printf)
    Vofa_SendDataCallBack                    0x08006f59   Thumb Code    28  js.o(.text.Vofa_SendDataCallBack)
    circle_cb                                0x08006f99   Thumb Code   184  fw.o(.text.circle_cb)
    cmd123_cb                                0x08007051   Thumb Code    52  fw.o(.text.cmd123_cb)
    default_cb                               0x08007085   Thumb Code    56  fw.o(.text.default_cb)
    dwt_access                               0x080070bd   Thumb Code    36  dwt.o(.text.dwt_access)
    dwt_init                                 0x080070e1   Thumb Code    64  dwt.o(.text.dwt_init)
    extend_cb                                0x08007121   Thumb Code     2  fw.o(.text.extend_cb)
    fw_init                                  0x08007125   Thumb Code    40  fw.o(.text.fw_init)
    fw_task                                  0x0800714d   Thumb Code    76  fw.o(.text.fw_task)
    line_cb                                  0x08007199   Thumb Code   244  fw.o(.text.line_cb)
    main                                     0x0800728d   Thumb Code   308  main.o(.text.main)
    motor_ctl                                0x080073c1   Thumb Code   136  motor.o(.text.motor_ctl)
    setkp_cb                                 0x08007449   Thumb Code    24  fw.o(.text.setkp_cb)
    stop_cb                                  0x08007461   Thumb Code    92  fw.o(.text.stop_cb)
    to_mid_cb                                0x080074bd   Thumb Code    12  fw.o(.text.to_mid_cb)
    _btod_d2e                                0x080074c9   Thumb Code    62  btod.o(CL$$btod_d2e)
    _d2e_denorm_low                          0x08007507   Thumb Code    70  btod.o(CL$$btod_d2e_denorm_low)
    _d2e_norm_op1                            0x0800754d   Thumb Code    96  btod.o(CL$$btod_d2e_norm_op1)
    __btod_div_common                        0x080075ad   Thumb Code   696  btod.o(CL$$btod_div_common)
    _e2d                                     0x080078e5   Thumb Code   122  btod.o(CL$$btod_e2d)
    _e2e                                     0x08007969   Thumb Code   220  btod.o(CL$$btod_e2e)
    _btod_ediv                               0x08007a45   Thumb Code    42  btod.o(CL$$btod_ediv)
    _btod_edivd                              0x08007a6f   Thumb Code    42  btod.o(CL$$btod_edivd)
    _btod_emul                               0x08007a99   Thumb Code    42  btod.o(CL$$btod_emul)
    _btod_emuld                              0x08007ac3   Thumb Code    42  btod.o(CL$$btod_emuld)
    __btod_mult_common                       0x08007aed   Thumb Code   580  btod.o(CL$$btod_mult_common)
    Create_RingBuff                          0x08007d31   Thumb Code    90  ringbuff.o(i.Create_RingBuff)
    Read_RingBuff                            0x08007d8b   Thumb Code    68  ringbuff.o(i.Read_RingBuff)
    Serial_parse_char                        0x08007dcf   Thumb Code   148  serial_rx.o(i.Serial_parse_char)
    Write_RingBuff                           0x08007e63   Thumb Code    70  ringbuff.o(i.Write_RingBuff)
    __ARM_fpclassify                         0x08007ea9   Thumb Code    48  fpclassify.o(i.__ARM_fpclassify)
    __hardfp___mathlib_tofloat               0x08007ed9   Thumb Code   186  narrow.o(i.__hardfp___mathlib_tofloat)
    __hardfp_atan                            0x08007fa1   Thumb Code   402  atan.o(i.__hardfp_atan)
    __hardfp_cos                             0x08008179   Thumb Code   158  cos.o(i.__hardfp_cos)
    __hardfp_sin                             0x08008229   Thumb Code   158  sin.o(i.__hardfp_sin)
    __ieee754_rem_pio2                       0x080082d9   Thumb Code   646  rred.o(i.__ieee754_rem_pio2)
    __kernel_cos                             0x080085e1   Thumb Code   182  cos_i.o(i.__kernel_cos)
    __kernel_poly                            0x080086a5   Thumb Code   112  poly.o(i.__kernel_poly)
    __kernel_sin                             0x08008719   Thumb Code   144  sin_i.o(i.__kernel_sin)
    __mathlib_dbl_infnan                     0x080087b9   Thumb Code     6  dunder.o(i.__mathlib_dbl_infnan)
    __mathlib_dbl_invalid                    0x080087c1   Thumb Code    10  dunder.o(i.__mathlib_dbl_invalid)
    __mathlib_dbl_overflow                   0x080087d9   Thumb Code    10  dunder.o(i.__mathlib_dbl_overflow)
    __mathlib_dbl_underflow                  0x080087f1   Thumb Code    10  dunder.o(i.__mathlib_dbl_underflow)
    __mathlib_narrow                         0x08008809   Thumb Code    18  narrow.o(i.__mathlib_narrow)
    __support_ldexp                          0x0800881b   Thumb Code   166  ldexp.o(i.__support_ldexp)
    _is_digit                                0x080088c1   Thumb Code    14  __printf_wp.o(i._is_digit)
    assic_check                              0x080088cf   Thumb Code    82  serial_rx.o(i.assic_check)
    fabs                                     0x08008921   Thumb Code    24  fabs.o(i.fabs)
    frexp                                    0x08008939   Thumb Code   118  frexp.o(i.frexp)
    fw_pare_cb_tassk                         0x080089c5   Thumb Code   122  serial_rx.o(i.fw_pare_cb_tassk)
    fw_sscanf                                0x08008a45   Thumb Code   136  serial_rx.o(i.fw_sscanf)
    _get_lc_numeric                          0x08008af1   Thumb Code    44  lc_numeric_c.o(locale$$code)
    _get_lc_ctype                            0x08008b1d   Thumb Code    44  lc_ctype_c.o(locale$$code)
    __fpl_dcheck_NaN1                        0x08008b49   Thumb Code    10  dcheck1.o(x$fpl$dcheck1)
    _fp_init                                 0x08008b59   Thumb Code    26  fpinit.o(x$fpl$fpinit)
    __fplib_config_fpu_vfp                   0x08008b71   Thumb Code     0  fpinit.o(x$fpl$fpinit)
    __fplib_config_pureend_doubles           0x08008b71   Thumb Code     0  fpinit.o(x$fpl$fpinit)
    __ieee_status                            0x08008b73   Thumb Code     6  istatus.o(x$fpl$ieeestatus)
    _printf_fp_dec                           0x08008b79   Thumb Code     4  printf1.o(x$fpl$printf1)
    _printf_fp_hex                           0x08008b7d   Thumb Code     4  printf2.o(x$fpl$printf2)
    __fpl_return_NaN                         0x08008b81   Thumb Code   100  retnan.o(x$fpl$retnan)
    __ARM_scalbn                             0x08008be5   Thumb Code    92  scalbn.o(x$fpl$scalbn)
    _scanf_real                              0x08008c41   Thumb Code     4  scanf1.o(x$fpl$scanf1)
    _scanf_hex_real                          0x08008c45   Thumb Code     4  scanf2.o(x$fpl$scanf2)
    _scanf_infnan                            0x08008c49   Thumb Code     4  scanf2.o(x$fpl$scanf2)
    __fpl_cmpreturn                          0x08008c4d   Thumb Code    48  trapv.o(x$fpl$trapveneer)
    __I$use$fp                               0x08008c7c   Number         0  usenofp.o(x$fpl$usenofp)
    D1CorePrescTable                         0x08008f44   Data          16  system_stm32h7xx.o(.rodata.D1CorePrescTable)
    UARTPrescTable                           0x08008f54   Data          24  stm32h7xx_hal_uart.o(.rodata.UARTPrescTable)
    Region$$Table$$Base                      0x08008f80   Number         0  anon$$obj.o(Region$$Table)
    Region$$Table$$Limit                     0x08008fa0   Number         0  anon$$obj.o(Region$$Table)
    __aeabi_HUGE_VAL                         0x08008fa0   Data           0  fpconst.o(c$$dinf)
    __aeabi_HUGE_VALL                        0x08008fa0   Data           0  fpconst.o(c$$dinf)
    __aeabi_INFINITY                         0x08008fa0   Data           0  fpconst.o(c$$dinf)
    __dInf                                   0x08008fa0   Data           0  fpconst.o(c$$dinf)
    __huge_val                               0x08008fa0   Data           0  fpconst.o(c$$dinf)
    __dbl_max                                0x08008fa8   Data           0  fpconst.o(c$$dmax)
    __ctype                                  0x08008fd9   Data           0  lc_ctype_c.o(locale$$data)
    uwTickFreq                               0x24000000   Data           1  stm32h7xx_hal.o(.data..L_MergedGlobals)
    uwTickPrio                               0x24000004   Data           4  stm32h7xx_hal.o(.data..L_MergedGlobals)
    SystemCoreClock                          0x24000008   Data           4  system_stm32h7xx.o(.data..L_MergedGlobals)
    SystemD2Clock                            0x2400000c   Data           4  system_stm32h7xx.o(.data..L_MergedGlobals)
    K_ff                                     0x24000010   Data           4  tim.o(.data.K_ff)
    fw_cb                                    0x24000014   Data         128  fw.o(.data.fw_cb)
    sin_wave                                 0x24000094   Data        6000  main.o(.data.sin_wave)
    __libspace_start                         0x24001818   Data          96  libspace.o(.bss)
    Res                                      0x24001878   Data           1  main.o(.bss..L_MergedGlobals)
    __temporary_stack_top$libspace           0x24001878   Data           0  libspace.o(.bss)
    command_data                             0x24001879   Data           3  main.o(.bss..L_MergedGlobals)
    pointer                                  0x2400187c   Data           4  main.o(.bss..L_MergedGlobals)
    angle                                    0x24001880   Data           8  main.o(.bss..L_MergedGlobals)
    amp                                      0x24001888   Data          20  main.o(.bss..L_MergedGlobals)
    motor                                    0x2400189c   Data          32  main.o(.bss..L_MergedGlobals)
    res                                      0x240018bc   Data           1  fw.o(.bss..L_MergedGlobals)
    status                                   0x240018c0   Data           4  fw.o(.bss..L_MergedGlobals)
    uart_ringbuff                            0x240018c4   Data          16  fw.o(.bss..L_MergedGlobals)
    msg                                      0x240018d4   Data          43  fw.o(.bss..L_MergedGlobals)
    PID1_X                                   0x24001900   Data          52  pid.o(.bss.PID1_X)
    PID1_Y                                   0x24001934   Data          52  pid.o(.bss.PID1_Y)
    PID2_X                                   0x24001968   Data          52  pid.o(.bss.PID2_X)
    PID2_Y                                   0x2400199c   Data          52  pid.o(.bss.PID2_Y)
    hspi1                                    0x240019d0   Data         136  spi.o(.bss.hspi1)
    hspi2                                    0x24001a58   Data         136  spi.o(.bss.hspi2)
    htim2                                    0x24001ae0   Data          76  tim.o(.bss.htim2)
    htim3                                    0x24001b2c   Data          76  tim.o(.bss.htim3)
    huart1                                   0x24001b78   Data         144  usart.o(.bss.huart1)
    jSHandle                                 0x24001c08   Data         216  main.o(.bss.jSHandle)
    rb                                       0x24001ce0   Data          64  fw.o(.bss.rb)
    uwTick                                   0x24001d20   Data           4  stm32h7xx_hal.o(.bss.uwTick)



==============================================================================

Memory Map of the image

  Image Entry point : 0x08000299

  Load Region LR_IROM1 (Base: 0x08000000, Size: 0x0000a8e8, Max: 0x00020000, ABSOLUTE, COMPRESSED[0x0000a4f8])

    Execution Region ER_IROM1 (Exec base: 0x08000000, Load base: 0x08000000, Size: 0x000090dc, Max: 0x00020000, ABSOLUTE)

    Exec Addr    Load Addr    Size         Type   Attr      Idx    E Section Name        Object

    0x08000000   0x08000000   0x00000298   Data   RO            3    RESET               startup_stm32h750xx.o
    0x08000298   0x08000298   0x00000008   Code   RO         2605  * !!!main             c_w.l(__main.o)
    0x080002a0   0x080002a0   0x00000034   Code   RO         3080    !!!scatter          c_w.l(__scatter.o)
    0x080002d4   0x080002d4   0x00000064   Code   RO         3078    !!dclz77c           c_w.l(__dclz77c.o)
    0x08000338   0x08000338   0x0000001c   Code   RO         3082    !!handler_zi        c_w.l(__scatter_zi.o)
    0x08000354   0x08000354   0x00000000   Code   RO         2718    .ARM.Collect$$_printf_percent$$00000000  c_w.l(_printf_percent.o)
    0x08000354   0x08000354   0x00000006   Code   RO         2707    .ARM.Collect$$_printf_percent$$00000001  c_w.l(_printf_n.o)
    0x0800035a   0x0800035a   0x00000006   Code   RO         2709    .ARM.Collect$$_printf_percent$$00000002  c_w.l(_printf_p.o)
    0x08000360   0x08000360   0x00000006   Code   RO         2714    .ARM.Collect$$_printf_percent$$00000003  c_w.l(_printf_f.o)
    0x08000366   0x08000366   0x00000006   Code   RO         2715    .ARM.Collect$$_printf_percent$$00000004  c_w.l(_printf_e.o)
    0x0800036c   0x0800036c   0x00000006   Code   RO         2716    .ARM.Collect$$_printf_percent$$00000005  c_w.l(_printf_g.o)
    0x08000372   0x08000372   0x00000006   Code   RO         2717    .ARM.Collect$$_printf_percent$$00000006  c_w.l(_printf_a.o)
    0x08000378   0x08000378   0x0000000a   Code   RO         2722    .ARM.Collect$$_printf_percent$$00000007  c_w.l(_printf_ll.o)
    0x08000382   0x08000382   0x00000006   Code   RO         2711    .ARM.Collect$$_printf_percent$$00000008  c_w.l(_printf_i.o)
    0x08000388   0x08000388   0x00000006   Code   RO         2712    .ARM.Collect$$_printf_percent$$00000009  c_w.l(_printf_d.o)
    0x0800038e   0x0800038e   0x00000006   Code   RO         2713    .ARM.Collect$$_printf_percent$$0000000A  c_w.l(_printf_u.o)
    0x08000394   0x08000394   0x00000006   Code   RO         2710    .ARM.Collect$$_printf_percent$$0000000B  c_w.l(_printf_o.o)
    0x0800039a   0x0800039a   0x00000006   Code   RO         2708    .ARM.Collect$$_printf_percent$$0000000C  c_w.l(_printf_x.o)
    0x080003a0   0x080003a0   0x00000006   Code   RO         2719    .ARM.Collect$$_printf_percent$$0000000D  c_w.l(_printf_lli.o)
    0x080003a6   0x080003a6   0x00000006   Code   RO         2720    .ARM.Collect$$_printf_percent$$0000000E  c_w.l(_printf_lld.o)
    0x080003ac   0x080003ac   0x00000006   Code   RO         2721    .ARM.Collect$$_printf_percent$$0000000F  c_w.l(_printf_llu.o)
    0x080003b2   0x080003b2   0x00000006   Code   RO         2726    .ARM.Collect$$_printf_percent$$00000010  c_w.l(_printf_llo.o)
    0x080003b8   0x080003b8   0x00000006   Code   RO         2727    .ARM.Collect$$_printf_percent$$00000011  c_w.l(_printf_llx.o)
    0x080003be   0x080003be   0x0000000a   Code   RO         2723    .ARM.Collect$$_printf_percent$$00000012  c_w.l(_printf_l.o)
    0x080003c8   0x080003c8   0x00000006   Code   RO         2705    .ARM.Collect$$_printf_percent$$00000013  c_w.l(_printf_c.o)
    0x080003ce   0x080003ce   0x00000006   Code   RO         2706    .ARM.Collect$$_printf_percent$$00000014  c_w.l(_printf_s.o)
    0x080003d4   0x080003d4   0x00000006   Code   RO         2724    .ARM.Collect$$_printf_percent$$00000015  c_w.l(_printf_lc.o)
    0x080003da   0x080003da   0x00000006   Code   RO         2725    .ARM.Collect$$_printf_percent$$00000016  c_w.l(_printf_ls.o)
    0x080003e0   0x080003e0   0x00000004   Code   RO         2830    .ARM.Collect$$_printf_percent$$00000017  c_w.l(_printf_percent_end.o)
    0x080003e4   0x080003e4   0x00000002   Code   RO         2916    .ARM.Collect$$libinit$$00000000  c_w.l(libinit.o)
    0x080003e6   0x080003e6   0x00000004   Code   RO         2917    .ARM.Collect$$libinit$$00000001  c_w.l(libinit2.o)
    0x080003ea   0x080003ea   0x00000000   Code   RO         2920    .ARM.Collect$$libinit$$00000004  c_w.l(libinit2.o)
    0x080003ea   0x080003ea   0x00000000   Code   RO         2923    .ARM.Collect$$libinit$$0000000A  c_w.l(libinit2.o)
    0x080003ea   0x080003ea   0x00000000   Code   RO         2925    .ARM.Collect$$libinit$$0000000C  c_w.l(libinit2.o)
    0x080003ea   0x080003ea   0x00000000   Code   RO         2927    .ARM.Collect$$libinit$$0000000E  c_w.l(libinit2.o)
    0x080003ea   0x080003ea   0x00000006   Code   RO         2928    .ARM.Collect$$libinit$$0000000F  c_w.l(libinit2.o)
    0x080003f0   0x080003f0   0x00000000   Code   RO         2930    .ARM.Collect$$libinit$$00000011  c_w.l(libinit2.o)
    0x080003f0   0x080003f0   0x0000000c   Code   RO         2931    .ARM.Collect$$libinit$$00000012  c_w.l(libinit2.o)
    0x080003fc   0x080003fc   0x00000000   Code   RO         2932    .ARM.Collect$$libinit$$00000013  c_w.l(libinit2.o)
    0x080003fc   0x080003fc   0x00000000   Code   RO         2934    .ARM.Collect$$libinit$$00000015  c_w.l(libinit2.o)
    0x080003fc   0x080003fc   0x0000000a   Code   RO         2935    .ARM.Collect$$libinit$$00000016  c_w.l(libinit2.o)
    0x08000406   0x08000406   0x00000000   Code   RO         2936    .ARM.Collect$$libinit$$00000017  c_w.l(libinit2.o)
    0x08000406   0x08000406   0x00000000   Code   RO         2938    .ARM.Collect$$libinit$$00000019  c_w.l(libinit2.o)
    0x08000406   0x08000406   0x00000000   Code   RO         2940    .ARM.Collect$$libinit$$0000001B  c_w.l(libinit2.o)
    0x08000406   0x08000406   0x00000000   Code   RO         2942    .ARM.Collect$$libinit$$0000001D  c_w.l(libinit2.o)
    0x08000406   0x08000406   0x00000000   Code   RO         2944    .ARM.Collect$$libinit$$0000001F  c_w.l(libinit2.o)
    0x08000406   0x08000406   0x00000000   Code   RO         2946    .ARM.Collect$$libinit$$00000021  c_w.l(libinit2.o)
    0x08000406   0x08000406   0x00000000   Code   RO         2948    .ARM.Collect$$libinit$$00000023  c_w.l(libinit2.o)
    0x08000406   0x08000406   0x00000000   Code   RO         2950    .ARM.Collect$$libinit$$00000025  c_w.l(libinit2.o)
    0x08000406   0x08000406   0x00000000   Code   RO         2954    .ARM.Collect$$libinit$$0000002C  c_w.l(libinit2.o)
    0x08000406   0x08000406   0x00000000   Code   RO         2956    .ARM.Collect$$libinit$$0000002E  c_w.l(libinit2.o)
    0x08000406   0x08000406   0x00000000   Code   RO         2958    .ARM.Collect$$libinit$$00000030  c_w.l(libinit2.o)
    0x08000406   0x08000406   0x00000000   Code   RO         2960    .ARM.Collect$$libinit$$00000032  c_w.l(libinit2.o)
    0x08000406   0x08000406   0x00000002   Code   RO         2961    .ARM.Collect$$libinit$$00000033  c_w.l(libinit2.o)
    0x08000408   0x08000408   0x00000002   Code   RO         3037    .ARM.Collect$$libshutdown$$00000000  c_w.l(libshutdown.o)
    0x0800040a   0x0800040a   0x00000000   Code   RO         3057    .ARM.Collect$$libshutdown$$00000002  c_w.l(libshutdown2.o)
    0x0800040a   0x0800040a   0x00000000   Code   RO         3059    .ARM.Collect$$libshutdown$$00000004  c_w.l(libshutdown2.o)
    0x0800040a   0x0800040a   0x00000000   Code   RO         3062    .ARM.Collect$$libshutdown$$00000007  c_w.l(libshutdown2.o)
    0x0800040a   0x0800040a   0x00000000   Code   RO         3065    .ARM.Collect$$libshutdown$$0000000A  c_w.l(libshutdown2.o)
    0x0800040a   0x0800040a   0x00000000   Code   RO         3067    .ARM.Collect$$libshutdown$$0000000C  c_w.l(libshutdown2.o)
    0x0800040a   0x0800040a   0x00000000   Code   RO         3070    .ARM.Collect$$libshutdown$$0000000F  c_w.l(libshutdown2.o)
    0x0800040a   0x0800040a   0x00000002   Code   RO         3071    .ARM.Collect$$libshutdown$$00000010  c_w.l(libshutdown2.o)
    0x0800040c   0x0800040c   0x00000000   Code   RO         2628    .ARM.Collect$$rtentry$$00000000  c_w.l(__rtentry.o)
    0x0800040c   0x0800040c   0x00000000   Code   RO         2783    .ARM.Collect$$rtentry$$00000002  c_w.l(__rtentry2.o)
    0x0800040c   0x0800040c   0x00000006   Code   RO         2795    .ARM.Collect$$rtentry$$00000004  c_w.l(__rtentry4.o)
    0x08000412   0x08000412   0x00000000   Code   RO         2785    .ARM.Collect$$rtentry$$00000009  c_w.l(__rtentry2.o)
    0x08000412   0x08000412   0x00000004   Code   RO         2786    .ARM.Collect$$rtentry$$0000000A  c_w.l(__rtentry2.o)
    0x08000416   0x08000416   0x00000000   Code   RO         2788    .ARM.Collect$$rtentry$$0000000C  c_w.l(__rtentry2.o)
    0x08000416   0x08000416   0x00000008   Code   RO         2789    .ARM.Collect$$rtentry$$0000000D  c_w.l(__rtentry2.o)
    0x0800041e   0x0800041e   0x00000002   Code   RO         2968    .ARM.Collect$$rtexit$$00000000  c_w.l(rtexit.o)
    0x08000420   0x08000420   0x00000000   Code   RO         3000    .ARM.Collect$$rtexit$$00000002  c_w.l(rtexit2.o)
    0x08000420   0x08000420   0x00000004   Code   RO         3001    .ARM.Collect$$rtexit$$00000003  c_w.l(rtexit2.o)
    0x08000424   0x08000424   0x00000006   Code   RO         3002    .ARM.Collect$$rtexit$$00000004  c_w.l(rtexit2.o)
    0x0800042a   0x0800042a   0x00000002   PAD
    0x0800042c   0x0800042c   0x00000040   Code   RO            4    .text               startup_stm32h750xx.o
    0x0800046c   0x0800046c   0x000000f0   Code   RO         2589    .text               c_w.l(lludivv7m.o)
    0x0800055c   0x0800055c   0x00000034   Code   RO         2591    .text               c_w.l(vsnprintf.o)
    0x08000590   0x08000590   0x0000003c   Code   RO         2593    .text               c_w.l(__0sscanf.o)
    0x080005cc   0x080005cc   0x0000008a   Code   RO         2595    .text               c_w.l(rt_memcpy_v6.o)
    0x08000656   0x08000656   0x00000044   Code   RO         2597    .text               c_w.l(rt_memclr.o)
    0x0800069a   0x0800069a   0x0000004e   Code   RO         2599    .text               c_w.l(rt_memclr_w.o)
    0x080006e8   0x080006e8   0x0000007c   Code   RO         2601    .text               c_w.l(strcmpv7m_pel.o)
    0x08000764   0x08000764   0x00000006   Code   RO         2603    .text               c_w.l(heapauxi.o)
    0x0800076a   0x0800076a   0x00000016   Code   RO         2633    .text               c_w.l(_rserrno.o)
    0x08000780   0x08000780   0x0000004e   Code   RO         2637    .text               c_w.l(_printf_pad.o)
    0x080007ce   0x080007ce   0x00000024   Code   RO         2639    .text               c_w.l(_printf_truncate.o)
    0x080007f2   0x080007f2   0x00000052   Code   RO         2641    .text               c_w.l(_printf_str.o)
    0x08000844   0x08000844   0x00000078   Code   RO         2643    .text               c_w.l(_printf_dec.o)
    0x080008bc   0x080008bc   0x00000028   Code   RO         2645    .text               c_w.l(_printf_charcount.o)
    0x080008e4   0x080008e4   0x00000030   Code   RO         2647    .text               c_w.l(_printf_char_common.o)
    0x08000914   0x08000914   0x0000000a   Code   RO         2649    .text               c_w.l(_sputc.o)
    0x0800091e   0x0800091e   0x00000010   Code   RO         2651    .text               c_w.l(_snputc.o)
    0x0800092e   0x0800092e   0x00000002   PAD
    0x08000930   0x08000930   0x000000bc   Code   RO         2653    .text               c_w.l(_printf_wctomb.o)
    0x080009ec   0x080009ec   0x0000007c   Code   RO         2656    .text               c_w.l(_printf_longlong_dec.o)
    0x08000a68   0x08000a68   0x00000070   Code   RO         2662    .text               c_w.l(_printf_oct_int_ll.o)
    0x08000ad8   0x08000ad8   0x00000094   Code   RO         2682    .text               c_w.l(_printf_hex_int_ll_ptr.o)
    0x08000b6c   0x08000b6c   0x00000188   Code   RO         2702    .text               c_w.l(__printf_flags_ss_wp.o)
    0x08000cf4   0x08000cf4   0x000004f8   Code   RO         2728    .text               c_w.l(scanf_fp.o)
    0x080011ec   0x080011ec   0x0000002c   Code   RO         2732    .text               c_w.l(scanf_char.o)
    0x08001218   0x08001218   0x00000040   Code   RO         2734    .text               c_w.l(_sgetc.o)
    0x08001258   0x08001258   0x00000064   Code   RO         2736    .text               c_w.l(rt_memcpy_w.o)
    0x080012bc   0x080012bc   0x00000008   Code   RO         2802    .text               c_w.l(rt_locale_intlibspace.o)
    0x080012c4   0x080012c4   0x00000008   Code   RO         2807    .text               c_w.l(rt_errno_addr_intlibspace.o)
    0x080012cc   0x080012cc   0x00000026   Code   RO         2809    .text               c_w.l(llshl.o)
    0x080012f2   0x080012f2   0x0000008a   Code   RO         2811    .text               c_w.l(lludiv10.o)
    0x0800137c   0x0800137c   0x00000012   Code   RO         2813    .text               c_w.l(isspace.o)
    0x0800138e   0x0800138e   0x000000b2   Code   RO         2815    .text               c_w.l(_printf_intcommon.o)
    0x08001440   0x08001440   0x0000041c   Code   RO         2817    .text               c_w.l(_printf_fp_dec.o)
    0x0800185c   0x0800185c   0x000002fc   Code   RO         2821    .text               c_w.l(_printf_fp_hex.o)
    0x08001b58   0x08001b58   0x0000002c   Code   RO         2826    .text               c_w.l(_printf_char.o)
    0x08001b84   0x08001b84   0x0000002c   Code   RO         2828    .text               c_w.l(_printf_wchar.o)
    0x08001bb0   0x08001bb0   0x00000374   Code   RO         2831    .text               c_w.l(_scanf.o)
    0x08001f24   0x08001f24   0x000000e4   Code   RO         2833    .text               c_w.l(bigflt0.o)
    0x08002008   0x08002008   0x00000048   Code   RO         2861    .text               c_w.l(_c16rtomb.o)
    0x08002050   0x08002050   0x00000008   Code   RO         2888    .text               c_w.l(libspace.o)
    0x08002058   0x08002058   0x0000004a   Code   RO         2891    .text               c_w.l(sys_stackheap_outer.o)
    0x080020a2   0x080020a2   0x00000002   PAD
    0x080020a4   0x080020a4   0x00000010   Code   RO         2893    .text               c_w.l(rt_ctype_table.o)
    0x080020b4   0x080020b4   0x00000080   Code   RO         2895    .text               c_w.l(_printf_fp_infnan.o)
    0x08002134   0x08002134   0x00000320   Code   RO         2897    .text               c_w.l(scanf_hexfp.o)
    0x08002454   0x08002454   0x00000134   Code   RO         2899    .text               c_w.l(scanf_infnan.o)
    0x08002588   0x08002588   0x00000012   Code   RO         2905    .text               c_w.l(exit.o)
    0x0800259a   0x0800259a   0x0000001c   Code   RO         2974    .text               c_w.l(_chval.o)
    0x080025b6   0x080025b6   0x00000002   PAD
    0x080025b8   0x080025b8   0x0000000c   Code   RO         2995    .text               c_w.l(sys_exit.o)
    0x080025c4   0x080025c4   0x00000002   Code   RO         3024    .text               c_w.l(use_no_semi.o)
    0x080025c6   0x080025c6   0x00000000   Code   RO         3026    .text               c_w.l(indicate_semi.o)
    0x080025c6   0x080025c6   0x00000026   Code   RO           49    .text.AntiWindup    pid.o
    0x080025ec   0x080025ec   0x00000002   Code   RO          199    .text.BusFault_Handler  stm32h7xx_it.o
    0x080025ee   0x080025ee   0x00000002   PAD
    0x080025f0   0x080025f0   0x0000004c   Code   RO           45    .text.Cap           pid.o
    0x0800263c   0x0800263c   0x00000002   Code   RO          205    .text.DebugMon_Handler  stm32h7xx_it.o
    0x0800263e   0x0800263e   0x00000002   PAD
    0x08002640   0x08002640   0x00000024   Code   RO           94    .text.Error_Handler  main.o
    0x08002664   0x08002664   0x00000090   Code   RO           47    .text.Execute       pid.o
    0x080026f4   0x080026f4   0x000002ec   Code   RO          575    .text.HAL_DMA_Abort  stm32h7xx_hal_dma.o
    0x080029e0   0x080029e0   0x000001d4   Code   RO          577    .text.HAL_DMA_Abort_IT  stm32h7xx_hal_dma.o
    0x08002bb4   0x08002bb4   0x0000017c   Code   RO          505    .text.HAL_GPIO_Init  stm32h7xx_hal_gpio.o
    0x08002d30   0x08002d30   0x00000010   Code   RO          513    .text.HAL_GPIO_TogglePin  stm32h7xx_hal_gpio.o
    0x08002d40   0x08002d40   0x0000000a   Code   RO          511    .text.HAL_GPIO_WritePin  stm32h7xx_hal_gpio.o
    0x08002d4a   0x08002d4a   0x00000002   PAD
    0x08002d4c   0x08002d4c   0x0000000c   Code   RO          874    .text.HAL_GetREVID  stm32h7xx_hal.o
    0x08002d58   0x08002d58   0x00000008   Code   RO          858    .text.HAL_GetTick   stm32h7xx_hal.o
    0x08002d60   0x08002d60   0x00000014   Code   RO          856    .text.HAL_IncTick   stm32h7xx_hal.o
    0x08002d74   0x08002d74   0x00000050   Code   RO          846    .text.HAL_Init      stm32h7xx_hal.o
    0x08002dc4   0x08002dc4   0x00000048   Code   RO          848    .text.HAL_InitTick  stm32h7xx_hal.o
    0x08002e0c   0x08002e0c   0x00000024   Code   RO          222    .text.HAL_MspInit   stm32h7xx_hal_msp.o
    0x08002e30   0x08002e30   0x0000001c   Code   RO          236    .text.HAL_NVIC_EnableIRQ  stm32h7xx_hal_cortex.o
    0x08002e4c   0x08002e4c   0x00000038   Code   RO          232    .text.HAL_NVIC_SetPriority  stm32h7xx_hal_cortex.o
    0x08002e84   0x08002e84   0x00000020   Code   RO          230    .text.HAL_NVIC_SetPriorityGrouping  stm32h7xx_hal_cortex.o
    0x08002ea4   0x08002ea4   0x00000044   Code   RO          754    .text.HAL_PWREx_ConfigSupply  stm32h7xx_hal_pwr_ex.o
    0x08002ee8   0x08002ee8   0x00000018   Code   RO          346    .text.HAL_RCCEx_GetD3PCLK1Freq  stm32h7xx_hal_rcc_ex.o
    0x08002f00   0x08002f00   0x0000008c   Code   RO          342    .text.HAL_RCCEx_GetPLL2ClockFreq  stm32h7xx_hal_rcc_ex.o
    0x08002f8c   0x08002f8c   0x0000008c   Code   RO          344    .text.HAL_RCCEx_GetPLL3ClockFreq  stm32h7xx_hal_rcc_ex.o
    0x08003018   0x08003018   0x00000758   Code   RO          330    .text.HAL_RCCEx_PeriphCLKConfig  stm32h7xx_hal_rcc_ex.o
    0x08003770   0x08003770   0x00000210   Code   RO          286    .text.HAL_RCC_ClockConfig  stm32h7xx_hal_rcc.o
    0x08003980   0x08003980   0x0000003c   Code   RO          296    .text.HAL_RCC_GetHCLKFreq  stm32h7xx_hal_rcc.o
    0x080039bc   0x080039bc   0x00000014   Code   RO          298    .text.HAL_RCC_GetPCLK1Freq  stm32h7xx_hal_rcc.o
    0x080039d0   0x080039d0   0x0000001c   Code   RO          300    .text.HAL_RCC_GetPCLK2Freq  stm32h7xx_hal_rcc.o
    0x080039ec   0x080039ec   0x000000f4   Code   RO          288    .text.HAL_RCC_GetSysClockFreq  stm32h7xx_hal_rcc.o
    0x08003ae0   0x08003ae0   0x00000460   Code   RO          284    .text.HAL_RCC_OscConfig  stm32h7xx_hal_rcc.o
    0x08003f40   0x08003f40   0x00000124   Code   RO         1354    .text.HAL_SPI_Init  stm32h7xx_hal_spi.o
    0x08004064   0x08004064   0x00000118   Code   RO          123    .text.HAL_SPI_MspInit  spi.o
    0x0800417c   0x0800417c   0x000001ae   Code   RO         1368    .text.HAL_SPI_Receive  stm32h7xx_hal_spi.o
    0x0800432a   0x0800432a   0x00000194   Code   RO         1362    .text.HAL_SPI_Transmit  stm32h7xx_hal_spi.o
    0x080044be   0x080044be   0x0000029a   Code   RO         1370    .text.HAL_SPI_TransmitReceive  stm32h7xx_hal_spi.o
    0x08004758   0x08004758   0x00000028   Code   RO          244    .text.HAL_SYSTICK_Config  stm32h7xx_hal_cortex.o
    0x08004780   0x08004780   0x00000002   Code   RO         2038    .text.HAL_TIMEx_Break2Callback  stm32h7xx_hal_tim_ex.o
    0x08004782   0x08004782   0x00000002   Code   RO         2036    .text.HAL_TIMEx_BreakCallback  stm32h7xx_hal_tim_ex.o
    0x08004784   0x08004784   0x00000002   Code   RO         2032    .text.HAL_TIMEx_CommutCallback  stm32h7xx_hal_tim_ex.o
    0x08004786   0x08004786   0x00000002   PAD
    0x08004788   0x08004788   0x0000007c   Code   RO         2020    .text.HAL_TIMEx_MasterConfigSynchronization  stm32h7xx_hal_tim_ex.o
    0x08004804   0x08004804   0x0000001e   Code   RO         1540    .text.HAL_TIM_Base_Init  stm32h7xx_hal_tim.o
    0x08004822   0x08004822   0x00000002   PAD
    0x08004824   0x08004824   0x00000038   Code   RO          151    .text.HAL_TIM_Base_MspInit  tim.o
    0x0800485c   0x0800485c   0x0000007c   Code   RO         1554    .text.HAL_TIM_Base_Start_IT  stm32h7xx_hal_tim.o
    0x080048d8   0x080048d8   0x000000dc   Code   RO         1732    .text.HAL_TIM_ConfigClockSource  stm32h7xx_hal_tim.o
    0x080049b4   0x080049b4   0x00000002   Code   RO         1676    .text.HAL_TIM_IC_CaptureCallback  stm32h7xx_hal_tim.o
    0x080049b6   0x080049b6   0x00000150   Code   RO         1674    .text.HAL_TIM_IRQHandler  stm32h7xx_hal_tim.o
    0x08004b06   0x08004b06   0x00000002   PAD
    0x08004b08   0x08004b08   0x00000050   Code   RO          145    .text.HAL_TIM_MspPostInit  tim.o
    0x08004b58   0x08004b58   0x00000002   Code   RO         1678    .text.HAL_TIM_OC_DelayElapsedCallback  stm32h7xx_hal_tim.o
    0x08004b5a   0x08004b5a   0x00000002   PAD
    0x08004b5c   0x08004b5c   0x000000ac   Code   RO         1706    .text.HAL_TIM_PWM_ConfigChannel  stm32h7xx_hal_tim.o
    0x08004c08   0x08004c08   0x0000001e   Code   RO         1594    .text.HAL_TIM_PWM_Init  stm32h7xx_hal_tim.o
    0x08004c26   0x08004c26   0x00000002   PAD
    0x08004c28   0x08004c28   0x00000028   Code   RO          149    .text.HAL_TIM_PWM_MspInit  tim.o
    0x08004c50   0x08004c50   0x00000002   Code   RO         1680    .text.HAL_TIM_PWM_PulseFinishedCallback  stm32h7xx_hal_tim.o
    0x08004c52   0x08004c52   0x00000002   PAD
    0x08004c54   0x08004c54   0x000000fc   Code   RO         1602    .text.HAL_TIM_PWM_Start  stm32h7xx_hal_tim.o
    0x08004d50   0x08004d50   0x00000258   Code   RO          157    .text.HAL_TIM_PeriodElapsedCallback  tim.o
    0x08004fa8   0x08004fa8   0x00000002   Code   RO         1684    .text.HAL_TIM_TriggerCallback  stm32h7xx_hal_tim.o
    0x08004faa   0x08004faa   0x00000036   Code   RO         2359    .text.HAL_UARTEx_DisableFifoMode  stm32h7xx_hal_uart_ex.o
    0x08004fe0   0x08004fe0   0x00000002   Code   RO         2216    .text.HAL_UARTEx_RxEventCallback  stm32h7xx_hal_uart.o
    0x08004fe2   0x08004fe2   0x00000002   Code   RO         2343    .text.HAL_UARTEx_RxFifoFullCallback  stm32h7xx_hal_uart_ex.o
    0x08004fe4   0x08004fe4   0x0000001c   Code   RO         2363    .text.HAL_UARTEx_SetRxFifoThreshold  stm32h7xx_hal_uart_ex.o
    0x08005000   0x08005000   0x0000001c   Code   RO         2361    .text.HAL_UARTEx_SetTxFifoThreshold  stm32h7xx_hal_uart_ex.o
    0x0800501c   0x0800501c   0x00000002   Code   RO         2345    .text.HAL_UARTEx_TxFifoEmptyCallback  stm32h7xx_hal_uart_ex.o
    0x0800501e   0x0800501e   0x00000002   Code   RO         2341    .text.HAL_UARTEx_WakeupCallback  stm32h7xx_hal_uart_ex.o
    0x08005020   0x08005020   0x00000002   Code   RO         2214    .text.HAL_UART_ErrorCallback  stm32h7xx_hal_uart.o
    0x08005022   0x08005022   0x00000002   PAD
    0x08005024   0x08005024   0x00000258   Code   RO         2210    .text.HAL_UART_IRQHandler  stm32h7xx_hal_uart.o
    0x0800527c   0x0800527c   0x0000003a   Code   RO         2122    .text.HAL_UART_Init  stm32h7xx_hal_uart.o
    0x080052b6   0x080052b6   0x00000002   PAD
    0x080052b8   0x080052b8   0x00000090   Code   RO          178    .text.HAL_UART_MspInit  usart.o
    0x08005348   0x08005348   0x0000004c   Code   RO         2158    .text.HAL_UART_Receive_IT  stm32h7xx_hal_uart.o
    0x08005394   0x08005394   0x00000024   Code   RO          182    .text.HAL_UART_RxCpltCallback  usart.o
    0x080053b8   0x080053b8   0x000000c4   Code   RO         2142    .text.HAL_UART_Transmit  stm32h7xx_hal_uart.o
    0x0800547c   0x0800547c   0x00000002   Code   RO         2218    .text.HAL_UART_TxCpltCallback  stm32h7xx_hal_uart.o
    0x0800547e   0x0800547e   0x00000002   Code   RO          195    .text.HardFault_Handler  stm32h7xx_it.o
    0x08005480   0x08005480   0x000000f8   Code   RO          110    .text.MX_GPIO_Init  gpio.o
    0x08005578   0x08005578   0x00000028   Code   RO          119    .text.MX_SPI1_Init  spi.o
    0x080055a0   0x080055a0   0x00000028   Code   RO          121    .text.MX_SPI2_Init  spi.o
    0x080055c8   0x080055c8   0x000000a0   Code   RO          143    .text.MX_TIM2_Init  tim.o
    0x08005668   0x08005668   0x00000068   Code   RO          147    .text.MX_TIM3_Init  tim.o
    0x080056d0   0x080056d0   0x00000068   Code   RO          176    .text.MX_USART1_UART_Init  usart.o
    0x08005738   0x08005738   0x00000002   Code   RO          197    .text.MemManage_Handler  stm32h7xx_it.o
    0x0800573a   0x0800573a   0x00000002   Code   RO          193    .text.NMI_Handler   stm32h7xx_it.o
    0x0800573c   0x0800573c   0x0000000e   Code   RO           51    .text.OUTLINED_FUNCTION_0  pid.o
    0x0800574a   0x0800574a   0x00000024   Code   RO          127    .text.OUTLINED_FUNCTION_0  spi.o
    0x0800576e   0x0800576e   0x00000008   Code   RO          159    .text.OUTLINED_FUNCTION_0  tim.o
    0x08005776   0x08005776   0x00000006   Code   RO          310    .text.OUTLINED_FUNCTION_0  stm32h7xx_hal_rcc.o
    0x0800577c   0x0800577c   0x0000002e   Code   RO          386    .text.OUTLINED_FUNCTION_0  stm32h7xx_hal_rcc_ex.o
    0x080057aa   0x080057aa   0x00000008   Code   RO          834    .text.OUTLINED_FUNCTION_0  stm32h7xx_hal_pwr_ex.o
    0x080057b2   0x080057b2   0x0000001a   Code   RO         1450    .text.OUTLINED_FUNCTION_0  stm32h7xx_hal_spi.o
    0x080057cc   0x080057cc   0x00000016   Code   RO         2260    .text.OUTLINED_FUNCTION_0  stm32h7xx_hal_uart.o
    0x080057e2   0x080057e2   0x0000001c   Code   RO         2371    .text.OUTLINED_FUNCTION_0  stm32h7xx_hal_uart_ex.o
    0x080057fe   0x080057fe   0x00000010   Code   RO         2424    .text.OUTLINED_FUNCTION_0  fw.o
    0x0800580e   0x0800580e   0x0000000a   Code   RO           53    .text.OUTLINED_FUNCTION_1  pid.o
    0x08005818   0x08005818   0x00000016   Code   RO          129    .text.OUTLINED_FUNCTION_1  spi.o
    0x0800582e   0x0800582e   0x0000000e   Code   RO          161    .text.OUTLINED_FUNCTION_1  tim.o
    0x0800583c   0x0800583c   0x00000010   Code   RO          312    .text.OUTLINED_FUNCTION_1  stm32h7xx_hal_rcc.o
    0x0800584c   0x0800584c   0x00000010   Code   RO          388    .text.OUTLINED_FUNCTION_1  stm32h7xx_hal_rcc_ex.o
    0x0800585c   0x0800585c   0x00000006   Code   RO          836    .text.OUTLINED_FUNCTION_1  stm32h7xx_hal_pwr_ex.o
    0x08005862   0x08005862   0x00000036   Code   RO         1778    .text.OUTLINED_FUNCTION_1  stm32h7xx_hal_tim.o
    0x08005898   0x08005898   0x00000012   Code   RO         2262    .text.OUTLINED_FUNCTION_1  stm32h7xx_hal_uart.o
    0x080058aa   0x080058aa   0x00000012   Code   RO         2426    .text.OUTLINED_FUNCTION_1  fw.o
    0x080058bc   0x080058bc   0x0000000a   Code   RO          406    .text.OUTLINED_FUNCTION_10  stm32h7xx_hal_rcc_ex.o
    0x080058c6   0x080058c6   0x00000006   Code   RO         1470    .text.OUTLINED_FUNCTION_10  stm32h7xx_hal_spi.o
    0x080058cc   0x080058cc   0x0000000e   Code   RO         1796    .text.OUTLINED_FUNCTION_10  stm32h7xx_hal_tim.o
    0x080058da   0x080058da   0x00000008   Code   RO          408    .text.OUTLINED_FUNCTION_11  stm32h7xx_hal_rcc_ex.o
    0x080058e2   0x080058e2   0x00000014   Code   RO         1472    .text.OUTLINED_FUNCTION_11  stm32h7xx_hal_spi.o
    0x080058f6   0x080058f6   0x0000000a   Code   RO          410    .text.OUTLINED_FUNCTION_12  stm32h7xx_hal_rcc_ex.o
    0x08005900   0x08005900   0x0000000a   Code   RO         1474    .text.OUTLINED_FUNCTION_12  stm32h7xx_hal_spi.o
    0x0800590a   0x0800590a   0x0000000e   Code   RO         2284    .text.OUTLINED_FUNCTION_12  stm32h7xx_hal_uart.o
    0x08005918   0x08005918   0x0000000a   Code   RO          412    .text.OUTLINED_FUNCTION_13  stm32h7xx_hal_rcc_ex.o
    0x08005922   0x08005922   0x00000006   Code   RO         1802    .text.OUTLINED_FUNCTION_13  stm32h7xx_hal_tim.o
    0x08005928   0x08005928   0x00000010   Code   RO          414    .text.OUTLINED_FUNCTION_14  stm32h7xx_hal_rcc_ex.o
    0x08005938   0x08005938   0x00000008   Code   RO         1804    .text.OUTLINED_FUNCTION_14  stm32h7xx_hal_tim.o
    0x08005940   0x08005940   0x00000016   Code   RO         2288    .text.OUTLINED_FUNCTION_14  stm32h7xx_hal_uart.o
    0x08005956   0x08005956   0x00000008   Code   RO          416    .text.OUTLINED_FUNCTION_15  stm32h7xx_hal_rcc_ex.o
    0x0800595e   0x0800595e   0x0000000e   Code   RO         1480    .text.OUTLINED_FUNCTION_15  stm32h7xx_hal_spi.o
    0x0800596c   0x0800596c   0x0000000a   Code   RO          418    .text.OUTLINED_FUNCTION_16  stm32h7xx_hal_rcc_ex.o
    0x08005976   0x08005976   0x0000000c   Code   RO         1482    .text.OUTLINED_FUNCTION_16  stm32h7xx_hal_spi.o
    0x08005982   0x08005982   0x00000012   Code   RO         2292    .text.OUTLINED_FUNCTION_16  stm32h7xx_hal_uart.o
    0x08005994   0x08005994   0x00000008   Code   RO          420    .text.OUTLINED_FUNCTION_17  stm32h7xx_hal_rcc_ex.o
    0x0800599c   0x0800599c   0x0000000a   Code   RO         1484    .text.OUTLINED_FUNCTION_17  stm32h7xx_hal_spi.o
    0x080059a6   0x080059a6   0x00000012   Code   RO         2294    .text.OUTLINED_FUNCTION_17  stm32h7xx_hal_uart.o
    0x080059b8   0x080059b8   0x0000000a   Code   RO          422    .text.OUTLINED_FUNCTION_18  stm32h7xx_hal_rcc_ex.o
    0x080059c2   0x080059c2   0x00000012   Code   RO         2296    .text.OUTLINED_FUNCTION_18  stm32h7xx_hal_uart.o
    0x080059d4   0x080059d4   0x00000008   Code   RO          424    .text.OUTLINED_FUNCTION_19  stm32h7xx_hal_rcc_ex.o
    0x080059dc   0x080059dc   0x00000008   Code   RO         1488    .text.OUTLINED_FUNCTION_19  stm32h7xx_hal_spi.o
    0x080059e4   0x080059e4   0x0000000a   Code   RO           31    .text.OUTLINED_FUNCTION_2  app_tle5012b.o
    0x080059ee   0x080059ee   0x00000010   Code   RO          131    .text.OUTLINED_FUNCTION_2  spi.o
    0x080059fe   0x080059fe   0x00000010   Code   RO          314    .text.OUTLINED_FUNCTION_2  stm32h7xx_hal_rcc.o
    0x08005a0e   0x08005a0e   0x0000001e   Code   RO          390    .text.OUTLINED_FUNCTION_2  stm32h7xx_hal_rcc_ex.o
    0x08005a2c   0x08005a2c   0x0000001c   Code   RO         1454    .text.OUTLINED_FUNCTION_2  stm32h7xx_hal_spi.o
    0x08005a48   0x08005a48   0x0000000c   Code   RO         2264    .text.OUTLINED_FUNCTION_2  stm32h7xx_hal_uart.o
    0x08005a54   0x08005a54   0x00000012   Code   RO         2375    .text.OUTLINED_FUNCTION_2  stm32h7xx_hal_uart_ex.o
    0x08005a66   0x08005a66   0x0000000e   Code   RO         2428    .text.OUTLINED_FUNCTION_2  fw.o
    0x08005a74   0x08005a74   0x00000008   Code   RO          426    .text.OUTLINED_FUNCTION_20  stm32h7xx_hal_rcc_ex.o
    0x08005a7c   0x08005a7c   0x00000008   Code   RO         1490    .text.OUTLINED_FUNCTION_20  stm32h7xx_hal_spi.o
    0x08005a84   0x08005a84   0x00000006   Code   RO          428    .text.OUTLINED_FUNCTION_21  stm32h7xx_hal_rcc_ex.o
    0x08005a8a   0x08005a8a   0x0000000e   Code   RO         2302    .text.OUTLINED_FUNCTION_21  stm32h7xx_hal_uart.o
    0x08005a98   0x08005a98   0x0000000e   Code   RO         1494    .text.OUTLINED_FUNCTION_22  stm32h7xx_hal_spi.o
    0x08005aa6   0x08005aa6   0x0000000a   Code   RO         1496    .text.OUTLINED_FUNCTION_23  stm32h7xx_hal_spi.o
    0x08005ab0   0x08005ab0   0x0000001a   Code   RO         1822    .text.OUTLINED_FUNCTION_23  stm32h7xx_hal_tim.o
    0x08005aca   0x08005aca   0x00000010   Code   RO         2306    .text.OUTLINED_FUNCTION_23  stm32h7xx_hal_uart.o
    0x08005ada   0x08005ada   0x0000000a   Code   RO         1498    .text.OUTLINED_FUNCTION_24  stm32h7xx_hal_spi.o
    0x08005ae4   0x08005ae4   0x0000000a   Code   RO         1826    .text.OUTLINED_FUNCTION_25  stm32h7xx_hal_tim.o
    0x08005aee   0x08005aee   0x00000008   Code   RO         2310    .text.OUTLINED_FUNCTION_25  stm32h7xx_hal_uart.o
    0x08005af6   0x08005af6   0x0000000e   Code   RO         1502    .text.OUTLINED_FUNCTION_26  stm32h7xx_hal_spi.o
    0x08005b04   0x08005b04   0x0000000a   Code   RO         2312    .text.OUTLINED_FUNCTION_26  stm32h7xx_hal_uart.o
    0x08005b0e   0x08005b0e   0x00000008   Code   RO         1830    .text.OUTLINED_FUNCTION_27  stm32h7xx_hal_tim.o
    0x08005b16   0x08005b16   0x0000000e   Code   RO         1506    .text.OUTLINED_FUNCTION_28  stm32h7xx_hal_spi.o
    0x08005b24   0x08005b24   0x0000000a   Code   RO         2316    .text.OUTLINED_FUNCTION_28  stm32h7xx_hal_uart.o
    0x08005b2e   0x08005b2e   0x0000000e   Code   RO         2318    .text.OUTLINED_FUNCTION_29  stm32h7xx_hal_uart.o
    0x08005b3c   0x08005b3c   0x0000000a   Code   RO           33    .text.OUTLINED_FUNCTION_3  app_tle5012b.o
    0x08005b46   0x08005b46   0x00000008   Code   RO          316    .text.OUTLINED_FUNCTION_3  stm32h7xx_hal_rcc.o
    0x08005b4e   0x08005b4e   0x0000001e   Code   RO          392    .text.OUTLINED_FUNCTION_3  stm32h7xx_hal_rcc_ex.o
    0x08005b6c   0x08005b6c   0x0000000a   Code   RO         1456    .text.OUTLINED_FUNCTION_3  stm32h7xx_hal_spi.o
    0x08005b76   0x08005b76   0x00000024   Code   RO         2266    .text.OUTLINED_FUNCTION_3  stm32h7xx_hal_uart.o
    0x08005b9a   0x08005b9a   0x0000000a   Code   RO         2377    .text.OUTLINED_FUNCTION_3  stm32h7xx_hal_uart_ex.o
    0x08005ba4   0x08005ba4   0x0000000e   Code   RO         1510    .text.OUTLINED_FUNCTION_30  stm32h7xx_hal_spi.o
    0x08005bb2   0x08005bb2   0x0000000a   Code   RO         1512    .text.OUTLINED_FUNCTION_31  stm32h7xx_hal_spi.o
    0x08005bbc   0x08005bbc   0x0000000e   Code   RO         2322    .text.OUTLINED_FUNCTION_31  stm32h7xx_hal_uart.o
    0x08005bca   0x08005bca   0x00000006   Code   RO         2324    .text.OUTLINED_FUNCTION_32  stm32h7xx_hal_uart.o
    0x08005bd0   0x08005bd0   0x00000006   Code   RO         2326    .text.OUTLINED_FUNCTION_33  stm32h7xx_hal_uart.o
    0x08005bd6   0x08005bd6   0x00000008   Code   RO         1854    .text.OUTLINED_FUNCTION_39  stm32h7xx_hal_tim.o
    0x08005bde   0x08005bde   0x00000008   Code   RO          318    .text.OUTLINED_FUNCTION_4  stm32h7xx_hal_rcc.o
    0x08005be6   0x08005be6   0x0000000a   Code   RO          394    .text.OUTLINED_FUNCTION_4  stm32h7xx_hal_rcc_ex.o
    0x08005bf0   0x08005bf0   0x00000010   Code   RO         1458    .text.OUTLINED_FUNCTION_4  stm32h7xx_hal_spi.o
    0x08005c00   0x08005c00   0x00000020   Code   RO         2268    .text.OUTLINED_FUNCTION_4  stm32h7xx_hal_uart.o
    0x08005c20   0x08005c20   0x0000000a   Code   RO         2379    .text.OUTLINED_FUNCTION_4  stm32h7xx_hal_uart_ex.o
    0x08005c2a   0x08005c2a   0x00000008   Code   RO         1856    .text.OUTLINED_FUNCTION_40  stm32h7xx_hal_tim.o
    0x08005c32   0x08005c32   0x00000008   Code   RO         1858    .text.OUTLINED_FUNCTION_41  stm32h7xx_hal_tim.o
    0x08005c3a   0x08005c3a   0x00000008   Code   RO         1860    .text.OUTLINED_FUNCTION_42  stm32h7xx_hal_tim.o
    0x08005c42   0x08005c42   0x00000008   Code   RO         1862    .text.OUTLINED_FUNCTION_43  stm32h7xx_hal_tim.o
    0x08005c4a   0x08005c4a   0x00000008   Code   RO         1872    .text.OUTLINED_FUNCTION_48  stm32h7xx_hal_tim.o
    0x08005c52   0x08005c52   0x0000000a   Code   RO          320    .text.OUTLINED_FUNCTION_5  stm32h7xx_hal_rcc.o
    0x08005c5c   0x08005c5c   0x00000032   Code   RO          396    .text.OUTLINED_FUNCTION_5  stm32h7xx_hal_rcc_ex.o
    0x08005c8e   0x08005c8e   0x0000000c   Code   RO         2270    .text.OUTLINED_FUNCTION_5  stm32h7xx_hal_uart.o
    0x08005c9a   0x08005c9a   0x0000000c   Code   RO         1878    .text.OUTLINED_FUNCTION_51  stm32h7xx_hal_tim.o
    0x08005ca6   0x08005ca6   0x0000000a   Code   RO         1892    .text.OUTLINED_FUNCTION_58  stm32h7xx_hal_tim.o
    0x08005cb0   0x08005cb0   0x0000001a   Code   RO          398    .text.OUTLINED_FUNCTION_6  stm32h7xx_hal_rcc_ex.o
    0x08005cca   0x08005cca   0x0000000c   Code   RO         1896    .text.OUTLINED_FUNCTION_60  stm32h7xx_hal_tim.o
    0x08005cd6   0x08005cd6   0x00000010   Code   RO         1900    .text.OUTLINED_FUNCTION_62  stm32h7xx_hal_tim.o
    0x08005ce6   0x08005ce6   0x00000010   Code   RO         1902    .text.OUTLINED_FUNCTION_63  stm32h7xx_hal_tim.o
    0x08005cf6   0x08005cf6   0x00000008   Code   RO         1904    .text.OUTLINED_FUNCTION_64  stm32h7xx_hal_tim.o
    0x08005cfe   0x08005cfe   0x00000006   Code   RO         1906    .text.OUTLINED_FUNCTION_65  stm32h7xx_hal_tim.o
    0x08005d04   0x08005d04   0x00000006   Code   RO         1908    .text.OUTLINED_FUNCTION_66  stm32h7xx_hal_tim.o
    0x08005d0a   0x08005d0a   0x00000008   Code   RO          400    .text.OUTLINED_FUNCTION_7  stm32h7xx_hal_rcc_ex.o
    0x08005d12   0x08005d12   0x0000000c   Code   RO         1464    .text.OUTLINED_FUNCTION_7  stm32h7xx_hal_spi.o
    0x08005d1e   0x08005d1e   0x0000000c   Code   RO         1790    .text.OUTLINED_FUNCTION_7  stm32h7xx_hal_tim.o
    0x08005d2a   0x08005d2a   0x0000000a   Code   RO         1918    .text.OUTLINED_FUNCTION_71  stm32h7xx_hal_tim.o
    0x08005d34   0x08005d34   0x0000000e   Code   RO         1922    .text.OUTLINED_FUNCTION_73  stm32h7xx_hal_tim.o
    0x08005d42   0x08005d42   0x00000016   Code   RO          402    .text.OUTLINED_FUNCTION_8  stm32h7xx_hal_rcc_ex.o
    0x08005d58   0x08005d58   0x0000000a   Code   RO         1466    .text.OUTLINED_FUNCTION_8  stm32h7xx_hal_spi.o
    0x08005d62   0x08005d62   0x0000001c   Code   RO         2276    .text.OUTLINED_FUNCTION_8  stm32h7xx_hal_uart.o
    0x08005d7e   0x08005d7e   0x00000006   Code   RO         1938    .text.OUTLINED_FUNCTION_81  stm32h7xx_hal_tim.o
    0x08005d84   0x08005d84   0x0000000e   Code   RO         1940    .text.OUTLINED_FUNCTION_82  stm32h7xx_hal_tim.o
    0x08005d92   0x08005d92   0x0000000a   Code   RO         1942    .text.OUTLINED_FUNCTION_83  stm32h7xx_hal_tim.o
    0x08005d9c   0x08005d9c   0x0000000a   Code   RO          404    .text.OUTLINED_FUNCTION_9  stm32h7xx_hal_rcc_ex.o
    0x08005da6   0x08005da6   0x0000000e   Code   RO         1794    .text.OUTLINED_FUNCTION_9  stm32h7xx_hal_tim.o
    0x08005db4   0x08005db4   0x0000000c   Code   RO         2278    .text.OUTLINED_FUNCTION_9  stm32h7xx_hal_uart.o
    0x08005dc0   0x08005dc0   0x00000068   Code   RO           92    .text.PID_init      main.o
    0x08005e28   0x08005e28   0x00000002   Code   RO          207    .text.PendSV_Handler  stm32h7xx_it.o
    0x08005e2a   0x08005e2a   0x00000076   Code   RO           43    .text.Position_Pid  pid.o
    0x08005ea0   0x08005ea0   0x000000c0   Code   RO          332    .text.RCCEx_PLL2_Config  stm32h7xx_hal_rcc_ex.o
    0x08005f60   0x08005f60   0x000000c4   Code   RO          334    .text.RCCEx_PLL3_Config  stm32h7xx_hal_rcc_ex.o
    0x08006024   0x08006024   0x00000008   Code   RO           13    .text.ReadAngle     app_tle5012b.o
    0x0800602c   0x0800602c   0x00000008   Code   RO           21    .text.ReadAngle_Y   app_tle5012b.o
    0x08006034   0x08006034   0x0000003c   Code   RO           15    .text.ReadValue     app_tle5012b.o
    0x08006070   0x08006070   0x00000040   Code   RO           23    .text.ReadValue_Y   app_tle5012b.o
    0x080060b0   0x080060b0   0x000000ac   Code   RO         1364    .text.SPI_CloseTransfer  stm32h7xx_hal_spi.o
    0x0800615c   0x0800615c   0x00000028   Code   RO         1366    .text.SPI_WaitOnFlagUntilTimeout  stm32h7xx_hal_spi.o
    0x08006184   0x08006184   0x00000002   Code   RO          203    .text.SVC_Handler   stm32h7xx_it.o
    0x08006186   0x08006186   0x00000004   Code   RO          209    .text.SysTick_Handler  stm32h7xx_it.o
    0x0800618a   0x0800618a   0x00000002   PAD
    0x0800618c   0x0800618c   0x000000b0   Code   RO           90    .text.SystemClock_Config  main.o
    0x0800623c   0x0800623c   0x000000bc   Code   RO         2390    .text.SystemInit    system_stm32h7xx.o
    0x080062f8   0x080062f8   0x0000000c   Code   RO          211    .text.TIM3_IRQHandler  stm32h7xx_it.o
    0x08006304   0x08006304   0x000000b4   Code   RO         1544    .text.TIM_Base_SetConfig  stm32h7xx_hal_tim.o
    0x080063b8   0x080063b8   0x0000001e   Code   RO         1578    .text.TIM_CCxChannelCmd  stm32h7xx_hal_tim.o
    0x080063d6   0x080063d6   0x00000002   PAD
    0x080063d8   0x080063d8   0x00000084   Code   RO         1688    .text.TIM_OC1_SetConfig  stm32h7xx_hal_tim.o
    0x0800645c   0x0800645c   0x00000078   Code   RO         1690    .text.TIM_OC2_SetConfig  stm32h7xx_hal_tim.o
    0x080064d4   0x080064d4   0x00000074   Code   RO         1692    .text.TIM_OC3_SetConfig  stm32h7xx_hal_tim.o
    0x08006548   0x08006548   0x0000005c   Code   RO         1694    .text.TIM_OC4_SetConfig  stm32h7xx_hal_tim.o
    0x080065a4   0x080065a4   0x00000050   Code   RO         1696    .text.TIM_OC5_SetConfig  stm32h7xx_hal_tim.o
    0x080065f4   0x080065f4   0x00000064   Code   RO         1698    .text.TIM_OC6_SetConfig  stm32h7xx_hal_tim.o
    0x08006658   0x08006658   0x00000022   Code   RO         1734    .text.TIM_TI1_ConfigInputStage  stm32h7xx_hal_tim.o
    0x0800667a   0x0800667a   0x00000022   Code   RO         1736    .text.TIM_TI2_ConfigInputStage  stm32h7xx_hal_tim.o
    0x0800669c   0x0800669c   0x00000044   Code   RO         2357    .text.UARTEx_SetNbDataToProcess  stm32h7xx_hal_uart_ex.o
    0x080066e0   0x080066e0   0x000000a8   Code   RO         2128    .text.UART_AdvFeatureConfig  stm32h7xx_hal_uart.o
    0x08006788   0x08006788   0x00000058   Code   RO         2130    .text.UART_CheckIdleState  stm32h7xx_hal_uart.o
    0x080067e0   0x080067e0   0x00000010   Code   RO         2212    .text.UART_DMAAbortOnError  stm32h7xx_hal_uart.o
    0x080067f0   0x080067f0   0x00000030   Code   RO         2182    .text.UART_EndRxTransfer  stm32h7xx_hal_uart.o
    0x08006820   0x08006820   0x0000004a   Code   RO         2252    .text.UART_RxISR_16BIT  stm32h7xx_hal_uart.o
    0x0800686a   0x0800686a   0x00000002   PAD
    0x0800686c   0x0800686c   0x000000d0   Code   RO         2248    .text.UART_RxISR_16BIT_FIFOEN  stm32h7xx_hal_uart.o
    0x0800693c   0x0800693c   0x00000046   Code   RO         2254    .text.UART_RxISR_8BIT  stm32h7xx_hal_uart.o
    0x08006982   0x08006982   0x00000002   PAD
    0x08006984   0x08006984   0x000000d4   Code   RO         2250    .text.UART_RxISR_8BIT_FIFOEN  stm32h7xx_hal_uart.o
    0x08006a58   0x08006a58   0x00000350   Code   RO         2126    .text.UART_SetConfig  stm32h7xx_hal_uart.o
    0x08006da8   0x08006da8   0x000000cc   Code   RO         2160    .text.UART_Start_Receive_IT  stm32h7xx_hal_uart.o
    0x08006e74   0x08006e74   0x0000007e   Code   RO         2144    .text.UART_WaitOnFlagUntilTimeout  stm32h7xx_hal_uart.o
    0x08006ef2   0x08006ef2   0x00000002   PAD
    0x08006ef4   0x08006ef4   0x00000008   Code   RO          213    .text.USART1_IRQHandler  stm32h7xx_it.o
    0x08006efc   0x08006efc   0x00000002   Code   RO          201    .text.UsageFault_Handler  stm32h7xx_it.o
    0x08006efe   0x08006efe   0x0000000e   Code   RO         2464    .text.Vofa_Init     vofa.o
    0x08006f0c   0x08006f0c   0x00000020   Code   RO         2470    .text.Vofa_JustFloat  vofa.o
    0x08006f2c   0x08006f2c   0x0000002a   Code   RO         2472    .text.Vofa_Printf   vofa.o
    0x08006f56   0x08006f56   0x00000002   PAD
    0x08006f58   0x08006f58   0x0000001c   Code   RO         2441    .text.Vofa_SendDataCallBack  js.o
    0x08006f74   0x08006f74   0x00000024   Code   RO          234    .text.__NVIC_SetPriority  stm32h7xx_hal_cortex.o
    0x08006f98   0x08006f98   0x000000b8   Code   RO         2412    .text.circle_cb     fw.o
    0x08007050   0x08007050   0x00000034   Code   RO         2416    .text.cmd123_cb     fw.o
    0x08007084   0x08007084   0x00000038   Code   RO         2404    .text.default_cb    fw.o
    0x080070bc   0x080070bc   0x00000024   Code   RO         2452    .text.dwt_access    dwt.o
    0x080070e0   0x080070e0   0x00000040   Code   RO         2450    .text.dwt_init      dwt.o
    0x08007120   0x08007120   0x00000002   Code   RO         2408    .text.extend_cb     fw.o
    0x08007122   0x08007122   0x00000002   PAD
    0x08007124   0x08007124   0x00000028   Code   RO         2420    .text.fw_init       fw.o
    0x0800714c   0x0800714c   0x0000004c   Code   RO         2422    .text.fw_task       fw.o
    0x08007198   0x08007198   0x000000f4   Code   RO         2410    .text.line_cb       fw.o
    0x0800728c   0x0800728c   0x00000134   Code   RO           88    .text.main          main.o
    0x080073c0   0x080073c0   0x00000088   Code   RO           67    .text.motor_ctl     motor.o
    0x08007448   0x08007448   0x00000018   Code   RO         2418    .text.setkp_cb      fw.o
    0x08007460   0x08007460   0x0000005c   Code   RO         2406    .text.stop_cb       fw.o
    0x080074bc   0x080074bc   0x0000000c   Code   RO         2414    .text.to_mid_cb     fw.o
    0x080074c8   0x080074c8   0x0000003e   Code   RO         2836    CL$$btod_d2e        c_w.l(btod.o)
    0x08007506   0x08007506   0x00000046   Code   RO         2838    CL$$btod_d2e_denorm_low  c_w.l(btod.o)
    0x0800754c   0x0800754c   0x00000060   Code   RO         2837    CL$$btod_d2e_norm_op1  c_w.l(btod.o)
    0x080075ac   0x080075ac   0x00000338   Code   RO         2846    CL$$btod_div_common  c_w.l(btod.o)
    0x080078e4   0x080078e4   0x00000084   Code   RO         2844    CL$$btod_e2d        c_w.l(btod.o)
    0x08007968   0x08007968   0x000000dc   Code   RO         2843    CL$$btod_e2e        c_w.l(btod.o)
    0x08007a44   0x08007a44   0x0000002a   Code   RO         2840    CL$$btod_ediv       c_w.l(btod.o)
    0x08007a6e   0x08007a6e   0x0000002a   Code   RO         2842    CL$$btod_edivd      c_w.l(btod.o)
    0x08007a98   0x08007a98   0x0000002a   Code   RO         2839    CL$$btod_emul       c_w.l(btod.o)
    0x08007ac2   0x08007ac2   0x0000002a   Code   RO         2841    CL$$btod_emuld      c_w.l(btod.o)
    0x08007aec   0x08007aec   0x00000244   Code   RO         2845    CL$$btod_mult_common  c_w.l(btod.o)
    0x08007d30   0x08007d30   0x0000005a   Code   RO         2496    i.Create_RingBuff   FW_LIB.lib(ringbuff.o)
    0x08007d8a   0x08007d8a   0x00000044   Code   RO         2498    i.Read_RingBuff     FW_LIB.lib(ringbuff.o)
    0x08007dce   0x08007dce   0x00000094   Code   RO         2546    i.Serial_parse_char  FW_LIB.lib(serial_rx.o)
    0x08007e62   0x08007e62   0x00000046   Code   RO         2499    i.Write_RingBuff    FW_LIB.lib(ringbuff.o)
    0x08007ea8   0x08007ea8   0x00000030   Code   RO         2770    i.__ARM_fpclassify  m_wv.l(fpclassify.o)
    0x08007ed8   0x08007ed8   0x000000c4   Code   RO         2880    i.__hardfp___mathlib_tofloat  m_wv.l(narrow.o)
    0x08007f9c   0x08007f9c   0x00000004   PAD
    0x08007fa0   0x08007fa0   0x000001d4   Code   RO         2609    i.__hardfp_atan     m_wv.l(atan.o)
    0x08008174   0x08008174   0x00000004   PAD
    0x08008178   0x08008178   0x000000b0   Code   RO         2616    i.__hardfp_cos      m_wv.l(cos.o)
    0x08008228   0x08008228   0x000000b0   Code   RO         2622    i.__hardfp_sin      m_wv.l(sin.o)
    0x080082d8   0x080082d8   0x00000308   Code   RO         2774    i.__ieee754_rem_pio2  m_wv.l(rred.o)
    0x080085e0   0x080085e0   0x000000c4   Code   RO         2747    i.__kernel_cos      m_wv.l(cos_i.o)
    0x080086a4   0x080086a4   0x00000070   Code   RO         2772    i.__kernel_poly     m_wv.l(poly.o)
    0x08008714   0x08008714   0x00000004   PAD
    0x08008718   0x08008718   0x000000a0   Code   RO         2779    i.__kernel_sin      m_wv.l(sin_i.o)
    0x080087b8   0x080087b8   0x00000006   Code   RO         2751    i.__mathlib_dbl_infnan  m_wv.l(dunder.o)
    0x080087be   0x080087be   0x00000002   PAD
    0x080087c0   0x080087c0   0x00000018   Code   RO         2753    i.__mathlib_dbl_invalid  m_wv.l(dunder.o)
    0x080087d8   0x080087d8   0x00000018   Code   RO         2754    i.__mathlib_dbl_overflow  m_wv.l(dunder.o)
    0x080087f0   0x080087f0   0x00000018   Code   RO         2756    i.__mathlib_dbl_underflow  m_wv.l(dunder.o)
    0x08008808   0x08008808   0x00000012   Code   RO         2881    i.__mathlib_narrow  m_wv.l(narrow.o)
    0x0800881a   0x0800881a   0x000000a6   Code   RO         2989    i.__support_ldexp   m_wv.l(ldexp.o)
    0x080088c0   0x080088c0   0x0000000e   Code   RO         2695    i._is_digit         c_w.l(__printf_wp.o)
    0x080088ce   0x080088ce   0x00000052   Code   RO         2547    i.assic_check       FW_LIB.lib(serial_rx.o)
    0x08008920   0x08008920   0x00000018   Code   RO         2766    i.fabs              m_wv.l(fabs.o)
    0x08008938   0x08008938   0x0000008c   Code   RO         2964    i.frexp             m_wv.l(frexp.o)
    0x080089c4   0x080089c4   0x00000080   Code   RO         2548    i.fw_pare_cb_tassk  FW_LIB.lib(serial_rx.o)
    0x08008a44   0x08008a44   0x000000ac   Code   RO         2549    i.fw_sscanf         FW_LIB.lib(serial_rx.o)
    0x08008af0   0x08008af0   0x0000002c   Code   RO         2864    locale$$code        c_w.l(lc_numeric_c.o)
    0x08008b1c   0x08008b1c   0x0000002c   Code   RO         2977    locale$$code        c_w.l(lc_ctype_c.o)
    0x08008b48   0x08008b48   0x00000010   Code   RO         3038    x$fpl$dcheck1       fz_wv.l(dcheck1.o)
    0x08008b58   0x08008b58   0x0000001a   Code   RO         2985    x$fpl$fpinit        fz_wv.l(fpinit.o)
    0x08008b72   0x08008b72   0x00000006   Code   RO         2872    x$fpl$ieeestatus    fz_wv.l(istatus.o)
    0x08008b78   0x08008b78   0x00000004   Code   RO         2738    x$fpl$printf1       fz_wv.l(printf1.o)
    0x08008b7c   0x08008b7c   0x00000004   Code   RO         2740    x$fpl$printf2       fz_wv.l(printf2.o)
    0x08008b80   0x08008b80   0x00000064   Code   RO         3072    x$fpl$retnan        fz_wv.l(retnan.o)
    0x08008be4   0x08008be4   0x0000005c   Code   RO         3014    x$fpl$scalbn        fz_wv.l(scalbn.o)
    0x08008c40   0x08008c40   0x00000004   Code   RO         2607    x$fpl$scanf1        fz_wv.l(scanf1.o)
    0x08008c44   0x08008c44   0x00000008   Code   RO         2874    x$fpl$scanf2        fz_wv.l(scanf2.o)
    0x08008c4c   0x08008c4c   0x00000030   Code   RO         3074    x$fpl$trapveneer    fz_wv.l(trapv.o)
    0x08008c7c   0x08008c7c   0x00000000   Code   RO         2746    x$fpl$usenofp       fz_wv.l(usenofp.o)
    0x08008c7c   0x08008c7c   0x00000004   PAD
    0x08008c80   0x08008c80   0x00000098   Data   RO         2612    .constdata          m_wv.l(atan.o)
    0x08008d18   0x08008d18   0x00000008   Data   RO         2654    .constdata          c_w.l(_printf_wctomb.o)
    0x08008d20   0x08008d20   0x00000028   Data   RO         2683    .constdata          c_w.l(_printf_hex_int_ll_ptr.o)
    0x08008d48   0x08008d48   0x00000011   Data   RO         2703    .constdata          c_w.l(__printf_flags_ss_wp.o)
    0x08008d59   0x08008d59   0x00000007   PAD
    0x08008d60   0x08008d60   0x00000030   Data   RO         2748    .constdata          m_wv.l(cos_i.o)
    0x08008d90   0x08008d90   0x000000cc   Data   RO         2776    .constdata          m_wv.l(rred.o)
    0x08008e5c   0x08008e5c   0x00000004   PAD
    0x08008e60   0x08008e60   0x00000028   Data   RO         2780    .constdata          m_wv.l(sin_i.o)
    0x08008e88   0x08008e88   0x00000026   Data   RO         2822    .constdata          c_w.l(_printf_fp_hex.o)
    0x08008eae   0x08008eae   0x00000002   PAD
    0x08008eb0   0x08008eb0   0x00000094   Data   RO         2834    .constdata          c_w.l(bigflt0.o)
    0x08008f44   0x08008f44   0x00000010   Data   RO         2394    .rodata.D1CorePrescTable  system_stm32h7xx.o
    0x08008f54   0x08008f54   0x00000018   Data   RO         2330    .rodata.UARTPrescTable  stm32h7xx_hal_uart.o
    0x08008f6c   0x08008f6c   0x00000010   Data   RO         2381    .rodata.cst8        stm32h7xx_hal_uart_ex.o
    0x08008f7c   0x08008f7c   0x00000004   Data   RO         2486    .rodata.justFloatTail  vofa.o
    0x08008f80   0x08008f80   0x00000020   Data   RO         3077    Region$$Table       anon$$obj.o
    0x08008fa0   0x08008fa0   0x00000008   Data   RO         2868    c$$dinf             fz_wv.l(fpconst.o)
    0x08008fa8   0x08008fa8   0x00000008   Data   RO         2871    c$$dmax             fz_wv.l(fpconst.o)
    0x08008fb0   0x08008fb0   0x0000001c   Data   RO         2863    locale$$data        c_w.l(lc_numeric_c.o)
    0x08008fcc   0x08008fcc   0x00000110   Data   RO         2976    locale$$data        c_w.l(lc_ctype_c.o)


    Execution Region RW_IRAM1 (Exec base: 0x20000000, Load base: 0x080090dc, Size: 0x00000000, Max: 0x00020000, ABSOLUTE)

    **** No section assigned to this execution region ****


    Execution Region RW_IRAM2 (Exec base: 0x24000000, Load base: 0x080090e0, Size: 0x00002328, Max: 0x00080000, ABSOLUTE, COMPRESSED[0x00001418])

    Exec Addr    Load Addr    Size         Type   Attr      Idx    E Section Name        Object

    0x24000000   COMPRESSED   0x00000008   Data   RW          953    .data..L_MergedGlobals  stm32h7xx_hal.o
    0x24000008   COMPRESSED   0x00000008   Data   RW         2395    .data..L_MergedGlobals  system_stm32h7xx.o
    0x24000010   COMPRESSED   0x00000004   Data   RW          163    .data.K_ff          tim.o
    0x24000014   COMPRESSED   0x00000080   Data   RW         2430    .data.fw_cb         fw.o
    0x24000094   COMPRESSED   0x00001770   Data   RW           98    .data.sin_wave      main.o
    0x24001804   COMPRESSED   0x00000004   PAD
    0x24001808        -       0x00000010   Zero   RW         2550    .bss                FW_LIB.lib(serial_rx.o)
    0x24001818        -       0x00000060   Zero   RW         2889    .bss                c_w.l(libspace.o)
    0x24001878        -       0x00000044   Zero   RW          101    .bss..L_MergedGlobals  main.o
    0x240018bc        -       0x00000043   Zero   RW         2432    .bss..L_MergedGlobals  fw.o
    0x240018ff   COMPRESSED   0x00000001   PAD
    0x24001900        -       0x00000034   Zero   RW           55    .bss.PID1_X         pid.o
    0x24001934        -       0x00000034   Zero   RW           56    .bss.PID1_Y         pid.o
    0x24001968        -       0x00000034   Zero   RW           57    .bss.PID2_X         pid.o
    0x2400199c        -       0x00000034   Zero   RW           58    .bss.PID2_Y         pid.o
    0x240019d0        -       0x00000088   Zero   RW          133    .bss.hspi1          spi.o
    0x24001a58        -       0x00000088   Zero   RW          134    .bss.hspi2          spi.o
    0x24001ae0        -       0x0000004c   Zero   RW          164    .bss.htim2          tim.o
    0x24001b2c        -       0x0000004c   Zero   RW          165    .bss.htim3          tim.o
    0x24001b78        -       0x00000090   Zero   RW          184    .bss.huart1         usart.o
    0x24001c08        -       0x000000d8   Zero   RW           99    .bss.jSHandle       main.o
    0x24001ce0        -       0x00000040   Zero   RW         2431    .bss.rb             fw.o
    0x24001d20        -       0x00000004   Zero   RW          952    .bss.uwTick         stm32h7xx_hal.o
    0x24001d24   COMPRESSED   0x00000004   PAD
    0x24001d28        -       0x00000200   Zero   RW            2    HEAP                startup_stm32h750xx.o
    0x24001f28        -       0x00000400   Zero   RW            1    STACK               startup_stm32h750xx.o


==============================================================================

Image component sizes


      Code (inc. data)   RO Data    RW Data    ZI Data      Debug   Object Name

       160         12          0          0          0       2646   app_tle5012b.o
       100         16          0          0          0       2068   dwt.o
       830        168          0        128        131       4262   fw.o
       248         16          0          0          0       2996   gpio.o
        28          4          0          0          0       1273   js.o
       624         92          0       6000        284       5877   main.o
       136         12          0          0          0       1563   motor.o
       400          4          0          0        208       1909   pid.o
       434         32          0          0        272       8608   spi.o
        64         26        664          0       1536        816   startup_stm32h750xx.o
       192         24          0          8          4      14986   stm32h7xx_hal.o
       192         28          0          0          0      12195   stm32h7xx_hal_cortex.o
      1216        148          0          0          0      15412   stm32h7xx_hal_dma.o
       406         16          0          0          0       6881   stm32h7xx_hal_gpio.o
        36          4          0          0          0       2194   stm32h7xx_hal_msp.o
        82          4          0          0          0      10727   stm32h7xx_hal_pwr_ex.o
      2064         64          0          0          0      11449   stm32h7xx_hal_rcc.o
      2932        158          0          0          0      17986   stm32h7xx_hal_rcc_ex.o
      2280          4          0          0          0      23037   stm32h7xx_hal_spi.o
      2430        142          0          0          0      50659   stm32h7xx_hal_tim.o
       130          0          0          0          0      22646   stm32h7xx_hal_tim_ex.o
      3358        186         24          0          0      29730   stm32h7xx_hal_uart.o
       250          8         16          0          0      10033   stm32h7xx_hal_uart_ex.o
        40          4          0          0          0       1163   stm32h7xx_it.o
       188         40         16          8          0       5799   system_stm32h7xx.o
      1062         88          0          4        152      12056   tim.o
       284         24          0          0        144      11423   usart.o
        88          4          4          0          0       4430   vofa.o

    ----------------------------------------------------------------------
     20290       1328        756       6148       2740     294824   Object Totals
         0          0         32          0          0          0   (incl. Generated)
        36          0          0          0          9          0   (incl. Padding)

    ----------------------------------------------------------------------

      Code (inc. data)   RO Data    RW Data    ZI Data      Debug   Library Member Name

       228          0          0          0          0       5155   ringbuff.o
       530         42          0          0         16       5041   serial_rx.o
        60          8          0          0          0         84   __0sscanf.o
       100          0          0          0          0          0   __dclz77c.o
         8          0          0          0          0         68   __main.o
       392          4         17          0          0         92   __printf_flags_ss_wp.o
        14          0          0          0          0         68   __printf_wp.o
         0          0          0          0          0          0   __rtentry.o
        12          0          0          0          0          0   __rtentry2.o
         6          0          0          0          0          0   __rtentry4.o
        52          8          0          0          0          0   __scatter.o
        28          0          0          0          0          0   __scatter_zi.o
        72          0          0          0          0         96   _c16rtomb.o
        28          0          0          0          0         68   _chval.o
         6          0          0          0          0          0   _printf_a.o
         6          0          0          0          0          0   _printf_c.o
        44          0          0          0          0        108   _printf_char.o
        48          6          0          0          0         96   _printf_char_common.o
        40          0          0          0          0         68   _printf_charcount.o
         6          0          0          0          0          0   _printf_d.o
       120         16          0          0          0         92   _printf_dec.o
         6          0          0          0          0          0   _printf_e.o
         6          0          0          0          0          0   _printf_f.o
      1052          0          0          0          0        148   _printf_fp_dec.o
       764          8         38          0          0        100   _printf_fp_hex.o
       128         16          0          0          0         84   _printf_fp_infnan.o
         6          0          0          0          0          0   _printf_g.o
       148          4         40          0          0        160   _printf_hex_int_ll_ptr.o
         6          0          0          0          0          0   _printf_i.o
       178          0          0          0          0         88   _printf_intcommon.o
        10          0          0          0          0          0   _printf_l.o
         6          0          0          0          0          0   _printf_lc.o
        10          0          0          0          0          0   _printf_ll.o
         6          0          0          0          0          0   _printf_lld.o
         6          0          0          0          0          0   _printf_lli.o
         6          0          0          0          0          0   _printf_llo.o
         6          0          0          0          0          0   _printf_llu.o
         6          0          0          0          0          0   _printf_llx.o
       124         16          0          0          0         92   _printf_longlong_dec.o
         6          0          0          0          0          0   _printf_ls.o
         6          0          0          0          0          0   _printf_n.o
         6          0          0          0          0          0   _printf_o.o
       112          8          0          0          0        124   _printf_oct_int_ll.o
         6          0          0          0          0          0   _printf_p.o
        78          0          0          0          0        108   _printf_pad.o
         0          0          0          0          0          0   _printf_percent.o
         4          0          0          0          0          0   _printf_percent_end.o
         6          0          0          0          0          0   _printf_s.o
        82          0          0          0          0         80   _printf_str.o
        36          0          0          0          0         84   _printf_truncate.o
         6          0          0          0          0          0   _printf_u.o
        44          0          0          0          0        108   _printf_wchar.o
       188          6          8          0          0         92   _printf_wctomb.o
         6          0          0          0          0          0   _printf_x.o
        22          0          0          0          0        100   _rserrno.o
       884          6          0          0          0        100   _scanf.o
        64          0          0          0          0         84   _sgetc.o
        16          0          0          0          0         68   _snputc.o
        10          0          0          0          0         68   _sputc.o
       228          4        148          0          0         96   bigflt0.o
      2152        136          0          0          0        960   btod.o
        18          0          0          0          0         80   exit.o
         6          0          0          0          0        152   heapauxi.o
         0          0          0          0          0          0   indicate_semi.o
        18          0          0          0          0         76   isspace.o
        44         10        272          0          0         76   lc_ctype_c.o
        44         10         28          0          0         76   lc_numeric_c.o
         2          0          0          0          0          0   libinit.o
        34          0          0          0          0          0   libinit2.o
         2          0          0          0          0          0   libshutdown.o
         2          0          0          0          0          0   libshutdown2.o
         8          4          0          0         96         68   libspace.o
        38          0          0          0          0         68   llshl.o
       138          0          0          0          0         80   lludiv10.o
       240          0          0          0          0        100   lludivv7m.o
        16          4          0          0          0         76   rt_ctype_table.o
         8          4          0          0          0         68   rt_errno_addr_intlibspace.o
         8          4          0          0          0         68   rt_locale_intlibspace.o
        68          0          0          0          0         68   rt_memclr.o
        78          0          0          0          0         80   rt_memclr_w.o
       138          0          0          0          0         68   rt_memcpy_v6.o
       100          0          0          0          0         80   rt_memcpy_w.o
         2          0          0          0          0          0   rtexit.o
        10          0          0          0          0          0   rtexit2.o
        44          8          0          0          0         84   scanf_char.o
      1272         16          0          0          0        168   scanf_fp.o
       800         14          0          0          0        100   scanf_hexfp.o
       308         16          0          0          0        100   scanf_infnan.o
       124          0          0          0          0         88   strcmpv7m_pel.o
        12          4          0          0          0         68   sys_exit.o
        74          0          0          0          0         80   sys_stackheap_outer.o
         2          0          0          0          0         68   use_no_semi.o
        52          4          0          0          0         80   vsnprintf.o
        16          4          0          0          0        116   dcheck1.o
         0          0         16          0          0          0   fpconst.o
        26          0          0          0          0        116   fpinit.o
         6          0          0          0          0        116   istatus.o
         4          0          0          0          0        116   printf1.o
         4          0          0          0          0        116   printf2.o
       100          0          0          0          0        116   retnan.o
        92          0          0          0          0        116   scalbn.o
         4          0          0          0          0        116   scanf1.o
         8          0          0          0          0        132   scanf2.o
        48          0          0          0          0        116   trapv.o
         0          0          0          0          0          0   usenofp.o
       468         66        152          0          0        224   atan.o
       176         18          0          0          0        156   cos.o
       196         14         48          0          0        176   cos_i.o
        78         42          0          0          0        464   dunder.o
        24          0          0          0          0        124   fabs.o
        48          0          0          0          0        124   fpclassify.o
       140         22          0          0          0        128   frexp.o
       166          0          0          0          0        148   ldexp.o
       214         10          0          0          0        292   narrow.o
       112          0          0          0          0        116   poly.o
       776        130        204          0          0        172   rred.o
       176         18          0          0          0        160   sin.o
       160         16         40          0          0        196   sin_i.o

    ----------------------------------------------------------------------
     15014        734       1024          0        112      19556   Library Totals
        26          8         13          0          0          0   (incl. Padding)

    ----------------------------------------------------------------------

      Code (inc. data)   RO Data    RW Data    ZI Data      Debug   Library Name

       758         42          0          0         16      10196   FW_LIB.lib
     11188        344        551          0         96       5704   c_w.l
       308          4         16          0          0       1176   fz_wv.l
      2734        336        444          0          0       2480   m_wv.l

    ----------------------------------------------------------------------
     15014        734       1024          0        112      19556   Library Totals

    ----------------------------------------------------------------------

==============================================================================


      Code (inc. data)   RO Data    RW Data    ZI Data      Debug   

     35304       2062       1780       6148       2852     308032   Grand Totals
     35304       2062       1780       5144       2852     308032   ELF Image Totals (compressed)
     35304       2062       1780       5144          0          0   ROM Totals

==============================================================================

    Total RO  Size (Code + RO Data)                37084 (  36.21kB)
    Total RW  Size (RW Data + ZI Data)              9000 (   8.79kB)
    Total ROM Size (Code + RO Data + RW Data)      42228 (  41.24kB)

==============================================================================

