Component: ARM Compiler 6.15 Tool: armlink [5dd79300]

==============================================================================

Section Cross References

    startup_stm32h750xx.o(STACK) refers (Special) to heapauxi.o(.text) for __use_two_region_memory
    startup_stm32h750xx.o(HEAP) refers (Special) to heapauxi.o(.text) for __use_two_region_memory
    startup_stm32h750xx.o(RESET) refers (Special) to heapauxi.o(.text) for __use_two_region_memory
    startup_stm32h750xx.o(RESET) refers to startup_stm32h750xx.o(STACK) for __initial_sp
    startup_stm32h750xx.o(RESET) refers to startup_stm32h750xx.o(.text) for Reset_Handler
    startup_stm32h750xx.o(RESET) refers to stm32h7xx_it.o(.text.NMI_Handler) for NMI_Handler
    startup_stm32h750xx.o(RESET) refers to stm32h7xx_it.o(.text.HardFault_Handler) for HardFault_Handler
    startup_stm32h750xx.o(RESET) refers to stm32h7xx_it.o(.text.MemManage_Handler) for MemManage_Handler
    startup_stm32h750xx.o(RESET) refers to stm32h7xx_it.o(.text.BusFault_Handler) for BusFault_Handler
    startup_stm32h750xx.o(RESET) refers to stm32h7xx_it.o(.text.UsageFault_Handler) for UsageFault_Handler
    startup_stm32h750xx.o(RESET) refers to stm32h7xx_it.o(.text.SVC_Handler) for SVC_Handler
    startup_stm32h750xx.o(RESET) refers to stm32h7xx_it.o(.text.DebugMon_Handler) for DebugMon_Handler
    startup_stm32h750xx.o(RESET) refers to stm32h7xx_it.o(.text.PendSV_Handler) for PendSV_Handler
    startup_stm32h750xx.o(RESET) refers to stm32h7xx_it.o(.text.SysTick_Handler) for SysTick_Handler
    startup_stm32h750xx.o(RESET) refers to stm32h7xx_it.o(.text.TIM3_IRQHandler) for TIM3_IRQHandler
    startup_stm32h750xx.o(RESET) refers to stm32h7xx_it.o(.text.USART1_IRQHandler) for USART1_IRQHandler
    startup_stm32h750xx.o(.text) refers (Special) to heapauxi.o(.text) for __use_two_region_memory
    startup_stm32h750xx.o(.text) refers to system_stm32h7xx.o(.text.SystemInit) for SystemInit
    startup_stm32h750xx.o(.text) refers to __main.o(!!!main) for __main
    startup_stm32h750xx.o(.text) refers to startup_stm32h750xx.o(HEAP) for Heap_Mem
    startup_stm32h750xx.o(.text) refers to startup_stm32h750xx.o(STACK) for Stack_Mem
    app_tle5012b.o(.text.SPIx_ReadWriteByte) refers to app_tle5012b.o(.text.OUTLINED_FUNCTION_1) for OUTLINED_FUNCTION_1
    app_tle5012b.o(.text.SPIx_ReadWriteByte) refers to app_tle5012b.o(.text.OUTLINED_FUNCTION_0) for OUTLINED_FUNCTION_0
    app_tle5012b.o(.text.SPIx_ReadWriteByte) refers to spi.o(.bss.hspi1) for hspi1
    app_tle5012b.o(.ARM.exidx.text.SPIx_ReadWriteByte) refers to app_tle5012b.o(.text.SPIx_ReadWriteByte) for [Anonymous Symbol]
    app_tle5012b.o(.text.ReadAngle) refers to app_tle5012b.o(.text.ReadValue) for ReadValue
    app_tle5012b.o(.ARM.exidx.text.ReadAngle) refers to app_tle5012b.o(.text.ReadAngle) for [Anonymous Symbol]
    app_tle5012b.o(.text.ReadValue) refers to stm32h7xx_hal_gpio.o(.text.HAL_GPIO_WritePin) for HAL_GPIO_WritePin
    app_tle5012b.o(.text.ReadValue) refers to app_tle5012b.o(.text.OUTLINED_FUNCTION_2) for OUTLINED_FUNCTION_2
    app_tle5012b.o(.text.ReadValue) refers to app_tle5012b.o(.text.OUTLINED_FUNCTION_3) for OUTLINED_FUNCTION_3
    app_tle5012b.o(.text.ReadValue) refers to spi.o(.bss.hspi1) for hspi1
    app_tle5012b.o(.ARM.exidx.text.ReadValue) refers to app_tle5012b.o(.text.ReadValue) for [Anonymous Symbol]
    app_tle5012b.o(.text.ReadSpeed) refers to app_tle5012b.o(.text.ReadValue) for ReadValue
    app_tle5012b.o(.ARM.exidx.text.ReadSpeed) refers to app_tle5012b.o(.text.ReadSpeed) for [Anonymous Symbol]
    app_tle5012b.o(.text.SPIx_ReadWriteByte_Y) refers to app_tle5012b.o(.text.OUTLINED_FUNCTION_1) for OUTLINED_FUNCTION_1
    app_tle5012b.o(.text.SPIx_ReadWriteByte_Y) refers to app_tle5012b.o(.text.OUTLINED_FUNCTION_0) for OUTLINED_FUNCTION_0
    app_tle5012b.o(.text.SPIx_ReadWriteByte_Y) refers to spi.o(.bss.hspi2) for hspi2
    app_tle5012b.o(.ARM.exidx.text.SPIx_ReadWriteByte_Y) refers to app_tle5012b.o(.text.SPIx_ReadWriteByte_Y) for [Anonymous Symbol]
    app_tle5012b.o(.text.ReadAngle_Y) refers to app_tle5012b.o(.text.ReadValue_Y) for ReadValue_Y
    app_tle5012b.o(.ARM.exidx.text.ReadAngle_Y) refers to app_tle5012b.o(.text.ReadAngle_Y) for [Anonymous Symbol]
    app_tle5012b.o(.text.ReadValue_Y) refers to stm32h7xx_hal_gpio.o(.text.HAL_GPIO_WritePin) for HAL_GPIO_WritePin
    app_tle5012b.o(.text.ReadValue_Y) refers to app_tle5012b.o(.text.OUTLINED_FUNCTION_2) for OUTLINED_FUNCTION_2
    app_tle5012b.o(.text.ReadValue_Y) refers to app_tle5012b.o(.text.OUTLINED_FUNCTION_3) for OUTLINED_FUNCTION_3
    app_tle5012b.o(.text.ReadValue_Y) refers to spi.o(.bss.hspi2) for hspi2
    app_tle5012b.o(.ARM.exidx.text.ReadValue_Y) refers to app_tle5012b.o(.text.ReadValue_Y) for [Anonymous Symbol]
    app_tle5012b.o(.text.ReadSpeed_Y) refers to app_tle5012b.o(.text.ReadValue_Y) for ReadValue_Y
[...]
    _scanf_really_infnan                     0x08002455   Thumb Code   292  scanf_infnan.o(.text)
    exit                                     0x08002589   Thumb Code    18  exit.o(.text)
    _chval                                   0x0800259b   Thumb Code    28  _chval.o(.text)
    _sys_exit                                0x080025b9   Thumb Code     8  sys_exit.o(.text)
    __I$use$semihosting                      0x080025c5   Thumb Code     0  use_no_semi.o(.text)
    __use_no_semihosting_swi                 0x080025c5   Thumb Code     2  use_no_semi.o(.text)
    AntiWindup                               0x080025c7   Thumb Code    24  pid.o(.text.AntiWindup)
    __semihosting_library_function           0x080025c7   Thumb Code     0  indicate_semi.o(.text)
    BusFault_Handler                         0x080025df   Thumb Code     2  stm32h7xx_it.o(.text.BusFault_Handler)
    Cap                                      0x080025e1   Thumb Code    76  pid.o(.text.Cap)
    DebugMon_Handler                         0x0800262d   Thumb Code     2  stm32h7xx_it.o(.text.DebugMon_Handler)
    Error_Handler                            0x08002631   Thumb Code    36  main.o(.text.Error_Handler)
    Execute                                  0x08002655   Thumb Code    64  pid.o(.text.Execute)
    HAL_DMA_Abort                            0x08002695   Thumb Code   748  stm32h7xx_hal_dma.o(.text.HAL_DMA_Abort)
    HAL_DMA_Abort_IT                         0x08002981   Thumb Code   468  stm32h7xx_hal_dma.o(.text.HAL_DMA_Abort_IT)
    HAL_GPIO_Init                            0x08002b55   Thumb Code   380  stm32h7xx_hal_gpio.o(.text.HAL_GPIO_Init)
    HAL_GPIO_TogglePin                       0x08002cd1   Thumb Code    16  stm32h7xx_hal_gpio.o(.text.HAL_GPIO_TogglePin)
    HAL_GPIO_WritePin                        0x08002ce1   Thumb Code    10  stm32h7xx_hal_gpio.o(.text.HAL_GPIO_WritePin)
    HAL_GetREVID                             0x08002ced   Thumb Code    12  stm32h7xx_hal.o(.text.HAL_GetREVID)
    HAL_GetTick                              0x08002cf9   Thumb Code     8  stm32h7xx_hal.o(.text.HAL_GetTick)
    HAL_IncTick                              0x08002d01   Thumb Code    20  stm32h7xx_hal.o(.text.HAL_IncTick)
    HAL_Init                                 0x08002d15   Thumb Code    80  stm32h7xx_hal.o(.text.HAL_Init)
    HAL_InitTick                             0x08002d65   Thumb Code    72  stm32h7xx_hal.o(.text.HAL_InitTick)
    HAL_MspInit                              0x08002dad   Thumb Code    36  stm32h7xx_hal_msp.o(.text.HAL_MspInit)
    HAL_NVIC_EnableIRQ                       0x08002dd1   Thumb Code    28  stm32h7xx_hal_cortex.o(.text.HAL_NVIC_EnableIRQ)
    HAL_NVIC_SetPriority                     0x08002ded   Thumb Code    56  stm32h7xx_hal_cortex.o(.text.HAL_NVIC_SetPriority)
    HAL_NVIC_SetPriorityGrouping             0x08002e25   Thumb Code    32  stm32h7xx_hal_cortex.o(.text.HAL_NVIC_SetPriorityGrouping)
    HAL_PWREx_ConfigSupply                   0x08002e45   Thumb Code    68  stm32h7xx_hal_pwr_ex.o(.text.HAL_PWREx_ConfigSupply)
    HAL_RCCEx_GetD3PCLK1Freq                 0x08002e89   Thumb Code    24  stm32h7xx_hal_rcc_ex.o(.text.HAL_RCCEx_GetD3PCLK1Freq)
    HAL_RCCEx_GetPLL2ClockFreq               0x08002ea1   Thumb Code   140  stm32h7xx_hal_rcc_ex.o(.text.HAL_RCCEx_GetPLL2ClockFreq)
    HAL_RCCEx_GetPLL3ClockFreq               0x08002f2d   Thumb Code   140  stm32h7xx_hal_rcc_ex.o(.text.HAL_RCCEx_GetPLL3ClockFreq)
    HAL_RCCEx_PeriphCLKConfig                0x08002fb9   Thumb Code  1880  stm32h7xx_hal_rcc_ex.o(.text.HAL_RCCEx_PeriphCLKConfig)
    HAL_RCC_ClockConfig                      0x08003711   Thumb Code   528  stm32h7xx_hal_rcc.o(.text.HAL_RCC_ClockConfig)
    HAL_RCC_GetHCLKFreq                      0x08003921   Thumb Code    60  stm32h7xx_hal_rcc.o(.text.HAL_RCC_GetHCLKFreq)
    HAL_RCC_GetPCLK1Freq                     0x0800395d   Thumb Code    20  stm32h7xx_hal_rcc.o(.text.HAL_RCC_GetPCLK1Freq)
    HAL_RCC_GetPCLK2Freq                     0x08003971   Thumb Code    28  stm32h7xx_hal_rcc.o(.text.HAL_RCC_GetPCLK2Freq)
    HAL_RCC_GetSysClockFreq                  0x0800398d   Thumb Code   244  stm32h7xx_hal_rcc.o(.text.HAL_RCC_GetSysClockFreq)
    HAL_RCC_OscConfig                        0x08003a81   Thumb Code  1120  stm32h7xx_hal_rcc.o(.text.HAL_RCC_OscConfig)
    HAL_SPI_Init                             0x08003ee1   Thumb Code   292  stm32h7xx_hal_spi.o(.text.HAL_SPI_Init)
    HAL_SPI_MspInit                          0x08004005   Thumb Code   280  spi.o(.text.HAL_SPI_MspInit)
    HAL_SPI_Receive                          0x0800411d   Thumb Code   430  stm32h7xx_hal_spi.o(.text.HAL_SPI_Receive)
    HAL_SPI_Transmit                         0x080042cb   Thumb Code   404  stm32h7xx_hal_spi.o(.text.HAL_SPI_Transmit)
    HAL_SPI_TransmitReceive                  0x0800445f   Thumb Code   666  stm32h7xx_hal_spi.o(.text.HAL_SPI_TransmitReceive)
    HAL_SYSTICK_Config                       0x080046f9   Thumb Code    40  stm32h7xx_hal_cortex.o(.text.HAL_SYSTICK_Config)
    HAL_TIMEx_Break2Callback                 0x08004721   Thumb Code     2  stm32h7xx_hal_tim_ex.o(.text.HAL_TIMEx_Break2Callback)
    HAL_TIMEx_BreakCallback                  0x08004723   Thumb Code     2  stm32h7xx_hal_tim_ex.o(.text.HAL_TIMEx_BreakCallback)
    HAL_TIMEx_CommutCallback                 0x08004725   Thumb Code     2  stm32h7xx_hal_tim_ex.o(.text.HAL_TIMEx_CommutCallback)
    HAL_TIMEx_MasterConfigSynchronization    0x08004729   Thumb Code   124  stm32h7xx_hal_tim_ex.o(.text.HAL_TIMEx_MasterConfigSynchronization)
    HAL_TIM_Base_Init                        0x080047a5   Thumb Code    30  stm32h7xx_hal_tim.o(.text.HAL_TIM_Base_Init)
    HAL_TIM_Base_MspInit                     0x080047c5   Thumb Code    56  tim.o(.text.HAL_TIM_Base_MspInit)
    HAL_TIM_Base_Start_IT                    0x080047fd   Thumb Code   124  stm32h7xx_hal_tim.o(.text.HAL_TIM_Base_Start_IT)
    HAL_TIM_ConfigClockSource                0x08004879   Thumb Code   220  stm32h7xx_hal_tim.o(.text.HAL_TIM_ConfigClockSource)
    HAL_TIM_IC_CaptureCallback               0x08004955   Thumb Code     2  stm32h7xx_hal_tim.o(.text.HAL_TIM_IC_CaptureCallback)
    HAL_TIM_IRQHandler                       0x08004957   Thumb Code   336  stm32h7xx_hal_tim.o(.text.HAL_TIM_IRQHandler)
    HAL_TIM_MspPostInit                      0x08004aa9   Thumb Code    80  tim.o(.text.HAL_TIM_MspPostInit)
    HAL_TIM_OC_DelayElapsedCallback          0x08004af9   Thumb Code     2  stm32h7xx_hal_tim.o(.text.HAL_TIM_OC_DelayElapsedCallback)
    HAL_TIM_PWM_ConfigChannel                0x08004afd   Thumb Code   172  stm32h7xx_hal_tim.o(.text.HAL_TIM_PWM_ConfigChannel)
    HAL_TIM_PWM_Init                         0x08004ba9   Thumb Code    30  stm32h7xx_hal_tim.o(.text.HAL_TIM_PWM_Init)
    HAL_TIM_PWM_MspInit                      0x08004bc9   Thumb Code    40  tim.o(.text.HAL_TIM_PWM_MspInit)
    HAL_TIM_PWM_PulseFinishedCallback        0x08004bf1   Thumb Code     2  stm32h7xx_hal_tim.o(.text.HAL_TIM_PWM_PulseFinishedCallback)
    HAL_TIM_PWM_Start                        0x08004bf5   Thumb Code   252  stm32h7xx_hal_tim.o(.text.HAL_TIM_PWM_Start)
    HAL_TIM_PeriodElapsedCallback            0x08004cf1   Thumb Code   284  tim.o(.text.HAL_TIM_PeriodElapsedCallback)
    HAL_TIM_TriggerCallback                  0x08004e0d   Thumb Code     2  stm32h7xx_hal_tim.o(.text.HAL_TIM_TriggerCallback)
    HAL_UARTEx_DisableFifoMode               0x08004e0f   Thumb Code    54  stm32h7xx_hal_uart_ex.o(.text.HAL_UARTEx_DisableFifoMode)
    HAL_UARTEx_RxEventCallback               0x08004e45   Thumb Code     2  stm32h7xx_hal_uart.o(.text.HAL_UARTEx_RxEventCallback)
    HAL_UARTEx_RxFifoFullCallback            0x08004e47   Thumb Code     2  stm32h7xx_hal_uart_ex.o(.text.HAL_UARTEx_RxFifoFullCallback)
    HAL_UARTEx_SetRxFifoThreshold            0x08004e49   Thumb Code    28  stm32h7xx_hal_uart_ex.o(.text.HAL_UARTEx_SetRxFifoThreshold)
    HAL_UARTEx_SetTxFifoThreshold            0x08004e65   Thumb Code    28  stm32h7xx_hal_uart_ex.o(.text.HAL_UARTEx_SetTxFifoThreshold)
    HAL_UARTEx_TxFifoEmptyCallback           0x08004e81   Thumb Code     2  stm32h7xx_hal_uart_ex.o(.text.HAL_UARTEx_TxFifoEmptyCallback)
    HAL_UARTEx_WakeupCallback                0x08004e83   Thumb Code     2  stm32h7xx_hal_uart_ex.o(.text.HAL_UARTEx_WakeupCallback)
    HAL_UART_ErrorCallback                   0x08004e85   Thumb Code     2  stm32h7xx_hal_uart.o(.text.HAL_UART_ErrorCallback)
    HAL_UART_IRQHandler                      0x08004e89   Thumb Code   600  stm32h7xx_hal_uart.o(.text.HAL_UART_IRQHandler)
    HAL_UART_Init                            0x080050e1   Thumb Code    58  stm32h7xx_hal_uart.o(.text.HAL_UART_Init)
    HAL_UART_MspInit                         0x0800511d   Thumb Code   144  usart.o(.text.HAL_UART_MspInit)
    HAL_UART_Receive_IT                      0x080051ad   Thumb Code    76  stm32h7xx_hal_uart.o(.text.HAL_UART_Receive_IT)
    HAL_UART_RxCpltCallback                  0x080051f9   Thumb Code    36  usart.o(.text.HAL_UART_RxCpltCallback)
    HAL_UART_Transmit                        0x0800521d   Thumb Code   196  stm32h7xx_hal_uart.o(.text.HAL_UART_Transmit)
    HAL_UART_TxCpltCallback                  0x080052e1   Thumb Code     2  stm32h7xx_hal_uart.o(.text.HAL_UART_TxCpltCallback)
    HardFault_Handler                        0x080052e3   Thumb Code     2  stm32h7xx_it.o(.text.HardFault_Handler)
    MX_GPIO_Init                             0x080052e5   Thumb Code   248  gpio.o(.text.MX_GPIO_Init)
    MX_SPI1_Init                             0x080053dd   Thumb Code    40  spi.o(.text.MX_SPI1_Init)
    MX_SPI2_Init                             0x08005405   Thumb Code    40  spi.o(.text.MX_SPI2_Init)
    MX_TIM2_Init                             0x0800542d   Thumb Code   160  tim.o(.text.MX_TIM2_Init)
    MX_TIM3_Init                             0x080054cd   Thumb Code   104  tim.o(.text.MX_TIM3_Init)
    MX_USART1_UART_Init                      0x08005535   Thumb Code   104  usart.o(.text.MX_USART1_UART_Init)
    MemManage_Handler                        0x0800559d   Thumb Code     2  stm32h7xx_it.o(.text.MemManage_Handler)
    NMI_Handler                              0x0800559f   Thumb Code     2  stm32h7xx_it.o(.text.NMI_Handler)
    PID_init                                 0x08005c55   Thumb Code    92  main.o(.text.PID_init)
    PendSV_Handler                           0x08005cb1   Thumb Code     2  stm32h7xx_it.o(.text.PendSV_Handler)
    Position_Pid                             0x08005cb3   Thumb Code    70  pid.o(.text.Position_Pid)
    ReadAngle                                0x08005e7d   Thumb Code     8  app_tle5012b.o(.text.ReadAngle)
    ReadAngle_Y                              0x08005e85   Thumb Code     8  app_tle5012b.o(.text.ReadAngle_Y)
    ReadValue                                0x08005e8d   Thumb Code    60  app_tle5012b.o(.text.ReadValue)
    ReadValue_Y                              0x08005ec9   Thumb Code    64  app_tle5012b.o(.text.ReadValue_Y)
    SVC_Handler                              0x08005fdd   Thumb Code     2  stm32h7xx_it.o(.text.SVC_Handler)
    SysTick_Handler                          0x08005fdf   Thumb Code     4  stm32h7xx_it.o(.text.SysTick_Handler)
    SystemClock_Config                       0x08005fe5   Thumb Code   176  main.o(.text.SystemClock_Config)
    SystemInit                               0x08006095   Thumb Code   188  system_stm32h7xx.o(.text.SystemInit)
    TIM3_IRQHandler                          0x08006151   Thumb Code    12  stm32h7xx_it.o(.text.TIM3_IRQHandler)
    TIM_Base_SetConfig                       0x0800615d   Thumb Code   180  stm32h7xx_hal_tim.o(.text.TIM_Base_SetConfig)
    TIM_CCxChannelCmd                        0x08006211   Thumb Code    30  stm32h7xx_hal_tim.o(.text.TIM_CCxChannelCmd)
    TIM_OC2_SetConfig                        0x080062b5   Thumb Code   120  stm32h7xx_hal_tim.o(.text.TIM_OC2_SetConfig)
    UART_AdvFeatureConfig                    0x08006539   Thumb Code   168  stm32h7xx_hal_uart.o(.text.UART_AdvFeatureConfig)
    UART_CheckIdleState                      0x080065e1   Thumb Code    88  stm32h7xx_hal_uart.o(.text.UART_CheckIdleState)
    UART_SetConfig                           0x080068b1   Thumb Code   848  stm32h7xx_hal_uart.o(.text.UART_SetConfig)
    UART_Start_Receive_IT                    0x08006c01   Thumb Code   204  stm32h7xx_hal_uart.o(.text.UART_Start_Receive_IT)
    UART_WaitOnFlagUntilTimeout              0x08006ccd   Thumb Code   126  stm32h7xx_hal_uart.o(.text.UART_WaitOnFlagUntilTimeout)
    USART1_IRQHandler                        0x08006d4d   Thumb Code     8  stm32h7xx_it.o(.text.USART1_IRQHandler)
    UsageFault_Handler                       0x08006d55   Thumb Code     2  stm32h7xx_it.o(.text.UsageFault_Handler)
    Vofa_Init                                0x08006d57   Thumb Code    14  vofa.o(.text.Vofa_Init)
    Vofa_JustFloat                           0x08006d65   Thumb Code    32  vofa.o(.text.Vofa_JustFloat)
    Vofa_Printf                              0x08006d85   Thumb Code    42  vofa.o(.text.Vofa_Printf)
    Vofa_SendDataCallBack                    0x08006db1   Thumb Code    28  js.o(.text.Vofa_SendDataCallBack)
    circle_cb                                0x08006df1   Thumb Code   140  fw.o(.text.circle_cb)
    cmd123_cb                                0x08006e7d   Thumb Code     2  fw.o(.text.cmd123_cb)
    default_cb                               0x08006e81   Thumb Code    56  fw.o(.text.default_cb)
    dwt_access                               0x08006eb9   Thumb Code    36  dwt.o(.text.dwt_access)
    dwt_init                                 0x08006edd   Thumb Code    64  dwt.o(.text.dwt_init)
    extend_cb                                0x08006f1d   Thumb Code     2  fw.o(.text.extend_cb)
    fw_init                                  0x08006f21   Thumb Code    40  fw.o(.text.fw_init)
    fw_task                                  0x08006f49   Thumb Code    76  fw.o(.text.fw_task)
    line_cb                                  0x08006f99   Thumb Code   220  fw.o(.text.line_cb)
    main                                     0x08007075   Thumb Code   296  main.o(.text.main)
    motor_ctl                                0x0800719d   Thumb Code   136  motor.o(.text.motor_ctl)
    setkp_cb                                 0x08007225   Thumb Code     2  fw.o(.text.setkp_cb)
    stop_cb                                  0x08007229   Thumb Code    80  fw.o(.text.stop_cb)
    to_mid_cb                                0x08007279   Thumb Code    12  fw.o(.text.to_mid_cb)
    _btod_d2e                                0x08007285   Thumb Code    62  btod.o(CL$$btod_d2e)
    _d2e_denorm_low                          0x080072c3   Thumb Code    70  btod.o(CL$$btod_d2e_denorm_low)
    _d2e_norm_op1                            0x08007309   Thumb Code    96  btod.o(CL$$btod_d2e_norm_op1)
    __btod_div_common                        0x08007369   Thumb Code   696  btod.o(CL$$btod_div_common)
    _e2d                                     0x080076a1   Thumb Code   122  btod.o(CL$$btod_e2d)
    _e2e                                     0x08007725   Thumb Code   220  btod.o(CL$$btod_e2e)
    _btod_ediv                               0x08007801   Thumb Code    42  btod.o(CL$$btod_ediv)
    _btod_edivd                              0x0800782b   Thumb Code    42  btod.o(CL$$btod_edivd)
    _btod_emul                               0x08007855   Thumb Code    42  btod.o(CL$$btod_emul)
    _btod_emuld                              0x0800787f   Thumb Code    42  btod.o(CL$$btod_emuld)
    __btod_mult_common                       0x080078a9   Thumb Code   580  btod.o(CL$$btod_mult_common)
    Create_RingBuff                          0x08007aed   Thumb Code    90  ringbuff.o(i.Create_RingBuff)
    Read_RingBuff                            0x08007b47   Thumb Code    68  ringbuff.o(i.Read_RingBuff)
    Serial_parse_char                        0x08007b8b   Thumb Code   148  serial_rx.o(i.Serial_parse_char)
    Write_RingBuff                           0x08007c1f   Thumb Code    70  ringbuff.o(i.Write_RingBuff)
    __ARM_fpclassify                         0x08007c65   Thumb Code    48  fpclassify.o(i.__ARM_fpclassify)
    __hardfp___mathlib_tofloat               0x08007c95   Thumb Code   186  narrow.o(i.__hardfp___mathlib_tofloat)
    __hardfp_atan                            0x08007d59   Thumb Code   402  atan.o(i.__hardfp_atan)
    __hardfp_cos                             0x08007f31   Thumb Code   158  cos.o(i.__hardfp_cos)
    __hardfp_sin                             0x08007fe1   Thumb Code   158  sin.o(i.__hardfp_sin)
    __ieee754_rem_pio2                       0x08008091   Thumb Code   646  rred.o(i.__ieee754_rem_pio2)
    __kernel_cos                             0x08008399   Thumb Code   182  cos_i.o(i.__kernel_cos)
    __kernel_poly                            0x0800845d   Thumb Code   112  poly.o(i.__kernel_poly)
    __kernel_sin                             0x080084d1   Thumb Code   144  sin_i.o(i.__kernel_sin)
    __mathlib_dbl_infnan                     0x08008571   Thumb Code     6  dunder.o(i.__mathlib_dbl_infnan)
    __mathlib_dbl_invalid                    0x08008579   Thumb Code    10  dunder.o(i.__mathlib_dbl_invalid)
    __mathlib_dbl_overflow                   0x08008591   Thumb Code    10  dunder.o(i.__mathlib_dbl_overflow)
    __mathlib_dbl_underflow                  0x080085a9   Thumb Code    10  dunder.o(i.__mathlib_dbl_underflow)
    __mathlib_narrow                         0x080085c1   Thumb Code    18  narrow.o(i.__mathlib_narrow)
    __support_ldexp                          0x080085d3   Thumb Code   166  ldexp.o(i.__support_ldexp)
    _is_digit                                0x08008679   Thumb Code    14  __printf_wp.o(i._is_digit)
    assic_check                              0x08008687   Thumb Code    82  serial_rx.o(i.assic_check)
    fabs                                     0x080086d9   Thumb Code    24  fabs.o(i.fabs)
    frexp                                    0x080086f1   Thumb Code   118  frexp.o(i.frexp)
    fw_pare_cb_tassk                         0x0800877d   Thumb Code   122  serial_rx.o(i.fw_pare_cb_tassk)
    fw_sscanf                                0x080087fd   Thumb Code   136  serial_rx.o(i.fw_sscanf)
    _get_lc_numeric                          0x080088a9   Thumb Code    44  lc_numeric_c.o(locale$$code)
    _get_lc_ctype                            0x080088d5   Thumb Code    44  lc_ctype_c.o(locale$$code)
    __fpl_dcheck_NaN1                        0x08008901   Thumb Code    10  dcheck1.o(x$fpl$dcheck1)
    _fp_init                                 0x08008911   Thumb Code    26  fpinit.o(x$fpl$fpinit)
    __fplib_config_fpu_vfp                   0x08008929   Thumb Code     0  fpinit.o(x$fpl$fpinit)
    __fplib_config_pureend_doubles           0x08008929   Thumb Code     0  fpinit.o(x$fpl$fpinit)
    __ieee_status                            0x0800892b   Thumb Code     6  istatus.o(x$fpl$ieeestatus)
    _printf_fp_dec                           0x08008931   Thumb Code     4  printf1.o(x$fpl$printf1)
    _printf_fp_hex                           0x08008935   Thumb Code     4  printf2.o(x$fpl$printf2)
    __fpl_return_NaN                         0x08008939   Thumb Code   100  retnan.o(x$fpl$retnan)
    __ARM_scalbn                             0x0800899d   Thumb Code    92  scalbn.o(x$fpl$scalbn)
    _scanf_real                              0x080089f9   Thumb Code     4  scanf1.o(x$fpl$scanf1)
    _scanf_hex_real                          0x080089fd   Thumb Code     4  scanf2.o(x$fpl$scanf2)
    _scanf_infnan                            0x08008a01   Thumb Code     4  scanf2.o(x$fpl$scanf2)
    __fpl_cmpreturn                          0x08008a05   Thumb Code    48  trapv.o(x$fpl$trapveneer)
    __I$use$fp                               0x08008a34   Number         0  usenofp.o(x$fpl$usenofp)
    D1CorePrescTable                         0x08008cfc   Data          16  system_stm32h7xx.o(.rodata.D1CorePrescTable)
    UARTPrescTable                           0x08008d0c   Data          24  stm32h7xx_hal_uart.o(.rodata.UARTPrescTable)
    Region$$Table$$Base                      0x08008d38   Number         0  anon$$obj.o(Region$$Table)
    Region$$Table$$Limit                     0x08008d58   Number         0  anon$$obj.o(Region$$Table)
    __aeabi_HUGE_VAL                         0x08008d58   Data           0  fpconst.o(c$$dinf)
    __aeabi_HUGE_VALL                        0x08008d58   Data           0  fpconst.o(c$$dinf)
    __aeabi_INFINITY                         0x08008d58   Data           0  fpconst.o(c$$dinf)
    __dInf                                   0x08008d58   Data           0  fpconst.o(c$$dinf)
    __huge_val                               0x08008d58   Data           0  fpconst.o(c$$dinf)
    __dbl_max                                0x08008d60   Data           0  fpconst.o(c$$dmax)
    __ctype                                  0x08008d91   Data           0  lc_ctype_c.o(locale$$data)
    uwTickFreq                               0x24000000   Data           1  stm32h7xx_hal.o(.data..L_MergedGlobals)
    uwTickPrio                               0x24000004   Data           4  stm32h7xx_hal.o(.data..L_MergedGlobals)
    SystemCoreClock                          0x24000008   Data           4  system_stm32h7xx.o(.data..L_MergedGlobals)
    SystemD2Clock                            0x2400000c   Data           4  system_stm32h7xx.o(.data..L_MergedGlobals)
    fw_cb                                    0x24000010   Data         128  fw.o(.data.fw_cb)
    sin_wave                                 0x24000090   Data       40000  main.o(.data.sin_wave)
    __libspace_start                         0x24009ce0   Data          96  libspace.o(.bss)
    Res                                      0x24009d40   Data           1  main.o(.bss..L_MergedGlobals)
    __temporary_stack_top$libspace           0x24009d40   Data           0  libspace.o(.bss)
    command_data                             0x24009d41   Data           3  main.o(.bss..L_MergedGlobals)
    pointer                                  0x24009d44   Data           4  main.o(.bss..L_MergedGlobals)
    angle                                    0x24009d48   Data           8  main.o(.bss..L_MergedGlobals)
    amp                                      0x24009d50   Data           8  main.o(.bss..L_MergedGlobals)
    motor                                    0x24009d58   Data          32  main.o(.bss..L_MergedGlobals)
    res                                      0x24009d78   Data           1  fw.o(.bss..L_MergedGlobals)
    status                                   0x24009d7c   Data           4  fw.o(.bss..L_MergedGlobals)
    uart_ringbuff                            0x24009d80   Data          16  fw.o(.bss..L_MergedGlobals)
    msg                                      0x24009d90   Data          43  fw.o(.bss..L_MergedGlobals)
    PID1_X                                   0x24009dbc   Data          52  pid.o(.bss.PID1_X)
    PID1_Y                                   0x24009df0   Data          52  pid.o(.bss.PID1_Y)
    PID2_X                                   0x24009e24   Data          52  pid.o(.bss.PID2_X)
    PID2_Y                                   0x24009e58   Data          52  pid.o(.bss.PID2_Y)
    hspi1                                    0x24009e8c   Data         136  spi.o(.bss.hspi1)
    hspi2                                    0x24009f14   Data         136  spi.o(.bss.hspi2)
    htim2                                    0x24009f9c   Data          76  tim.o(.bss.htim2)
    htim3                                    0x24009fe8   Data          76  tim.o(.bss.htim3)
    huart1                                   0x2400a034   Data         144  usart.o(.bss.huart1)
    jSHandle                                 0x2400a0c4   Data         216  main.o(.bss.jSHandle)
    rb                                       0x2400a19c   Data          64  fw.o(.bss.rb)
    uwTick                                   0x2400a1dc   Data           4  stm32h7xx_hal.o(.bss.uwTick)



==============================================================================

Memory Map of the image

  Image Entry point : 0x08000299

  Load Region LR_IROM1 (Base: 0x08000000, Size: 0x00012b68, Max: 0x00020000, ABSOLUTE, COMPRESSED[0x000116d8])

    Execution Region ER_IROM1 (Exec base: 0x08000000, Load base: 0x08000000, Size: 0x00008e94, Max: 0x00020000, ABSOLUTE)

    Exec Addr    Load Addr    Size         Type   Attr      Idx    E Section Name        Object

    0x08000000   0x08000000   0x00000298   Data   RO            3    RESET               startup_stm32h750xx.o
    0x08000298   0x08000298   0x00000008   Code   RO         2606  * !!!main             c_w.l(__main.o)
    0x080002a0   0x080002a0   0x00000034   Code   RO         3081    !!!scatter          c_w.l(__scatter.o)
    0x080002d4   0x080002d4   0x00000064   Code   RO         3079    !!dclz77c           c_w.l(__dclz77c.o)
    0x08000338   0x08000338   0x0000001c   Code   RO         3083    !!handler_zi        c_w.l(__scatter_zi.o)
    0x08000354   0x08000354   0x00000000   Code   RO         2719    .ARM.Collect$$_printf_percent$$00000000  c_w.l(_printf_percent.o)
    0x08000354   0x08000354   0x00000006   Code   RO         2708    .ARM.Collect$$_printf_percent$$00000001  c_w.l(_printf_n.o)
    0x0800035a   0x0800035a   0x00000006   Code   RO         2710    .ARM.Collect$$_printf_percent$$00000002  c_w.l(_printf_p.o)
    0x08000360   0x08000360   0x00000006   Code   RO         2715    .ARM.Collect$$_printf_percent$$00000003  c_w.l(_printf_f.o)
    0x08000366   0x08000366   0x00000006   Code   RO         2716    .ARM.Collect$$_printf_percent$$00000004  c_w.l(_printf_e.o)
    0x0800036c   0x0800036c   0x00000006   Code   RO         2717    .ARM.Collect$$_printf_percent$$00000005  c_w.l(_printf_g.o)
    0x08000372   0x08000372   0x00000006   Code   RO         2718    .ARM.Collect$$_printf_percent$$00000006  c_w.l(_printf_a.o)
    0x08000378   0x08000378   0x0000000a   Code   RO         2723    .ARM.Collect$$_printf_percent$$00000007  c_w.l(_printf_ll.o)
    0x08000382   0x08000382   0x00000006   Code   RO         2712    .ARM.Collect$$_printf_percent$$00000008  c_w.l(_printf_i.o)
    0x08000388   0x08000388   0x00000006   Code   RO         2713    .ARM.Collect$$_printf_percent$$00000009  c_w.l(_printf_d.o)
    0x0800038e   0x0800038e   0x00000006   Code   RO         2714    .ARM.Collect$$_printf_percent$$0000000A  c_w.l(_printf_u.o)
    0x08000394   0x08000394   0x00000006   Code   RO         2711    .ARM.Collect$$_printf_percent$$0000000B  c_w.l(_printf_o.o)
    0x0800039a   0x0800039a   0x00000006   Code   RO         2709    .ARM.Collect$$_printf_percent$$0000000C  c_w.l(_printf_x.o)
    0x080003a0   0x080003a0   0x00000006   Code   RO         2720    .ARM.Collect$$_printf_percent$$0000000D  c_w.l(_printf_lli.o)
    0x080003a6   0x080003a6   0x00000006   Code   RO         2721    .ARM.Collect$$_printf_percent$$0000000E  c_w.l(_printf_lld.o)
    0x080003ac   0x080003ac   0x00000006   Code   RO         2722    .ARM.Collect$$_printf_percent$$0000000F  c_w.l(_printf_llu.o)
    0x080003b2   0x080003b2   0x00000006   Code   RO         2727    .ARM.Collect$$_printf_percent$$00000010  c_w.l(_printf_llo.o)
    0x080003b8   0x080003b8   0x00000006   Code   RO         2728    .ARM.Collect$$_printf_percent$$00000011  c_w.l(_printf_llx.o)
    0x080003be   0x080003be   0x0000000a   Code   RO         2724    .ARM.Collect$$_printf_percent$$00000012  c_w.l(_printf_l.o)
    0x080003c8   0x080003c8   0x00000006   Code   RO         2706    .ARM.Collect$$_printf_percent$$00000013  c_w.l(_printf_c.o)
    0x080003ce   0x080003ce   0x00000006   Code   RO         2707    .ARM.Collect$$_printf_percent$$00000014  c_w.l(_printf_s.o)
    0x080003d4   0x080003d4   0x00000006   Code   RO         2725    .ARM.Collect$$_printf_percent$$00000015  c_w.l(_printf_lc.o)
    0x080003da   0x080003da   0x00000006   Code   RO         2726    .ARM.Collect$$_printf_percent$$00000016  c_w.l(_printf_ls.o)
    0x080003e0   0x080003e0   0x00000004   Code   RO         2831    .ARM.Collect$$_printf_percent$$00000017  c_w.l(_printf_percent_end.o)
    0x080003e4   0x080003e4   0x00000002   Code   RO         2917    .ARM.Collect$$libinit$$00000000  c_w.l(libinit.o)
    0x080003e6   0x080003e6   0x00000004   Code   RO         2918    .ARM.Collect$$libinit$$00000001  c_w.l(libinit2.o)
    0x080003ea   0x080003ea   0x00000000   Code   RO         2921    .ARM.Collect$$libinit$$00000004  c_w.l(libinit2.o)
    0x080003ea   0x080003ea   0x00000000   Code   RO         2924    .ARM.Collect$$libinit$$0000000A  c_w.l(libinit2.o)
    0x080003ea   0x080003ea   0x00000000   Code   RO         2926    .ARM.Collect$$libinit$$0000000C  c_w.l(libinit2.o)
    0x080003ea   0x080003ea   0x00000000   Code   RO         2928    .ARM.Collect$$libinit$$0000000E  c_w.l(libinit2.o)
    0x080003ea   0x080003ea   0x00000006   Code   RO         2929    .ARM.Collect$$libinit$$0000000F  c_w.l(libinit2.o)
    0x080003f0   0x080003f0   0x00000000   Code   RO         2931    .ARM.Collect$$libinit$$00000011  c_w.l(libinit2.o)
    0x080003f0   0x080003f0   0x0000000c   Code   RO         2932    .ARM.Collect$$libinit$$00000012  c_w.l(libinit2.o)
    0x080003fc   0x080003fc   0x00000000   Code   RO         2933    .ARM.Collect$$libinit$$00000013  c_w.l(libinit2.o)
    0x080003fc   0x080003fc   0x00000000   Code   RO         2935    .ARM.Collect$$libinit$$00000015  c_w.l(libinit2.o)
    0x080003fc   0x080003fc   0x0000000a   Code   RO         2936    .ARM.Collect$$libinit$$00000016  c_w.l(libinit2.o)
    0x08000406   0x08000406   0x00000000   Code   RO         2937    .ARM.Collect$$libinit$$00000017  c_w.l(libinit2.o)
    0x08000406   0x08000406   0x00000000   Code   RO         2939    .ARM.Collect$$libinit$$00000019  c_w.l(libinit2.o)
    0x08000406   0x08000406   0x00000000   Code   RO         2941    .ARM.Collect$$libinit$$0000001B  c_w.l(libinit2.o)
    0x08000406   0x08000406   0x00000000   Code   RO         2943    .ARM.Collect$$libinit$$0000001D  c_w.l(libinit2.o)
    0x08000406   0x08000406   0x00000000   Code   RO         2945    .ARM.Collect$$libinit$$0000001F  c_w.l(libinit2.o)
    0x08000406   0x08000406   0x00000000   Code   RO         2947    .ARM.Collect$$libinit$$00000021  c_w.l(libinit2.o)
    0x08000406   0x08000406   0x00000000   Code   RO         2949    .ARM.Collect$$libinit$$00000023  c_w.l(libinit2.o)
    0x08000406   0x08000406   0x00000000   Code   RO         2951    .ARM.Collect$$libinit$$00000025  c_w.l(libinit2.o)
    0x08000406   0x08000406   0x00000000   Code   RO         2955    .ARM.Collect$$libinit$$0000002C  c_w.l(libinit2.o)
    0x08000406   0x08000406   0x00000000   Code   RO         2957    .ARM.Collect$$libinit$$0000002E  c_w.l(libinit2.o)
    0x08000406   0x08000406   0x00000000   Code   RO         2959    .ARM.Collect$$libinit$$00000030  c_w.l(libinit2.o)
    0x08000406   0x08000406   0x00000000   Code   RO         2961    .ARM.Collect$$libinit$$00000032  c_w.l(libinit2.o)
    0x08000406   0x08000406   0x00000002   Code   RO         2962    .ARM.Collect$$libinit$$00000033  c_w.l(libinit2.o)
    0x08000408   0x08000408   0x00000002   Code   RO         3038    .ARM.Collect$$libshutdown$$00000000  c_w.l(libshutdown.o)
    0x0800040a   0x0800040a   0x00000000   Code   RO         3058    .ARM.Collect$$libshutdown$$00000002  c_w.l(libshutdown2.o)
    0x0800040a   0x0800040a   0x00000000   Code   RO         3060    .ARM.Collect$$libshutdown$$00000004  c_w.l(libshutdown2.o)
    0x0800040a   0x0800040a   0x00000000   Code   RO         3063    .ARM.Collect$$libshutdown$$00000007  c_w.l(libshutdown2.o)
    0x0800040a   0x0800040a   0x00000000   Code   RO         3066    .ARM.Collect$$libshutdown$$0000000A  c_w.l(libshutdown2.o)
    0x0800040a   0x0800040a   0x00000000   Code   RO         3068    .ARM.Collect$$libshutdown$$0000000C  c_w.l(libshutdown2.o)
    0x0800040a   0x0800040a   0x00000000   Code   RO         3071    .ARM.Collect$$libshutdown$$0000000F  c_w.l(libshutdown2.o)
    0x0800040a   0x0800040a   0x00000002   Code   RO         3072    .ARM.Collect$$libshutdown$$00000010  c_w.l(libshutdown2.o)
    0x0800040c   0x0800040c   0x00000000   Code   RO         2629    .ARM.Collect$$rtentry$$00000000  c_w.l(__rtentry.o)
    0x0800040c   0x0800040c   0x00000000   Code   RO         2784    .ARM.Collect$$rtentry$$00000002  c_w.l(__rtentry2.o)
    0x0800040c   0x0800040c   0x00000006   Code   RO         2796    .ARM.Collect$$rtentry$$00000004  c_w.l(__rtentry4.o)
    0x08000412   0x08000412   0x00000000   Code   RO         2786    .ARM.Collect$$rtentry$$00000009  c_w.l(__rtentry2.o)
    0x08000412   0x08000412   0x00000004   Code   RO         2787    .ARM.Collect$$rtentry$$0000000A  c_w.l(__rtentry2.o)
    0x08000416   0x08000416   0x00000000   Code   RO         2789    .ARM.Collect$$rtentry$$0000000C  c_w.l(__rtentry2.o)
    0x08000416   0x08000416   0x00000008   Code   RO         2790    .ARM.Collect$$rtentry$$0000000D  c_w.l(__rtentry2.o)
    0x0800041e   0x0800041e   0x00000002   Code   RO         2969    .ARM.Collect$$rtexit$$00000000  c_w.l(rtexit.o)
    0x08000420   0x08000420   0x00000000   Code   RO         3001    .ARM.Collect$$rtexit$$00000002  c_w.l(rtexit2.o)
    0x08000420   0x08000420   0x00000004   Code   RO         3002    .ARM.Collect$$rtexit$$00000003  c_w.l(rtexit2.o)
    0x08000424   0x08000424   0x00000006   Code   RO         3003    .ARM.Collect$$rtexit$$00000004  c_w.l(rtexit2.o)
    0x0800042a   0x0800042a   0x00000002   PAD
    0x0800042c   0x0800042c   0x00000040   Code   RO            4    .text               startup_stm32h750xx.o
    0x0800046c   0x0800046c   0x000000f0   Code   RO         2590    .text               c_w.l(lludivv7m.o)
    0x0800055c   0x0800055c   0x00000034   Code   RO         2592    .text               c_w.l(vsnprintf.o)
    0x08000590   0x08000590   0x0000003c   Code   RO         2594    .text               c_w.l(__0sscanf.o)
    0x080005cc   0x080005cc   0x0000008a   Code   RO         2596    .text               c_w.l(rt_memcpy_v6.o)
    0x08000656   0x08000656   0x00000044   Code   RO         2598    .text               c_w.l(rt_memclr.o)
    0x0800069a   0x0800069a   0x0000004e   Code   RO         2600    .text               c_w.l(rt_memclr_w.o)
    0x080006e8   0x080006e8   0x0000007c   Code   RO         2602    .text               c_w.l(strcmpv7m_pel.o)
    0x08000764   0x08000764   0x00000006   Code   RO         2604    .text               c_w.l(heapauxi.o)
    0x0800076a   0x0800076a   0x00000016   Code   RO         2634    .text               c_w.l(_rserrno.o)
    0x08000780   0x08000780   0x0000004e   Code   RO         2638    .text               c_w.l(_printf_pad.o)
    0x080007ce   0x080007ce   0x00000024   Code   RO         2640    .text               c_w.l(_printf_truncate.o)
    0x080007f2   0x080007f2   0x00000052   Code   RO         2642    .text               c_w.l(_printf_str.o)
    0x08000844   0x08000844   0x00000078   Code   RO         2644    .text               c_w.l(_printf_dec.o)
    0x080008bc   0x080008bc   0x00000028   Code   RO         2646    .text               c_w.l(_printf_charcount.o)
    0x080008e4   0x080008e4   0x00000030   Code   RO         2648    .text               c_w.l(_printf_char_common.o)
    0x08000914   0x08000914   0x0000000a   Code   RO         2650    .text               c_w.l(_sputc.o)
    0x0800091e   0x0800091e   0x00000010   Code   RO         2652    .text               c_w.l(_snputc.o)
    0x0800092e   0x0800092e   0x00000002   PAD
    0x08000930   0x08000930   0x000000bc   Code   RO         2654    .text               c_w.l(_printf_wctomb.o)
    0x080009ec   0x080009ec   0x0000007c   Code   RO         2657    .text               c_w.l(_printf_longlong_dec.o)
    0x08000a68   0x08000a68   0x00000070   Code   RO         2663    .text               c_w.l(_printf_oct_int_ll.o)
    0x08000ad8   0x08000ad8   0x00000094   Code   RO         2683    .text               c_w.l(_printf_hex_int_ll_ptr.o)
    0x08000b6c   0x08000b6c   0x00000188   Code   RO         2703    .text               c_w.l(__printf_flags_ss_wp.o)
    0x08000cf4   0x08000cf4   0x000004f8   Code   RO         2729    .text               c_w.l(scanf_fp.o)
    0x080011ec   0x080011ec   0x0000002c   Code   RO         2733    .text               c_w.l(scanf_char.o)
    0x08001218   0x08001218   0x00000040   Code   RO         2735    .text               c_w.l(_sgetc.o)
    0x08001258   0x08001258   0x00000064   Code   RO         2737    .text               c_w.l(rt_memcpy_w.o)
    0x080012bc   0x080012bc   0x00000008   Code   RO         2803    .text               c_w.l(rt_locale_intlibspace.o)
    0x080012c4   0x080012c4   0x00000008   Code   RO         2808    .text               c_w.l(rt_errno_addr_intlibspace.o)
    0x080012cc   0x080012cc   0x00000026   Code   RO         2810    .text               c_w.l(llshl.o)
    0x080012f2   0x080012f2   0x0000008a   Code   RO         2812    .text               c_w.l(lludiv10.o)
    0x0800137c   0x0800137c   0x00000012   Code   RO         2814    .text               c_w.l(isspace.o)
    0x0800138e   0x0800138e   0x000000b2   Code   RO         2816    .text               c_w.l(_printf_intcommon.o)
    0x08001440   0x08001440   0x0000041c   Code   RO         2818    .text               c_w.l(_printf_fp_dec.o)
    0x0800185c   0x0800185c   0x000002fc   Code   RO         2822    .text               c_w.l(_printf_fp_hex.o)
    0x08001b58   0x08001b58   0x0000002c   Code   RO         2827    .text               c_w.l(_printf_char.o)
    0x08001b84   0x08001b84   0x0000002c   Code   RO         2829    .text               c_w.l(_printf_wchar.o)
    0x08001bb0   0x08001bb0   0x00000374   Code   RO         2832    .text               c_w.l(_scanf.o)
    0x08001f24   0x08001f24   0x000000e4   Code   RO         2834    .text               c_w.l(bigflt0.o)
    0x08002008   0x08002008   0x00000048   Code   RO         2862    .text               c_w.l(_c16rtomb.o)
    0x08002050   0x08002050   0x00000008   Code   RO         2889    .text               c_w.l(libspace.o)
    0x08002058   0x08002058   0x0000004a   Code   RO         2892    .text               c_w.l(sys_stackheap_outer.o)
    0x080020a2   0x080020a2   0x00000002   PAD
    0x080020a4   0x080020a4   0x00000010   Code   RO         2894    .text               c_w.l(rt_ctype_table.o)
    0x080020b4   0x080020b4   0x00000080   Code   RO         2896    .text               c_w.l(_printf_fp_infnan.o)
    0x08002134   0x08002134   0x00000320   Code   RO         2898    .text               c_w.l(scanf_hexfp.o)
    0x08002454   0x08002454   0x00000134   Code   RO         2900    .text               c_w.l(scanf_infnan.o)
    0x08002588   0x08002588   0x00000012   Code   RO         2906    .text               c_w.l(exit.o)
    0x0800259a   0x0800259a   0x0000001c   Code   RO         2975    .text               c_w.l(_chval.o)
    0x080025b6   0x080025b6   0x00000002   PAD
    0x080025b8   0x080025b8   0x0000000c   Code   RO         2996    .text               c_w.l(sys_exit.o)
    0x080025c4   0x080025c4   0x00000002   Code   RO         3025    .text               c_w.l(use_no_semi.o)
    0x080025c6   0x080025c6   0x00000000   Code   RO         3027    .text               c_w.l(indicate_semi.o)
    0x080025c6   0x080025c6   0x00000018   Code   RO           49    .text.AntiWindup    pid.o
    0x080025de   0x080025de   0x00000002   Code   RO          202    .text.BusFault_Handler  stm32h7xx_it.o
    0x080025e0   0x080025e0   0x0000004c   Code   RO           45    .text.Cap           pid.o
    0x0800262c   0x0800262c   0x00000002   Code   RO          208    .text.DebugMon_Handler  stm32h7xx_it.o
    0x0800262e   0x0800262e   0x00000002   PAD
    0x08002630   0x08002630   0x00000024   Code   RO           90    .text.Error_Handler  main.o
    0x08002654   0x08002654   0x00000040   Code   RO           47    .text.Execute       pid.o
    0x08002694   0x08002694   0x000002ec   Code   RO          578    .text.HAL_DMA_Abort  stm32h7xx_hal_dma.o
    0x08002980   0x08002980   0x000001d4   Code   RO          580    .text.HAL_DMA_Abort_IT  stm32h7xx_hal_dma.o
    0x08002b54   0x08002b54   0x0000017c   Code   RO          508    .text.HAL_GPIO_Init  stm32h7xx_hal_gpio.o
    0x08002cd0   0x08002cd0   0x00000010   Code   RO          516    .text.HAL_GPIO_TogglePin  stm32h7xx_hal_gpio.o
    0x08002ce0   0x08002ce0   0x0000000a   Code   RO          514    .text.HAL_GPIO_WritePin  stm32h7xx_hal_gpio.o
    0x08002cea   0x08002cea   0x00000002   PAD
    0x08002cec   0x08002cec   0x0000000c   Code   RO          877    .text.HAL_GetREVID  stm32h7xx_hal.o
    0x08002cf8   0x08002cf8   0x00000008   Code   RO          861    .text.HAL_GetTick   stm32h7xx_hal.o
    0x08002d00   0x08002d00   0x00000014   Code   RO          859    .text.HAL_IncTick   stm32h7xx_hal.o
    0x08002d14   0x08002d14   0x00000050   Code   RO          849    .text.HAL_Init      stm32h7xx_hal.o
    0x08002d64   0x08002d64   0x00000048   Code   RO          851    .text.HAL_InitTick  stm32h7xx_hal.o
    0x08002dac   0x08002dac   0x00000024   Code   RO          225    .text.HAL_MspInit   stm32h7xx_hal_msp.o
    0x08002dd0   0x08002dd0   0x0000001c   Code   RO          239    .text.HAL_NVIC_EnableIRQ  stm32h7xx_hal_cortex.o
    0x08002dec   0x08002dec   0x00000038   Code   RO          235    .text.HAL_NVIC_SetPriority  stm32h7xx_hal_cortex.o
    0x08002e24   0x08002e24   0x00000020   Code   RO          233    .text.HAL_NVIC_SetPriorityGrouping  stm32h7xx_hal_cortex.o
    0x08002e44   0x08002e44   0x00000044   Code   RO          757    .text.HAL_PWREx_ConfigSupply  stm32h7xx_hal_pwr_ex.o
    0x08002e88   0x08002e88   0x00000018   Code   RO          349    .text.HAL_RCCEx_GetD3PCLK1Freq  stm32h7xx_hal_rcc_ex.o
    0x08002ea0   0x08002ea0   0x0000008c   Code   RO          345    .text.HAL_RCCEx_GetPLL2ClockFreq  stm32h7xx_hal_rcc_ex.o
    0x08002f2c   0x08002f2c   0x0000008c   Code   RO          347    .text.HAL_RCCEx_GetPLL3ClockFreq  stm32h7xx_hal_rcc_ex.o
    0x08002fb8   0x08002fb8   0x00000758   Code   RO          333    .text.HAL_RCCEx_PeriphCLKConfig  stm32h7xx_hal_rcc_ex.o
    0x08003710   0x08003710   0x00000210   Code   RO          289    .text.HAL_RCC_ClockConfig  stm32h7xx_hal_rcc.o
    0x08003920   0x08003920   0x0000003c   Code   RO          299    .text.HAL_RCC_GetHCLKFreq  stm32h7xx_hal_rcc.o
    0x0800395c   0x0800395c   0x00000014   Code   RO          301    .text.HAL_RCC_GetPCLK1Freq  stm32h7xx_hal_rcc.o
    0x08003970   0x08003970   0x0000001c   Code   RO          303    .text.HAL_RCC_GetPCLK2Freq  stm32h7xx_hal_rcc.o
    0x0800398c   0x0800398c   0x000000f4   Code   RO          291    .text.HAL_RCC_GetSysClockFreq  stm32h7xx_hal_rcc.o
    0x08003a80   0x08003a80   0x00000460   Code   RO          287    .text.HAL_RCC_OscConfig  stm32h7xx_hal_rcc.o
    0x08003ee0   0x08003ee0   0x00000124   Code   RO         1357    .text.HAL_SPI_Init  stm32h7xx_hal_spi.o
    0x08004004   0x08004004   0x00000118   Code   RO          119    .text.HAL_SPI_MspInit  spi.o
    0x0800411c   0x0800411c   0x000001ae   Code   RO         1371    .text.HAL_SPI_Receive  stm32h7xx_hal_spi.o
    0x080042ca   0x080042ca   0x00000194   Code   RO         1365    .text.HAL_SPI_Transmit  stm32h7xx_hal_spi.o
    0x0800445e   0x0800445e   0x0000029a   Code   RO         1373    .text.HAL_SPI_TransmitReceive  stm32h7xx_hal_spi.o
    0x080046f8   0x080046f8   0x00000028   Code   RO          247    .text.HAL_SYSTICK_Config  stm32h7xx_hal_cortex.o
    0x08004720   0x08004720   0x00000002   Code   RO         2041    .text.HAL_TIMEx_Break2Callback  stm32h7xx_hal_tim_ex.o
    0x08004722   0x08004722   0x00000002   Code   RO         2039    .text.HAL_TIMEx_BreakCallback  stm32h7xx_hal_tim_ex.o
    0x08004724   0x08004724   0x00000002   Code   RO         2035    .text.HAL_TIMEx_CommutCallback  stm32h7xx_hal_tim_ex.o
    0x08004726   0x08004726   0x00000002   PAD
    0x08004728   0x08004728   0x0000007c   Code   RO         2023    .text.HAL_TIMEx_MasterConfigSynchronization  stm32h7xx_hal_tim_ex.o
    0x080047a4   0x080047a4   0x0000001e   Code   RO         1543    .text.HAL_TIM_Base_Init  stm32h7xx_hal_tim.o
    0x080047c2   0x080047c2   0x00000002   PAD
    0x080047c4   0x080047c4   0x00000038   Code   RO          147    .text.HAL_TIM_Base_MspInit  tim.o
    0x080047fc   0x080047fc   0x0000007c   Code   RO         1557    .text.HAL_TIM_Base_Start_IT  stm32h7xx_hal_tim.o
    0x08004878   0x08004878   0x000000dc   Code   RO         1735    .text.HAL_TIM_ConfigClockSource  stm32h7xx_hal_tim.o
    0x08004954   0x08004954   0x00000002   Code   RO         1679    .text.HAL_TIM_IC_CaptureCallback  stm32h7xx_hal_tim.o
    0x08004956   0x08004956   0x00000150   Code   RO         1677    .text.HAL_TIM_IRQHandler  stm32h7xx_hal_tim.o
    0x08004aa6   0x08004aa6   0x00000002   PAD
    0x08004aa8   0x08004aa8   0x00000050   Code   RO          141    .text.HAL_TIM_MspPostInit  tim.o
    0x08004af8   0x08004af8   0x00000002   Code   RO         1681    .text.HAL_TIM_OC_DelayElapsedCallback  stm32h7xx_hal_tim.o
    0x08004afa   0x08004afa   0x00000002   PAD
    0x08004afc   0x08004afc   0x000000ac   Code   RO         1709    .text.HAL_TIM_PWM_ConfigChannel  stm32h7xx_hal_tim.o
    0x08004ba8   0x08004ba8   0x0000001e   Code   RO         1597    .text.HAL_TIM_PWM_Init  stm32h7xx_hal_tim.o
    0x08004bc6   0x08004bc6   0x00000002   PAD
    0x08004bc8   0x08004bc8   0x00000028   Code   RO          145    .text.HAL_TIM_PWM_MspInit  tim.o
    0x08004bf0   0x08004bf0   0x00000002   Code   RO         1683    .text.HAL_TIM_PWM_PulseFinishedCallback  stm32h7xx_hal_tim.o
    0x08004bf2   0x08004bf2   0x00000002   PAD
    0x08004bf4   0x08004bf4   0x000000fc   Code   RO         1605    .text.HAL_TIM_PWM_Start  stm32h7xx_hal_tim.o
    0x08004cf0   0x08004cf0   0x0000011c   Code   RO          153    .text.HAL_TIM_PeriodElapsedCallback  tim.o
    0x08004e0c   0x08004e0c   0x00000002   Code   RO         1687    .text.HAL_TIM_TriggerCallback  stm32h7xx_hal_tim.o
    0x08004e0e   0x08004e0e   0x00000036   Code   RO         2362    .text.HAL_UARTEx_DisableFifoMode  stm32h7xx_hal_uart_ex.o
    0x08004e44   0x08004e44   0x00000002   Code   RO         2219    .text.HAL_UARTEx_RxEventCallback  stm32h7xx_hal_uart.o
    0x08004e46   0x08004e46   0x00000002   Code   RO         2346    .text.HAL_UARTEx_RxFifoFullCallback  stm32h7xx_hal_uart_ex.o
    0x08004e48   0x08004e48   0x0000001c   Code   RO         2366    .text.HAL_UARTEx_SetRxFifoThreshold  stm32h7xx_hal_uart_ex.o
    0x08004e64   0x08004e64   0x0000001c   Code   RO         2364    .text.HAL_UARTEx_SetTxFifoThreshold  stm32h7xx_hal_uart_ex.o
    0x08004e80   0x08004e80   0x00000002   Code   RO         2348    .text.HAL_UARTEx_TxFifoEmptyCallback  stm32h7xx_hal_uart_ex.o
    0x08004e82   0x08004e82   0x00000002   Code   RO         2344    .text.HAL_UARTEx_WakeupCallback  stm32h7xx_hal_uart_ex.o
    0x08004e84   0x08004e84   0x00000002   Code   RO         2217    .text.HAL_UART_ErrorCallback  stm32h7xx_hal_uart.o
    0x08004e86   0x08004e86   0x00000002   PAD
    0x08004e88   0x08004e88   0x00000258   Code   RO         2213    .text.HAL_UART_IRQHandler  stm32h7xx_hal_uart.o
    0x080050e0   0x080050e0   0x0000003a   Code   RO         2125    .text.HAL_UART_Init  stm32h7xx_hal_uart.o
    0x0800511a   0x0800511a   0x00000002   PAD
    0x0800511c   0x0800511c   0x00000090   Code   RO          181    .text.HAL_UART_MspInit  usart.o
    0x080051ac   0x080051ac   0x0000004c   Code   RO         2161    .text.HAL_UART_Receive_IT  stm32h7xx_hal_uart.o
    0x080051f8   0x080051f8   0x00000024   Code   RO          185    .text.HAL_UART_RxCpltCallback  usart.o
    0x0800521c   0x0800521c   0x000000c4   Code   RO         2145    .text.HAL_UART_Transmit  stm32h7xx_hal_uart.o
    0x080052e0   0x080052e0   0x00000002   Code   RO         2221    .text.HAL_UART_TxCpltCallback  stm32h7xx_hal_uart.o
    0x080052e2   0x080052e2   0x00000002   Code   RO          198    .text.HardFault_Handler  stm32h7xx_it.o
    0x080052e4   0x080052e4   0x000000f8   Code   RO          106    .text.MX_GPIO_Init  gpio.o
    0x080053dc   0x080053dc   0x00000028   Code   RO          115    .text.MX_SPI1_Init  spi.o
    0x08005404   0x08005404   0x00000028   Code   RO          117    .text.MX_SPI2_Init  spi.o
    0x0800542c   0x0800542c   0x000000a0   Code   RO          139    .text.MX_TIM2_Init  tim.o
    0x080054cc   0x080054cc   0x00000068   Code   RO          143    .text.MX_TIM3_Init  tim.o
    0x08005534   0x08005534   0x00000068   Code   RO          179    .text.MX_USART1_UART_Init  usart.o
    0x0800559c   0x0800559c   0x00000002   Code   RO          200    .text.MemManage_Handler  stm32h7xx_it.o
    0x0800559e   0x0800559e   0x00000002   Code   RO          196    .text.NMI_Handler   stm32h7xx_it.o
    0x080055a0   0x080055a0   0x00000024   Code   RO          123    .text.OUTLINED_FUNCTION_0  spi.o
    0x080055c4   0x080055c4   0x00000024   Code   RO          155    .text.OUTLINED_FUNCTION_0  tim.o
    0x080055e8   0x080055e8   0x00000006   Code   RO          313    .text.OUTLINED_FUNCTION_0  stm32h7xx_hal_rcc.o
    0x080055ee   0x080055ee   0x0000002e   Code   RO          389    .text.OUTLINED_FUNCTION_0  stm32h7xx_hal_rcc_ex.o
    0x0800561c   0x0800561c   0x00000008   Code   RO          837    .text.OUTLINED_FUNCTION_0  stm32h7xx_hal_pwr_ex.o
    0x08005624   0x08005624   0x0000001a   Code   RO         1453    .text.OUTLINED_FUNCTION_0  stm32h7xx_hal_spi.o
    0x0800563e   0x0800563e   0x00000016   Code   RO         2263    .text.OUTLINED_FUNCTION_0  stm32h7xx_hal_uart.o
    0x08005654   0x08005654   0x0000001c   Code   RO         2374    .text.OUTLINED_FUNCTION_0  stm32h7xx_hal_uart_ex.o
    0x08005670   0x08005670   0x00000010   Code   RO         2427    .text.OUTLINED_FUNCTION_0  fw.o
    0x08005680   0x08005680   0x00000016   Code   RO          125    .text.OUTLINED_FUNCTION_1  spi.o
    0x08005696   0x08005696   0x00000008   Code   RO          157    .text.OUTLINED_FUNCTION_1  tim.o
    0x0800569e   0x0800569e   0x00000010   Code   RO          315    .text.OUTLINED_FUNCTION_1  stm32h7xx_hal_rcc.o
    0x080056ae   0x080056ae   0x00000010   Code   RO          391    .text.OUTLINED_FUNCTION_1  stm32h7xx_hal_rcc_ex.o
    0x080056be   0x080056be   0x00000006   Code   RO          839    .text.OUTLINED_FUNCTION_1  stm32h7xx_hal_pwr_ex.o
    0x080056c4   0x080056c4   0x00000036   Code   RO         1781    .text.OUTLINED_FUNCTION_1  stm32h7xx_hal_tim.o
    0x080056fa   0x080056fa   0x00000012   Code   RO         2265    .text.OUTLINED_FUNCTION_1  stm32h7xx_hal_uart.o
    0x0800570c   0x0800570c   0x00000012   Code   RO         2429    .text.OUTLINED_FUNCTION_1  fw.o
    0x0800571e   0x0800571e   0x0000000a   Code   RO          409    .text.OUTLINED_FUNCTION_10  stm32h7xx_hal_rcc_ex.o
    0x08005728   0x08005728   0x00000006   Code   RO         1473    .text.OUTLINED_FUNCTION_10  stm32h7xx_hal_spi.o
    0x0800572e   0x0800572e   0x0000000e   Code   RO         1799    .text.OUTLINED_FUNCTION_10  stm32h7xx_hal_tim.o
    0x0800573c   0x0800573c   0x00000008   Code   RO          411    .text.OUTLINED_FUNCTION_11  stm32h7xx_hal_rcc_ex.o
    0x08005744   0x08005744   0x00000014   Code   RO         1475    .text.OUTLINED_FUNCTION_11  stm32h7xx_hal_spi.o
    0x08005758   0x08005758   0x0000000a   Code   RO          413    .text.OUTLINED_FUNCTION_12  stm32h7xx_hal_rcc_ex.o
    0x08005762   0x08005762   0x0000000a   Code   RO         1477    .text.OUTLINED_FUNCTION_12  stm32h7xx_hal_spi.o
    0x0800576c   0x0800576c   0x0000000e   Code   RO         2287    .text.OUTLINED_FUNCTION_12  stm32h7xx_hal_uart.o
    0x0800577a   0x0800577a   0x0000000a   Code   RO          415    .text.OUTLINED_FUNCTION_13  stm32h7xx_hal_rcc_ex.o
    0x08005784   0x08005784   0x00000006   Code   RO         1805    .text.OUTLINED_FUNCTION_13  stm32h7xx_hal_tim.o
    0x0800578a   0x0800578a   0x00000010   Code   RO          417    .text.OUTLINED_FUNCTION_14  stm32h7xx_hal_rcc_ex.o
    0x0800579a   0x0800579a   0x00000008   Code   RO         1807    .text.OUTLINED_FUNCTION_14  stm32h7xx_hal_tim.o
    0x080057a2   0x080057a2   0x00000016   Code   RO         2291    .text.OUTLINED_FUNCTION_14  stm32h7xx_hal_uart.o
    0x080057b8   0x080057b8   0x00000008   Code   RO          419    .text.OUTLINED_FUNCTION_15  stm32h7xx_hal_rcc_ex.o
    0x080057c0   0x080057c0   0x0000000e   Code   RO         1483    .text.OUTLINED_FUNCTION_15  stm32h7xx_hal_spi.o
    0x080057ce   0x080057ce   0x0000000a   Code   RO          421    .text.OUTLINED_FUNCTION_16  stm32h7xx_hal_rcc_ex.o
    0x080057d8   0x080057d8   0x0000000c   Code   RO         1485    .text.OUTLINED_FUNCTION_16  stm32h7xx_hal_spi.o
    0x080057e4   0x080057e4   0x00000012   Code   RO         2295    .text.OUTLINED_FUNCTION_16  stm32h7xx_hal_uart.o
    0x080057f6   0x080057f6   0x00000008   Code   RO          423    .text.OUTLINED_FUNCTION_17  stm32h7xx_hal_rcc_ex.o
    0x080057fe   0x080057fe   0x0000000a   Code   RO         1487    .text.OUTLINED_FUNCTION_17  stm32h7xx_hal_spi.o
    0x08005808   0x08005808   0x00000012   Code   RO         2297    .text.OUTLINED_FUNCTION_17  stm32h7xx_hal_uart.o
    0x0800581a   0x0800581a   0x0000000a   Code   RO          425    .text.OUTLINED_FUNCTION_18  stm32h7xx_hal_rcc_ex.o
    0x08005824   0x08005824   0x00000012   Code   RO         2299    .text.OUTLINED_FUNCTION_18  stm32h7xx_hal_uart.o
    0x08005836   0x08005836   0x00000008   Code   RO          427    .text.OUTLINED_FUNCTION_19  stm32h7xx_hal_rcc_ex.o
    0x0800583e   0x0800583e   0x00000008   Code   RO         1491    .text.OUTLINED_FUNCTION_19  stm32h7xx_hal_spi.o
    0x08005846   0x08005846   0x0000000a   Code   RO           31    .text.OUTLINED_FUNCTION_2  app_tle5012b.o
    0x08005850   0x08005850   0x00000010   Code   RO          127    .text.OUTLINED_FUNCTION_2  spi.o
    0x08005860   0x08005860   0x00000012   Code   RO          159    .text.OUTLINED_FUNCTION_2  tim.o
    0x08005872   0x08005872   0x00000010   Code   RO          317    .text.OUTLINED_FUNCTION_2  stm32h7xx_hal_rcc.o
    0x08005882   0x08005882   0x0000001e   Code   RO          393    .text.OUTLINED_FUNCTION_2  stm32h7xx_hal_rcc_ex.o
    0x080058a0   0x080058a0   0x0000001c   Code   RO         1457    .text.OUTLINED_FUNCTION_2  stm32h7xx_hal_spi.o
    0x080058bc   0x080058bc   0x0000000c   Code   RO         2267    .text.OUTLINED_FUNCTION_2  stm32h7xx_hal_uart.o
    0x080058c8   0x080058c8   0x00000012   Code   RO         2378    .text.OUTLINED_FUNCTION_2  stm32h7xx_hal_uart_ex.o
    0x080058da   0x080058da   0x00000008   Code   RO          429    .text.OUTLINED_FUNCTION_20  stm32h7xx_hal_rcc_ex.o
    0x080058e2   0x080058e2   0x00000008   Code   RO         1493    .text.OUTLINED_FUNCTION_20  stm32h7xx_hal_spi.o
    0x080058ea   0x080058ea   0x00000006   Code   RO          431    .text.OUTLINED_FUNCTION_21  stm32h7xx_hal_rcc_ex.o
    0x080058f0   0x080058f0   0x0000000e   Code   RO         2305    .text.OUTLINED_FUNCTION_21  stm32h7xx_hal_uart.o
    0x080058fe   0x080058fe   0x0000000e   Code   RO         1497    .text.OUTLINED_FUNCTION_22  stm32h7xx_hal_spi.o
    0x0800590c   0x0800590c   0x0000000a   Code   RO         1499    .text.OUTLINED_FUNCTION_23  stm32h7xx_hal_spi.o
    0x08005916   0x08005916   0x0000001a   Code   RO         1825    .text.OUTLINED_FUNCTION_23  stm32h7xx_hal_tim.o
    0x08005930   0x08005930   0x00000010   Code   RO         2309    .text.OUTLINED_FUNCTION_23  stm32h7xx_hal_uart.o
    0x08005940   0x08005940   0x0000000a   Code   RO         1501    .text.OUTLINED_FUNCTION_24  stm32h7xx_hal_spi.o
    0x0800594a   0x0800594a   0x0000000a   Code   RO         1829    .text.OUTLINED_FUNCTION_25  stm32h7xx_hal_tim.o
    0x08005954   0x08005954   0x00000008   Code   RO         2313    .text.OUTLINED_FUNCTION_25  stm32h7xx_hal_uart.o
    0x0800595c   0x0800595c   0x0000000e   Code   RO         1505    .text.OUTLINED_FUNCTION_26  stm32h7xx_hal_spi.o
    0x0800596a   0x0800596a   0x0000000a   Code   RO         2315    .text.OUTLINED_FUNCTION_26  stm32h7xx_hal_uart.o
    0x08005974   0x08005974   0x00000008   Code   RO         1833    .text.OUTLINED_FUNCTION_27  stm32h7xx_hal_tim.o
    0x0800597c   0x0800597c   0x0000000e   Code   RO         1509    .text.OUTLINED_FUNCTION_28  stm32h7xx_hal_spi.o
    0x0800598a   0x0800598a   0x0000000a   Code   RO         2319    .text.OUTLINED_FUNCTION_28  stm32h7xx_hal_uart.o
    0x08005994   0x08005994   0x0000000e   Code   RO         2321    .text.OUTLINED_FUNCTION_29  stm32h7xx_hal_uart.o
    0x080059a2   0x080059a2   0x0000000a   Code   RO           33    .text.OUTLINED_FUNCTION_3  app_tle5012b.o
    0x080059ac   0x080059ac   0x00000010   Code   RO          161    .text.OUTLINED_FUNCTION_3  tim.o
    0x080059bc   0x080059bc   0x00000008   Code   RO          319    .text.OUTLINED_FUNCTION_3  stm32h7xx_hal_rcc.o
    0x080059c4   0x080059c4   0x0000001e   Code   RO          395    .text.OUTLINED_FUNCTION_3  stm32h7xx_hal_rcc_ex.o
    0x080059e2   0x080059e2   0x0000000a   Code   RO         1459    .text.OUTLINED_FUNCTION_3  stm32h7xx_hal_spi.o
    0x080059ec   0x080059ec   0x00000024   Code   RO         2269    .text.OUTLINED_FUNCTION_3  stm32h7xx_hal_uart.o
    0x08005a10   0x08005a10   0x0000000a   Code   RO         2380    .text.OUTLINED_FUNCTION_3  stm32h7xx_hal_uart_ex.o
    0x08005a1a   0x08005a1a   0x0000000e   Code   RO         1513    .text.OUTLINED_FUNCTION_30  stm32h7xx_hal_spi.o
    0x08005a28   0x08005a28   0x0000000a   Code   RO         1515    .text.OUTLINED_FUNCTION_31  stm32h7xx_hal_spi.o
    0x08005a32   0x08005a32   0x0000000e   Code   RO         2325    .text.OUTLINED_FUNCTION_31  stm32h7xx_hal_uart.o
    0x08005a40   0x08005a40   0x00000006   Code   RO         2327    .text.OUTLINED_FUNCTION_32  stm32h7xx_hal_uart.o
    0x08005a46   0x08005a46   0x00000006   Code   RO         2329    .text.OUTLINED_FUNCTION_33  stm32h7xx_hal_uart.o
    0x08005a4c   0x08005a4c   0x00000008   Code   RO         1857    .text.OUTLINED_FUNCTION_39  stm32h7xx_hal_tim.o
    0x08005a54   0x08005a54   0x00000010   Code   RO          163    .text.OUTLINED_FUNCTION_4  tim.o
    0x08005a64   0x08005a64   0x00000008   Code   RO          321    .text.OUTLINED_FUNCTION_4  stm32h7xx_hal_rcc.o
    0x08005a6c   0x08005a6c   0x0000000a   Code   RO          397    .text.OUTLINED_FUNCTION_4  stm32h7xx_hal_rcc_ex.o
    0x08005a76   0x08005a76   0x00000010   Code   RO         1461    .text.OUTLINED_FUNCTION_4  stm32h7xx_hal_spi.o
    0x08005a86   0x08005a86   0x00000020   Code   RO         2271    .text.OUTLINED_FUNCTION_4  stm32h7xx_hal_uart.o
    0x08005aa6   0x08005aa6   0x0000000a   Code   RO         2382    .text.OUTLINED_FUNCTION_4  stm32h7xx_hal_uart_ex.o
    0x08005ab0   0x08005ab0   0x00000008   Code   RO         1859    .text.OUTLINED_FUNCTION_40  stm32h7xx_hal_tim.o
    0x08005ab8   0x08005ab8   0x00000008   Code   RO         1861    .text.OUTLINED_FUNCTION_41  stm32h7xx_hal_tim.o
    0x08005ac0   0x08005ac0   0x00000008   Code   RO         1863    .text.OUTLINED_FUNCTION_42  stm32h7xx_hal_tim.o
    0x08005ac8   0x08005ac8   0x00000008   Code   RO         1865    .text.OUTLINED_FUNCTION_43  stm32h7xx_hal_tim.o
    0x08005ad0   0x08005ad0   0x00000008   Code   RO         1875    .text.OUTLINED_FUNCTION_48  stm32h7xx_hal_tim.o
    0x08005ad8   0x08005ad8   0x0000000e   Code   RO          165    .text.OUTLINED_FUNCTION_5  tim.o
    0x08005ae6   0x08005ae6   0x0000000a   Code   RO          323    .text.OUTLINED_FUNCTION_5  stm32h7xx_hal_rcc.o
    0x08005af0   0x08005af0   0x00000032   Code   RO          399    .text.OUTLINED_FUNCTION_5  stm32h7xx_hal_rcc_ex.o
    0x08005b22   0x08005b22   0x0000000c   Code   RO         2273    .text.OUTLINED_FUNCTION_5  stm32h7xx_hal_uart.o
    0x08005b2e   0x08005b2e   0x0000000c   Code   RO         1881    .text.OUTLINED_FUNCTION_51  stm32h7xx_hal_tim.o
    0x08005b3a   0x08005b3a   0x0000000a   Code   RO         1895    .text.OUTLINED_FUNCTION_58  stm32h7xx_hal_tim.o
    0x08005b44   0x08005b44   0x0000001a   Code   RO          401    .text.OUTLINED_FUNCTION_6  stm32h7xx_hal_rcc_ex.o
    0x08005b5e   0x08005b5e   0x0000000c   Code   RO         1899    .text.OUTLINED_FUNCTION_60  stm32h7xx_hal_tim.o
    0x08005b6a   0x08005b6a   0x00000010   Code   RO         1903    .text.OUTLINED_FUNCTION_62  stm32h7xx_hal_tim.o
    0x08005b7a   0x08005b7a   0x00000010   Code   RO         1905    .text.OUTLINED_FUNCTION_63  stm32h7xx_hal_tim.o
    0x08005b8a   0x08005b8a   0x00000008   Code   RO         1907    .text.OUTLINED_FUNCTION_64  stm32h7xx_hal_tim.o
    0x08005b92   0x08005b92   0x00000006   Code   RO         1909    .text.OUTLINED_FUNCTION_65  stm32h7xx_hal_tim.o
    0x08005b98   0x08005b98   0x00000006   Code   RO         1911    .text.OUTLINED_FUNCTION_66  stm32h7xx_hal_tim.o
    0x08005b9e   0x08005b9e   0x00000008   Code   RO          403    .text.OUTLINED_FUNCTION_7  stm32h7xx_hal_rcc_ex.o
    0x08005ba6   0x08005ba6   0x0000000c   Code   RO         1467    .text.OUTLINED_FUNCTION_7  stm32h7xx_hal_spi.o
    0x08005bb2   0x08005bb2   0x0000000c   Code   RO         1793    .text.OUTLINED_FUNCTION_7  stm32h7xx_hal_tim.o
    0x08005bbe   0x08005bbe   0x0000000a   Code   RO         1921    .text.OUTLINED_FUNCTION_71  stm32h7xx_hal_tim.o
    0x08005bc8   0x08005bc8   0x0000000e   Code   RO         1925    .text.OUTLINED_FUNCTION_73  stm32h7xx_hal_tim.o
    0x08005bd6   0x08005bd6   0x00000016   Code   RO          405    .text.OUTLINED_FUNCTION_8  stm32h7xx_hal_rcc_ex.o
    0x08005bec   0x08005bec   0x0000000a   Code   RO         1469    .text.OUTLINED_FUNCTION_8  stm32h7xx_hal_spi.o
    0x08005bf6   0x08005bf6   0x0000001c   Code   RO         2279    .text.OUTLINED_FUNCTION_8  stm32h7xx_hal_uart.o
    0x08005c12   0x08005c12   0x00000006   Code   RO         1941    .text.OUTLINED_FUNCTION_81  stm32h7xx_hal_tim.o
    0x08005c18   0x08005c18   0x0000000e   Code   RO         1943    .text.OUTLINED_FUNCTION_82  stm32h7xx_hal_tim.o
    0x08005c26   0x08005c26   0x0000000a   Code   RO         1945    .text.OUTLINED_FUNCTION_83  stm32h7xx_hal_tim.o
    0x08005c30   0x08005c30   0x0000000a   Code   RO          407    .text.OUTLINED_FUNCTION_9  stm32h7xx_hal_rcc_ex.o
    0x08005c3a   0x08005c3a   0x0000000e   Code   RO         1797    .text.OUTLINED_FUNCTION_9  stm32h7xx_hal_tim.o
    0x08005c48   0x08005c48   0x0000000c   Code   RO         2281    .text.OUTLINED_FUNCTION_9  stm32h7xx_hal_uart.o
    0x08005c54   0x08005c54   0x0000005c   Code   RO           88    .text.PID_init      main.o
    0x08005cb0   0x08005cb0   0x00000002   Code   RO          210    .text.PendSV_Handler  stm32h7xx_it.o
    0x08005cb2   0x08005cb2   0x00000046   Code   RO           43    .text.Position_Pid  pid.o
    0x08005cf8   0x08005cf8   0x000000c0   Code   RO          335    .text.RCCEx_PLL2_Config  stm32h7xx_hal_rcc_ex.o
    0x08005db8   0x08005db8   0x000000c4   Code   RO          337    .text.RCCEx_PLL3_Config  stm32h7xx_hal_rcc_ex.o
    0x08005e7c   0x08005e7c   0x00000008   Code   RO           13    .text.ReadAngle     app_tle5012b.o
    0x08005e84   0x08005e84   0x00000008   Code   RO           21    .text.ReadAngle_Y   app_tle5012b.o
    0x08005e8c   0x08005e8c   0x0000003c   Code   RO           15    .text.ReadValue     app_tle5012b.o
    0x08005ec8   0x08005ec8   0x00000040   Code   RO           23    .text.ReadValue_Y   app_tle5012b.o
    0x08005f08   0x08005f08   0x000000ac   Code   RO         1367    .text.SPI_CloseTransfer  stm32h7xx_hal_spi.o
    0x08005fb4   0x08005fb4   0x00000028   Code   RO         1369    .text.SPI_WaitOnFlagUntilTimeout  stm32h7xx_hal_spi.o
    0x08005fdc   0x08005fdc   0x00000002   Code   RO          206    .text.SVC_Handler   stm32h7xx_it.o
    0x08005fde   0x08005fde   0x00000004   Code   RO          212    .text.SysTick_Handler  stm32h7xx_it.o
    0x08005fe2   0x08005fe2   0x00000002   PAD
    0x08005fe4   0x08005fe4   0x000000b0   Code   RO           86    .text.SystemClock_Config  main.o
    0x08006094   0x08006094   0x000000bc   Code   RO         2393    .text.SystemInit    system_stm32h7xx.o
    0x08006150   0x08006150   0x0000000c   Code   RO          214    .text.TIM3_IRQHandler  stm32h7xx_it.o
    0x0800615c   0x0800615c   0x000000b4   Code   RO         1547    .text.TIM_Base_SetConfig  stm32h7xx_hal_tim.o
    0x08006210   0x08006210   0x0000001e   Code   RO         1581    .text.TIM_CCxChannelCmd  stm32h7xx_hal_tim.o
    0x0800622e   0x0800622e   0x00000002   PAD
    0x08006230   0x08006230   0x00000084   Code   RO         1691    .text.TIM_OC1_SetConfig  stm32h7xx_hal_tim.o
    0x080062b4   0x080062b4   0x00000078   Code   RO         1693    .text.TIM_OC2_SetConfig  stm32h7xx_hal_tim.o
    0x0800632c   0x0800632c   0x00000074   Code   RO         1695    .text.TIM_OC3_SetConfig  stm32h7xx_hal_tim.o
    0x080063a0   0x080063a0   0x0000005c   Code   RO         1697    .text.TIM_OC4_SetConfig  stm32h7xx_hal_tim.o
    0x080063fc   0x080063fc   0x00000050   Code   RO         1699    .text.TIM_OC5_SetConfig  stm32h7xx_hal_tim.o
    0x0800644c   0x0800644c   0x00000064   Code   RO         1701    .text.TIM_OC6_SetConfig  stm32h7xx_hal_tim.o
    0x080064b0   0x080064b0   0x00000022   Code   RO         1737    .text.TIM_TI1_ConfigInputStage  stm32h7xx_hal_tim.o
    0x080064d2   0x080064d2   0x00000022   Code   RO         1739    .text.TIM_TI2_ConfigInputStage  stm32h7xx_hal_tim.o
    0x080064f4   0x080064f4   0x00000044   Code   RO         2360    .text.UARTEx_SetNbDataToProcess  stm32h7xx_hal_uart_ex.o
    0x08006538   0x08006538   0x000000a8   Code   RO         2131    .text.UART_AdvFeatureConfig  stm32h7xx_hal_uart.o
    0x080065e0   0x080065e0   0x00000058   Code   RO         2133    .text.UART_CheckIdleState  stm32h7xx_hal_uart.o
    0x08006638   0x08006638   0x00000010   Code   RO         2215    .text.UART_DMAAbortOnError  stm32h7xx_hal_uart.o
    0x08006648   0x08006648   0x00000030   Code   RO         2185    .text.UART_EndRxTransfer  stm32h7xx_hal_uart.o
    0x08006678   0x08006678   0x0000004a   Code   RO         2255    .text.UART_RxISR_16BIT  stm32h7xx_hal_uart.o
    0x080066c2   0x080066c2   0x00000002   PAD
    0x080066c4   0x080066c4   0x000000d0   Code   RO         2251    .text.UART_RxISR_16BIT_FIFOEN  stm32h7xx_hal_uart.o
    0x08006794   0x08006794   0x00000046   Code   RO         2257    .text.UART_RxISR_8BIT  stm32h7xx_hal_uart.o
    0x080067da   0x080067da   0x00000002   PAD
    0x080067dc   0x080067dc   0x000000d4   Code   RO         2253    .text.UART_RxISR_8BIT_FIFOEN  stm32h7xx_hal_uart.o
    0x080068b0   0x080068b0   0x00000350   Code   RO         2129    .text.UART_SetConfig  stm32h7xx_hal_uart.o
    0x08006c00   0x08006c00   0x000000cc   Code   RO         2163    .text.UART_Start_Receive_IT  stm32h7xx_hal_uart.o
    0x08006ccc   0x08006ccc   0x0000007e   Code   RO         2147    .text.UART_WaitOnFlagUntilTimeout  stm32h7xx_hal_uart.o
    0x08006d4a   0x08006d4a   0x00000002   PAD
    0x08006d4c   0x08006d4c   0x00000008   Code   RO          216    .text.USART1_IRQHandler  stm32h7xx_it.o
    0x08006d54   0x08006d54   0x00000002   Code   RO          204    .text.UsageFault_Handler  stm32h7xx_it.o
    0x08006d56   0x08006d56   0x0000000e   Code   RO         2465    .text.Vofa_Init     vofa.o
    0x08006d64   0x08006d64   0x00000020   Code   RO         2471    .text.Vofa_JustFloat  vofa.o
    0x08006d84   0x08006d84   0x0000002a   Code   RO         2473    .text.Vofa_Printf   vofa.o
    0x08006dae   0x08006dae   0x00000002   PAD
    0x08006db0   0x08006db0   0x0000001c   Code   RO         2442    .text.Vofa_SendDataCallBack  js.o
    0x08006dcc   0x08006dcc   0x00000024   Code   RO          237    .text.__NVIC_SetPriority  stm32h7xx_hal_cortex.o
    0x08006df0   0x08006df0   0x0000008c   Code   RO         2415    .text.circle_cb     fw.o
    0x08006e7c   0x08006e7c   0x00000002   Code   RO         2419    .text.cmd123_cb     fw.o
    0x08006e7e   0x08006e7e   0x00000002   PAD
    0x08006e80   0x08006e80   0x00000038   Code   RO         2407    .text.default_cb    fw.o
    0x08006eb8   0x08006eb8   0x00000024   Code   RO         2453    .text.dwt_access    dwt.o
    0x08006edc   0x08006edc   0x00000040   Code   RO         2451    .text.dwt_init      dwt.o
    0x08006f1c   0x08006f1c   0x00000002   Code   RO         2411    .text.extend_cb     fw.o
    0x08006f1e   0x08006f1e   0x00000002   PAD
    0x08006f20   0x08006f20   0x00000028   Code   RO         2423    .text.fw_init       fw.o
    0x08006f48   0x08006f48   0x0000004c   Code   RO         2425    .text.fw_task       fw.o
    0x08006f94   0x08006f94   0x00000004   PAD
    0x08006f98   0x08006f98   0x000000dc   Code   RO         2413    .text.line_cb       fw.o
    0x08007074   0x08007074   0x00000128   Code   RO           84    .text.main          main.o
    0x0800719c   0x0800719c   0x00000088   Code   RO           63    .text.motor_ctl     motor.o
    0x08007224   0x08007224   0x00000002   Code   RO         2421    .text.setkp_cb      fw.o
    0x08007226   0x08007226   0x00000002   PAD
    0x08007228   0x08007228   0x00000050   Code   RO         2409    .text.stop_cb       fw.o
    0x08007278   0x08007278   0x0000000c   Code   RO         2417    .text.to_mid_cb     fw.o
    0x08007284   0x08007284   0x0000003e   Code   RO         2837    CL$$btod_d2e        c_w.l(btod.o)
    0x080072c2   0x080072c2   0x00000046   Code   RO         2839    CL$$btod_d2e_denorm_low  c_w.l(btod.o)
    0x08007308   0x08007308   0x00000060   Code   RO         2838    CL$$btod_d2e_norm_op1  c_w.l(btod.o)
    0x08007368   0x08007368   0x00000338   Code   RO         2847    CL$$btod_div_common  c_w.l(btod.o)
    0x080076a0   0x080076a0   0x00000084   Code   RO         2845    CL$$btod_e2d        c_w.l(btod.o)
    0x08007724   0x08007724   0x000000dc   Code   RO         2844    CL$$btod_e2e        c_w.l(btod.o)
    0x08007800   0x08007800   0x0000002a   Code   RO         2841    CL$$btod_ediv       c_w.l(btod.o)
    0x0800782a   0x0800782a   0x0000002a   Code   RO         2843    CL$$btod_edivd      c_w.l(btod.o)
    0x08007854   0x08007854   0x0000002a   Code   RO         2840    CL$$btod_emul       c_w.l(btod.o)
    0x0800787e   0x0800787e   0x0000002a   Code   RO         2842    CL$$btod_emuld      c_w.l(btod.o)
    0x080078a8   0x080078a8   0x00000244   Code   RO         2846    CL$$btod_mult_common  c_w.l(btod.o)
    0x08007aec   0x08007aec   0x0000005a   Code   RO         2497    i.Create_RingBuff   FW_LIB.lib(ringbuff.o)
    0x08007b46   0x08007b46   0x00000044   Code   RO         2499    i.Read_RingBuff     FW_LIB.lib(ringbuff.o)
    0x08007b8a   0x08007b8a   0x00000094   Code   RO         2547    i.Serial_parse_char  FW_LIB.lib(serial_rx.o)
    0x08007c1e   0x08007c1e   0x00000046   Code   RO         2500    i.Write_RingBuff    FW_LIB.lib(ringbuff.o)
    0x08007c64   0x08007c64   0x00000030   Code   RO         2771    i.__ARM_fpclassify  m_wv.l(fpclassify.o)
    0x08007c94   0x08007c94   0x000000c4   Code   RO         2881    i.__hardfp___mathlib_tofloat  m_wv.l(narrow.o)
    0x08007d58   0x08007d58   0x000001d4   Code   RO         2610    i.__hardfp_atan     m_wv.l(atan.o)
    0x08007f2c   0x08007f2c   0x00000004   PAD
    0x08007f30   0x08007f30   0x000000b0   Code   RO         2617    i.__hardfp_cos      m_wv.l(cos.o)
    0x08007fe0   0x08007fe0   0x000000b0   Code   RO         2623    i.__hardfp_sin      m_wv.l(sin.o)
    0x08008090   0x08008090   0x00000308   Code   RO         2775    i.__ieee754_rem_pio2  m_wv.l(rred.o)
    0x08008398   0x08008398   0x000000c4   Code   RO         2748    i.__kernel_cos      m_wv.l(cos_i.o)
    0x0800845c   0x0800845c   0x00000070   Code   RO         2773    i.__kernel_poly     m_wv.l(poly.o)
    0x080084cc   0x080084cc   0x00000004   PAD
    0x080084d0   0x080084d0   0x000000a0   Code   RO         2780    i.__kernel_sin      m_wv.l(sin_i.o)
    0x08008570   0x08008570   0x00000006   Code   RO         2752    i.__mathlib_dbl_infnan  m_wv.l(dunder.o)
    0x08008576   0x08008576   0x00000002   PAD
    0x08008578   0x08008578   0x00000018   Code   RO         2754    i.__mathlib_dbl_invalid  m_wv.l(dunder.o)
    0x08008590   0x08008590   0x00000018   Code   RO         2755    i.__mathlib_dbl_overflow  m_wv.l(dunder.o)
    0x080085a8   0x080085a8   0x00000018   Code   RO         2757    i.__mathlib_dbl_underflow  m_wv.l(dunder.o)
    0x080085c0   0x080085c0   0x00000012   Code   RO         2882    i.__mathlib_narrow  m_wv.l(narrow.o)
    0x080085d2   0x080085d2   0x000000a6   Code   RO         2990    i.__support_ldexp   m_wv.l(ldexp.o)
    0x08008678   0x08008678   0x0000000e   Code   RO         2696    i._is_digit         c_w.l(__printf_wp.o)
    0x08008686   0x08008686   0x00000052   Code   RO         2548    i.assic_check       FW_LIB.lib(serial_rx.o)
    0x080086d8   0x080086d8   0x00000018   Code   RO         2767    i.fabs              m_wv.l(fabs.o)
    0x080086f0   0x080086f0   0x0000008c   Code   RO         2965    i.frexp             m_wv.l(frexp.o)
    0x0800877c   0x0800877c   0x00000080   Code   RO         2549    i.fw_pare_cb_tassk  FW_LIB.lib(serial_rx.o)
    0x080087fc   0x080087fc   0x000000ac   Code   RO         2550    i.fw_sscanf         FW_LIB.lib(serial_rx.o)
    0x080088a8   0x080088a8   0x0000002c   Code   RO         2865    locale$$code        c_w.l(lc_numeric_c.o)
    0x080088d4   0x080088d4   0x0000002c   Code   RO         2978    locale$$code        c_w.l(lc_ctype_c.o)
    0x08008900   0x08008900   0x00000010   Code   RO         3039    x$fpl$dcheck1       fz_wv.l(dcheck1.o)
    0x08008910   0x08008910   0x0000001a   Code   RO         2986    x$fpl$fpinit        fz_wv.l(fpinit.o)
    0x0800892a   0x0800892a   0x00000006   Code   RO         2873    x$fpl$ieeestatus    fz_wv.l(istatus.o)
    0x08008930   0x08008930   0x00000004   Code   RO         2739    x$fpl$printf1       fz_wv.l(printf1.o)
    0x08008934   0x08008934   0x00000004   Code   RO         2741    x$fpl$printf2       fz_wv.l(printf2.o)
    0x08008938   0x08008938   0x00000064   Code   RO         3073    x$fpl$retnan        fz_wv.l(retnan.o)
    0x0800899c   0x0800899c   0x0000005c   Code   RO         3015    x$fpl$scalbn        fz_wv.l(scalbn.o)
    0x080089f8   0x080089f8   0x00000004   Code   RO         2608    x$fpl$scanf1        fz_wv.l(scanf1.o)
    0x080089fc   0x080089fc   0x00000008   Code   RO         2875    x$fpl$scanf2        fz_wv.l(scanf2.o)
    0x08008a04   0x08008a04   0x00000030   Code   RO         3075    x$fpl$trapveneer    fz_wv.l(trapv.o)
    0x08008a34   0x08008a34   0x00000000   Code   RO         2747    x$fpl$usenofp       fz_wv.l(usenofp.o)
    0x08008a34   0x08008a34   0x00000004   PAD
    0x08008a38   0x08008a38   0x00000098   Data   RO         2613    .constdata          m_wv.l(atan.o)
    0x08008ad0   0x08008ad0   0x00000008   Data   RO         2655    .constdata          c_w.l(_printf_wctomb.o)
    0x08008ad8   0x08008ad8   0x00000028   Data   RO         2684    .constdata          c_w.l(_printf_hex_int_ll_ptr.o)
    0x08008b00   0x08008b00   0x00000011   Data   RO         2704    .constdata          c_w.l(__printf_flags_ss_wp.o)
    0x08008b11   0x08008b11   0x00000007   PAD
    0x08008b18   0x08008b18   0x00000030   Data   RO         2749    .constdata          m_wv.l(cos_i.o)
    0x08008b48   0x08008b48   0x000000cc   Data   RO         2777    .constdata          m_wv.l(rred.o)
    0x08008c14   0x08008c14   0x00000004   PAD
    0x08008c18   0x08008c18   0x00000028   Data   RO         2781    .constdata          m_wv.l(sin_i.o)
    0x08008c40   0x08008c40   0x00000026   Data   RO         2823    .constdata          c_w.l(_printf_fp_hex.o)
    0x08008c66   0x08008c66   0x00000002   PAD
    0x08008c68   0x08008c68   0x00000094   Data   RO         2835    .constdata          c_w.l(bigflt0.o)
    0x08008cfc   0x08008cfc   0x00000010   Data   RO         2397    .rodata.D1CorePrescTable  system_stm32h7xx.o
    0x08008d0c   0x08008d0c   0x00000018   Data   RO         2333    .rodata.UARTPrescTable  stm32h7xx_hal_uart.o
    0x08008d24   0x08008d24   0x00000010   Data   RO         2384    .rodata.cst8        stm32h7xx_hal_uart_ex.o
    0x08008d34   0x08008d34   0x00000004   Data   RO         2487    .rodata.justFloatTail  vofa.o
    0x08008d38   0x08008d38   0x00000020   Data   RO         3078    Region$$Table       anon$$obj.o
    0x08008d58   0x08008d58   0x00000008   Data   RO         2869    c$$dinf             fz_wv.l(fpconst.o)
    0x08008d60   0x08008d60   0x00000008   Data   RO         2872    c$$dmax             fz_wv.l(fpconst.o)
    0x08008d68   0x08008d68   0x0000001c   Data   RO         2864    locale$$data        c_w.l(lc_numeric_c.o)
    0x08008d84   0x08008d84   0x00000110   Data   RO         2977    locale$$data        c_w.l(lc_ctype_c.o)


    Execution Region RW_IRAM1 (Exec base: 0x20000000, Load base: 0x08008e94, Size: 0x00000000, Max: 0x00020000, ABSOLUTE)

    **** No section assigned to this execution region ****


    Execution Region RW_IRAM2 (Exec base: 0x24000000, Load base: 0x08008e98, Size: 0x0000a7e0, Max: 0x00080000, ABSOLUTE, COMPRESSED[0x00008840])

    Exec Addr    Load Addr    Size         Type   Attr      Idx    E Section Name        Object

    0x24000000   COMPRESSED   0x00000008   Data   RW          956    .data..L_MergedGlobals  stm32h7xx_hal.o
    0x24000008   COMPRESSED   0x00000008   Data   RW         2398    .data..L_MergedGlobals  system_stm32h7xx.o
    0x24000010   COMPRESSED   0x00000080   Data   RW         2431    .data.fw_cb         fw.o
    0x24000090   COMPRESSED   0x00009c40   Data   RW           94    .data.sin_wave      main.o
    0x24009cd0        -       0x00000010   Zero   RW         2551    .bss                FW_LIB.lib(serial_rx.o)
    0x24009ce0        -       0x00000060   Zero   RW         2890    .bss                c_w.l(libspace.o)
    0x24009d40        -       0x00000038   Zero   RW           97    .bss..L_MergedGlobals  main.o
    0x24009d78        -       0x00000043   Zero   RW         2433    .bss..L_MergedGlobals  fw.o
    0x24009dbb   COMPRESSED   0x00000001   PAD
    0x24009dbc        -       0x00000034   Zero   RW           51    .bss.PID1_X         pid.o
    0x24009df0        -       0x00000034   Zero   RW           52    .bss.PID1_Y         pid.o
    0x24009e24        -       0x00000034   Zero   RW           53    .bss.PID2_X         pid.o
    0x24009e58        -       0x00000034   Zero   RW           54    .bss.PID2_Y         pid.o
    0x24009e8c        -       0x00000088   Zero   RW          129    .bss.hspi1          spi.o
    0x24009f14        -       0x00000088   Zero   RW          130    .bss.hspi2          spi.o
    0x24009f9c        -       0x0000004c   Zero   RW          167    .bss.htim2          tim.o
    0x24009fe8        -       0x0000004c   Zero   RW          168    .bss.htim3          tim.o
    0x2400a034        -       0x00000090   Zero   RW          187    .bss.huart1         usart.o
    0x2400a0c4        -       0x000000d8   Zero   RW           95    .bss.jSHandle       main.o
    0x2400a19c        -       0x00000040   Zero   RW         2432    .bss.rb             fw.o
    0x2400a1dc        -       0x00000004   Zero   RW          955    .bss.uwTick         stm32h7xx_hal.o
    0x2400a1e0        -       0x00000200   Zero   RW            2    HEAP                startup_stm32h750xx.o
    0x2400a3e0        -       0x00000400   Zero   RW            1    STACK               startup_stm32h750xx.o


==============================================================================

Image component sizes


      Code (inc. data)   RO Data    RW Data    ZI Data      Debug   Object Name

       160         12          0          0          0       2646   app_tle5012b.o
       100         16          0          0          0       2068   dwt.o
       664        164          0        128        131       3782   fw.o
       248         16          0          0          0       2996   gpio.o
        28          4          0          0          0       1273   js.o
       600         96          0      40000        272       5775   main.o
       136         12          0          0          0       1563   motor.o
       234          4          0          0        208       1686   pid.o
       434         32          0          0        272       8608   spi.o
        64         26        664          0       1536        816   startup_stm32h750xx.o
       192         24          0          8          4      14986   stm32h7xx_hal.o
       192         28          0          0          0      12195   stm32h7xx_hal_cortex.o
      1216        148          0          0          0      15412   stm32h7xx_hal_dma.o
       406         16          0          0          0       6881   stm32h7xx_hal_gpio.o
        36          4          0          0          0       2194   stm32h7xx_hal_msp.o
        82          4          0          0          0      10727   stm32h7xx_hal_pwr_ex.o
      2064         64          0          0          0      11449   stm32h7xx_hal_rcc.o
      2932        158          0          0          0      17986   stm32h7xx_hal_rcc_ex.o
      2280          4          0          0          0      23037   stm32h7xx_hal_spi.o
      2430        142          0          0          0      50659   stm32h7xx_hal_tim.o
       130          0          0          0          0      22646   stm32h7xx_hal_tim_ex.o
      3358        186         24          0          0      29730   stm32h7xx_hal_uart.o
       250          8         16          0          0      10033   stm32h7xx_hal_uart_ex.o
        40          4          0          0          0       1163   stm32h7xx_it.o
       188         40         16          8          0       5799   system_stm32h7xx.o
       832         72          0          0        152      12018   tim.o
       284         24          0          0        144      11423   usart.o
        88          4          4          0          0       4430   vofa.o

    ----------------------------------------------------------------------
     19710       1316        756      40144       2720     293981   Object Totals
         0          0         32          0          0          0   (incl. Generated)
        42          4          0          0          1          0   (incl. Padding)

    ----------------------------------------------------------------------

      Code (inc. data)   RO Data    RW Data    ZI Data      Debug   Library Member Name

       228          0          0          0          0       5155   ringbuff.o
       530         42          0          0         16       5041   serial_rx.o
        60          8          0          0          0         84   __0sscanf.o
       100          0          0          0          0          0   __dclz77c.o
         8          0          0          0          0         68   __main.o
       392          4         17          0          0         92   __printf_flags_ss_wp.o
        14          0          0          0          0         68   __printf_wp.o
         0          0          0          0          0          0   __rtentry.o
        12          0          0          0          0          0   __rtentry2.o
         6          0          0          0          0          0   __rtentry4.o
        52          8          0          0          0          0   __scatter.o
        28          0          0          0          0          0   __scatter_zi.o
        72          0          0          0          0         96   _c16rtomb.o
        28          0          0          0          0         68   _chval.o
         6          0          0          0          0          0   _printf_a.o
         6          0          0          0          0          0   _printf_c.o
        44          0          0          0          0        108   _printf_char.o
        48          6          0          0          0         96   _printf_char_common.o
        40          0          0          0          0         68   _printf_charcount.o
         6          0          0          0          0          0   _printf_d.o
       120         16          0          0          0         92   _printf_dec.o
         6          0          0          0          0          0   _printf_e.o
         6          0          0          0          0          0   _printf_f.o
      1052          0          0          0          0        148   _printf_fp_dec.o
       764          8         38          0          0        100   _printf_fp_hex.o
       128         16          0          0          0         84   _printf_fp_infnan.o
         6          0          0          0          0          0   _printf_g.o
       148          4         40          0          0        160   _printf_hex_int_ll_ptr.o
         6          0          0          0          0          0   _printf_i.o
       178          0          0          0          0         88   _printf_intcommon.o
        10          0          0          0          0          0   _printf_l.o
         6          0          0          0          0          0   _printf_lc.o
        10          0          0          0          0          0   _printf_ll.o
         6          0          0          0          0          0   _printf_lld.o
         6          0          0          0          0          0   _printf_lli.o
         6          0          0          0          0          0   _printf_llo.o
         6          0          0          0          0          0   _printf_llu.o
         6          0          0          0          0          0   _printf_llx.o
       124         16          0          0          0         92   _printf_longlong_dec.o
         6          0          0          0          0          0   _printf_ls.o
         6          0          0          0          0          0   _printf_n.o
         6          0          0          0          0          0   _printf_o.o
       112          8          0          0          0        124   _printf_oct_int_ll.o
         6          0          0          0          0          0   _printf_p.o
        78          0          0          0          0        108   _printf_pad.o
         0          0          0          0          0          0   _printf_percent.o
         4          0          0          0          0          0   _printf_percent_end.o
         6          0          0          0          0          0   _printf_s.o
        82          0          0          0          0         80   _printf_str.o
        36          0          0          0          0         84   _printf_truncate.o
         6          0          0          0          0          0   _printf_u.o
        44          0          0          0          0        108   _printf_wchar.o
       188          6          8          0          0         92   _printf_wctomb.o
         6          0          0          0          0          0   _printf_x.o
        22          0          0          0          0        100   _rserrno.o
       884          6          0          0          0        100   _scanf.o
        64          0          0          0          0         84   _sgetc.o
        16          0          0          0          0         68   _snputc.o
        10          0          0          0          0         68   _sputc.o
       228          4        148          0          0         96   bigflt0.o
      2152        136          0          0          0        960   btod.o
        18          0          0          0          0         80   exit.o
         6          0          0          0          0        152   heapauxi.o
         0          0          0          0          0          0   indicate_semi.o
        18          0          0          0          0         76   isspace.o
        44         10        272          0          0         76   lc_ctype_c.o
        44         10         28          0          0         76   lc_numeric_c.o
         2          0          0          0          0          0   libinit.o
        34          0          0          0          0          0   libinit2.o
         2          0          0          0          0          0   libshutdown.o
         2          0          0          0          0          0   libshutdown2.o
         8          4          0          0         96         68   libspace.o
        38          0          0          0          0         68   llshl.o
       138          0          0          0          0         80   lludiv10.o
       240          0          0          0          0        100   lludivv7m.o
        16          4          0          0          0         76   rt_ctype_table.o
         8          4          0          0          0         68   rt_errno_addr_intlibspace.o
         8          4          0          0          0         68   rt_locale_intlibspace.o
        68          0          0          0          0         68   rt_memclr.o
        78          0          0          0          0         80   rt_memclr_w.o
       138          0          0          0          0         68   rt_memcpy_v6.o
       100          0          0          0          0         80   rt_memcpy_w.o
         2          0          0          0          0          0   rtexit.o
        10          0          0          0          0          0   rtexit2.o
        44          8          0          0          0         84   scanf_char.o
      1272         16          0          0          0        168   scanf_fp.o
       800         14          0          0          0        100   scanf_hexfp.o
       308         16          0          0          0        100   scanf_infnan.o
       124          0          0          0          0         88   strcmpv7m_pel.o
        12          4          0          0          0         68   sys_exit.o
        74          0          0          0          0         80   sys_stackheap_outer.o
         2          0          0          0          0         68   use_no_semi.o
        52          4          0          0          0         80   vsnprintf.o
        16          4          0          0          0        116   dcheck1.o
         0          0         16          0          0          0   fpconst.o
        26          0          0          0          0        116   fpinit.o
         6          0          0          0          0        116   istatus.o
         4          0          0          0          0        116   printf1.o
         4          0          0          0          0        116   printf2.o
       100          0          0          0          0        116   retnan.o
        92          0          0          0          0        116   scalbn.o
         4          0          0          0          0        116   scanf1.o
         8          0          0          0          0        132   scanf2.o
        48          0          0          0          0        116   trapv.o
         0          0          0          0          0          0   usenofp.o
       468         66        152          0          0        224   atan.o
       176         18          0          0          0        156   cos.o
       196         14         48          0          0        176   cos_i.o
        78         42          0          0          0        464   dunder.o
        24          0          0          0          0        124   fabs.o
        48          0          0          0          0        124   fpclassify.o
       140         22          0          0          0        128   frexp.o
       166          0          0          0          0        148   ldexp.o
       214         10          0          0          0        292   narrow.o
       112          0          0          0          0        116   poly.o
       776        130        204          0          0        172   rred.o
       176         18          0          0          0        160   sin.o
       160         16         40          0          0        196   sin_i.o

    ----------------------------------------------------------------------
     15010        730       1024          0        112      19556   Library Totals
        22          4         13          0          0          0   (incl. Padding)

    ----------------------------------------------------------------------

      Code (inc. data)   RO Data    RW Data    ZI Data      Debug   Library Name

       758         42          0          0         16      10196   FW_LIB.lib
     11188        344        551          0         96       5704   c_w.l
       308          4         16          0          0       1176   fz_wv.l
      2734        336        444          0          0       2480   m_wv.l

    ----------------------------------------------------------------------
     15010        730       1024          0        112      19556   Library Totals

    ----------------------------------------------------------------------

==============================================================================


      Code (inc. data)   RO Data    RW Data    ZI Data      Debug   

     34720       2046       1780      40144       2832     307189   Grand Totals
     34720       2046       1780      34880       2832     307189   ELF Image Totals (compressed)
     34720       2046       1780      34880          0          0   ROM Totals

==============================================================================

    Total RO  Size (Code + RO Data)                36500 (  35.64kB)
    Total RW  Size (RW Data + ZI Data)             42976 (  41.97kB)
    Total ROM Size (Code + RO Data + RW Data)      71380 (  69.71kB)

==============================================================================

